2017-02-21 23:29:38 DEBUG: sessionkey = >4fd57421f0a68e118ea80cd68be3ddb0b134c7711802ed2497d6b8be
2017-02-21 23:29:38 DEBUG: hashkey = >5f023d3fb1a18e4b130d763394fd05e369646c307f70b536e0b10822
2017-02-21 23:29:38 INFO: SHOW VARIABLES LIKE 'sql_mode'
2017-02-21 23:29:38 INFO: {}
2017-02-21 23:29:38 INFO: SELECT DATABASE()
2017-02-21 23:29:38 INFO: {}
2017-02-21 23:29:38 INFO: show collation where `Charset` = 'utf8' and `Collation` = 'utf8_bin'
2017-02-21 23:29:38 INFO: {}
2017-02-21 23:29:38 INFO: SELECT CAST('test plain returns' AS CHAR(60)) AS anon_1
2017-02-21 23:29:38 INFO: {}
2017-02-21 23:29:38 INFO: SELECT CAST('test unicode returns' AS CHAR(60)) AS anon_1
2017-02-21 23:29:38 INFO: {}
2017-02-21 23:29:38 INFO: SELECT CAST('test collated returns' AS CHAR CHARACTER SET utf8) COLLATE utf8_bin AS anon_1
2017-02-21 23:29:38 INFO: {}
2017-02-21 23:29:38 INFO: SELECT * FROM USERACCOUNT WHERE user_hashkey = %(p0)s 
2017-02-21 23:29:38 INFO: {'p0': '5f023d3fb1a18e4b130d763394fd05e369646c307f70b536e0b10822'}
2017-02-21 23:29:38 INFO: COMMIT
2017-02-21 23:29:38 INFO: checkValidAccesToken
2017-02-21 23:29:38 INFO: SELECT * FROM USERACCOUNT WHERE access_token = %(p0)s 
2017-02-21 23:29:38 INFO: {'p0': 'ya29.GmT5A2Tx2S6f1iWZxBRwhx-53bBZxWPxPeGb1LfbYY5cy-7JKwGVq6QiwBxKXlX1Dbbyy6ABAvyWSKj3S4-_UE2158IvN1OLgJ8Aa79t5Ly7Kqsphnl20hI6RCa8QU_yI0EPLY8q'}
2017-02-21 23:29:38 INFO: COMMIT
2017-02-21 23:29:38 DEBUG: [{'user_hashkey': '5f023d3fb1a18e4b130d763394fd05e369646c307f70b536e0b10822', 'login_platform': 'google', 'user_id': 'cpg0504@gmail.com', 'google_expire_time': '2017-02-22 00:12:29', 'is_active': 1, 'refresh_token': None, 'caldav_homeset': None, 'create_datetime': '2017-02-21 23:15:47', 'subject': '100309767722512756707', 'access_token': 'ya29.GmT5A2Tx2S6f1iWZxBRwhx-53bBZxWPxPeGb1LfbYY5cy-7JKwGVq6QiwBxKXlX1Dbbyy6ABAvyWSKj3S4-_UE2158IvN1OLgJ8Aa79t5Ly7Kqsphnl20hI6RCa8QU_yI0EPLY8q', 'account_hashkey': '121b24aa0f5d4272db80dcd9052742dc4aa14af68373a9a5a62ad82f'}]
2017-02-21 23:29:38 INFO: valid date
2017-02-21 23:29:38 DEBUG: newor notNone
2017-02-21 23:29:38 INFO: 61.43.139.4 - - [21/Feb/2017 23:29:38] "POST /v1.0/sync HTTP/1.1" 500 -
2017-02-21 23:30:41 INFO:  * Detected change in '/shared/manager/network_manager.py', reloading
2017-02-21 23:30:41 INFO:  * Restarting with stat
2017-02-21 23:30:41 DEBUG: currentServerTime=>2017-02-21 23:30:41.884410
2017-02-21 23:30:41 WARNING:  * Debugger is active!
2017-02-21 23:30:41 INFO:  * Debugger pin code: 263-167-387
2017-02-21 23:31:13 INFO:  * Detected change in '/shared/manager/network_manager.py', reloading
2017-02-21 23:31:13 INFO:  * Restarting with stat
2017-02-21 23:31:13 DEBUG: currentServerTime=>2017-02-21 23:31:13.469591
2017-02-21 23:31:13 WARNING:  * Debugger is active!
2017-02-21 23:31:13 INFO:  * Debugger pin code: 263-167-387
2017-02-21 23:31:24 INFO:  * Detected change in '/shared/manager/network_manager.py', reloading
2017-02-21 23:31:24 INFO:  * Restarting with stat
2017-02-21 23:31:25 DEBUG: currentServerTime=>2017-02-21 23:31:25.659761
2017-02-21 23:31:25 INFO:  * Running on https://0.0.0.0:55566/ (Press CTRL+C to quit)
2017-02-21 23:31:25 INFO:  * Restarting with stat
2017-02-21 23:31:25 DEBUG: currentServerTime=>2017-02-21 23:31:25.952993
2017-02-21 23:31:25 WARNING:  * Debugger is active!
2017-02-21 23:31:25 INFO:  * Debugger pin code: 263-167-387
2017-02-21 23:31:30 DEBUG: sessionkey = >4fd57421f0a68e118ea80cd68be3ddb0b134c7711802ed2497d6b8be
2017-02-21 23:31:30 DEBUG: hashkey = >5f023d3fb1a18e4b130d763394fd05e369646c307f70b536e0b10822
2017-02-21 23:31:30 INFO: SHOW VARIABLES LIKE 'sql_mode'
2017-02-21 23:31:30 INFO: {}
2017-02-21 23:31:30 INFO: SELECT DATABASE()
2017-02-21 23:31:30 INFO: {}
2017-02-21 23:31:30 INFO: show collation where `Charset` = 'utf8' and `Collation` = 'utf8_bin'
2017-02-21 23:31:30 INFO: {}
2017-02-21 23:31:30 INFO: SELECT CAST('test plain returns' AS CHAR(60)) AS anon_1
2017-02-21 23:31:30 INFO: {}
2017-02-21 23:31:30 INFO: SELECT CAST('test unicode returns' AS CHAR(60)) AS anon_1
2017-02-21 23:31:30 INFO: {}
2017-02-21 23:31:30 INFO: SELECT CAST('test collated returns' AS CHAR CHARACTER SET utf8) COLLATE utf8_bin AS anon_1
2017-02-21 23:31:30 INFO: {}
2017-02-21 23:31:30 INFO: SELECT * FROM USERACCOUNT WHERE user_hashkey = %(p0)s 
2017-02-21 23:31:30 INFO: {'p0': '5f023d3fb1a18e4b130d763394fd05e369646c307f70b536e0b10822'}
2017-02-21 23:31:30 INFO: COMMIT
2017-02-21 23:31:30 INFO: checkValidAccesToken
2017-02-21 23:31:30 INFO: SELECT * FROM USERACCOUNT WHERE access_token = %(p0)s 
2017-02-21 23:31:30 INFO: {'p0': 'ya29.GmT5A2Tx2S6f1iWZxBRwhx-53bBZxWPxPeGb1LfbYY5cy-7JKwGVq6QiwBxKXlX1Dbbyy6ABAvyWSKj3S4-_UE2158IvN1OLgJ8Aa79t5Ly7Kqsphnl20hI6RCa8QU_yI0EPLY8q'}
2017-02-21 23:31:30 INFO: COMMIT
2017-02-21 23:31:30 DEBUG: [{'account_hashkey': '121b24aa0f5d4272db80dcd9052742dc4aa14af68373a9a5a62ad82f', 'access_token': 'ya29.GmT5A2Tx2S6f1iWZxBRwhx-53bBZxWPxPeGb1LfbYY5cy-7JKwGVq6QiwBxKXlX1Dbbyy6ABAvyWSKj3S4-_UE2158IvN1OLgJ8Aa79t5Ly7Kqsphnl20hI6RCa8QU_yI0EPLY8q', 'create_datetime': '2017-02-21 23:15:47', 'login_platform': 'google', 'subject': '100309767722512756707', 'user_id': 'cpg0504@gmail.com', 'is_active': 1, 'user_hashkey': '5f023d3fb1a18e4b130d763394fd05e369646c307f70b536e0b10822', 'caldav_homeset': None, 'google_expire_time': '2017-02-22 00:12:29', 'refresh_token': None}]
2017-02-21 23:31:30 INFO: valid date
2017-02-21 23:31:30 DEBUG: newacces=>None
2017-02-21 23:31:30 INFO: Starting new HTTPS connection (1): www.googleapis.com
2017-02-21 23:31:30 DEBUG: "GET /calendar/v3/users/me/calendarList HTTP/1.1" 200 2536
2017-02-21 23:31:30 DEBUG: calendarList=>{'etag': '"p32c83vnpt6fd40g"', 'items': [{'defaultReminders': [{'minutes': 30, 'method': 'popup'}], 'selected': True, 'primary': True, 'foregroundColor': '#000000', 'notificationSettings': {'notifications': [{'type': 'eventCreation', 'method': 'email'}, {'type': 'eventChange', 'method': 'email'}, {'type': 'eventCancellation', 'method': 'email'}, {'type': 'eventResponse', 'method': 'email'}]}, 'timeZone': 'Asia/Seoul', 'accessRole': 'owner', 'summary': 'cpg0504@gmail.com', 'colorId': '17', 'etag': '"1484739563010000"', 'id': 'cpg0504@gmail.com', 'backgroundColor': '#9a9cff', 'kind': 'calendar#calendarListEntry'}, {'defaultReminders': [], 'selected': True, 'foregroundColor': '#000000', 'timeZone': 'Asia/Seoul', 'accessRole': 'owner', 'description': '유니톤행사를 위한 일정관리 캘린더입니다.\n각 파트별로 일정 기입해주시면 됩니다.\n근사한 파티를 벌여보자 구욧', 'summary': '유니톤', 'colorId': '16', 'etag': '"1484888300467000"', 'id': '6bku0pgm84k5h5a4bcoahntp78@group.calendar.google.com', 'backgroundColor': '#4986e7', 'kind': 'calendar#calendarListEntry'}, {'etag': '"1485166157330000"', 'selected': True, 'id': 'm8am4m7vmd27251vlnkai28tv8@group.calendar.google.com', 'foregroundColor': '#000000', 'backgroundColor': '#fa573c', 'timeZone': 'Asia/Seoul', 'kind': 'calendar#calendarListEntry', 'summary': 'test', 'colorId': '4', 'accessRole': 'owner', 'defaultReminders': []}, {'etag': '"1484882992781000"', 'selected': True, 'id': '#contacts@group.v.calendar.google.com', 'foregroundColor': '#000000', 'backgroundColor': '#9a9cff', 'timeZone': 'Asia/Seoul', 'kind': 'calendar#calendarListEntry', 'summary': 'Contacts', 'colorId': '17', 'accessRole': 'reader', 'defaultReminders': []}, {'etag': '"1453202521138000"', 'selected': True, 'id': 'ko.south_korea#holiday@group.v.calendar.google.com', 'foregroundColor': '#000000', 'backgroundColor': '#9a9cff', 'timeZone': 'Asia/Seoul', 'kind': 'calendar#calendarListEntry', 'summary': '대한민국의 휴일', 'colorId': '17', 'accessRole': 'reader', 'defaultReminders': []}], 'kind': 'calendar#calendarList', 'nextSyncToken': 'CJiB_vnpntICEhFjcGcwNTA0QGdtYWlsLmNvbQ=='}
2017-02-21 23:31:30 DEBUG: channl=> ['70bf54c8f2c8d68be2cb9442607b52ea4c8bec727a17f0b30afeae70', '90390f963694bf9aca65f36b411578d160dc2a2a0c1082f3f7a79c8f', 'ad36b42b7c8312a8e1cc1e98f6feaa6d90000fccae94db2bd830c3a1', 'f0623589908601f061095f81396d313891855cba82621009f3ae03dd', '3aec75b2a534fb477e932e481831c8c4e01af20dd9a4ab8e6cf0b3e9']
2017-02-21 23:31:30 INFO: INSERT INTO CALENDAR (calendar_hashkey,account_hashkey,calendar_id,calendar_name,google_channel_id) values ("466561a44ac70a3e589c57c445f8be0b5ef56039afdfb7a1edcb831a","121b24aa0f5d4272db80dcd9052742dc4aa14af68373a9a5a62ad82f","cpg0504@gmail.com","cpg0504@gmail.com","70bf54c8f2c8d68be2cb9442607b52ea4c8bec727a17f0b30afeae70"),("6e7869205f777c1f2ce17bee1088b9cb3f87b991f54b22dbb0626196","121b24aa0f5d4272db80dcd9052742dc4aa14af68373a9a5a62ad82f","6bku0pgm84k5h5a4bcoahntp78@group.calendar.google.com","유니톤","90390f963694bf9aca65f36b411578d160dc2a2a0c1082f3f7a79c8f"),("0ad93e367450231b638d8cd5f6a264c99a8d3f672561b17ae2353231","121b24aa0f5d4272db80dcd9052742dc4aa14af68373a9a5a62ad82f","m8am4m7vmd27251vlnkai28tv8@group.calendar.google.com","test","ad36b42b7c8312a8e1cc1e98f6feaa6d90000fccae94db2bd830c3a1"),("96a2876d9f26bb7e3370fa952d26e8bedc5ccedfe0205084ca8df1bc","121b24aa0f5d4272db80dcd9052742dc4aa14af68373a9a5a62ad82f","#contacts@group.v.calendar.google.com","Contacts","f0623589908601f061095f81396d313891855cba82621009f3ae03dd"),("2cb5f5fd2c016341a151d760c494ebe07446a1975c29ddcab04d7fed","121b24aa0f5d4272db80dcd9052742dc4aa14af68373a9a5a62ad82f","ko.south_korea#holiday@group.v.calendar.google.com","대한민국의 휴일","3aec75b2a534fb477e932e481831c8c4e01af20dd9a4ab8e6cf0b3e9")
2017-02-21 23:31:30 INFO: {}
2017-02-21 23:31:30 INFO: COMMIT
2017-02-21 23:31:30 DEBUG: calender id =>cpg0504@gmail.com
2017-02-21 23:31:30 INFO: checkValidAccesToken
2017-02-21 23:31:30 INFO: SELECT * FROM USERACCOUNT WHERE access_token = %(p0)s 
2017-02-21 23:31:30 INFO: {'p0': 'ya29.GmT5A2Tx2S6f1iWZxBRwhx-53bBZxWPxPeGb1LfbYY5cy-7JKwGVq6QiwBxKXlX1Dbbyy6ABAvyWSKj3S4-_UE2158IvN1OLgJ8Aa79t5Ly7Kqsphnl20hI6RCa8QU_yI0EPLY8q'}
2017-02-21 23:31:30 INFO: COMMIT
2017-02-21 23:31:30 DEBUG: [{'account_hashkey': '121b24aa0f5d4272db80dcd9052742dc4aa14af68373a9a5a62ad82f', 'access_token': 'ya29.GmT5A2Tx2S6f1iWZxBRwhx-53bBZxWPxPeGb1LfbYY5cy-7JKwGVq6QiwBxKXlX1Dbbyy6ABAvyWSKj3S4-_UE2158IvN1OLgJ8Aa79t5Ly7Kqsphnl20hI6RCa8QU_yI0EPLY8q', 'create_datetime': '2017-02-21 23:15:47', 'login_platform': 'google', 'subject': '100309767722512756707', 'user_id': 'cpg0504@gmail.com', 'is_active': 1, 'user_hashkey': '5f023d3fb1a18e4b130d763394fd05e369646c307f70b536e0b10822', 'caldav_homeset': None, 'google_expire_time': '2017-02-22 00:12:29', 'refresh_token': None}]
2017-02-21 23:31:30 INFO: valid date
2017-02-21 23:31:30 DEBUG: newacces=>None
2017-02-21 23:31:30 INFO: Starting new HTTPS connection (1): www.googleapis.com
2017-02-21 23:31:34 DEBUG: "POST /calendar/v3/calendars/cpg0504@gmail.com/events/watch HTTP/1.1" 200 None
2017-02-21 23:31:34 DEBUG: calender id =>6bku0pgm84k5h5a4bcoahntp78@group.calendar.google.com
2017-02-21 23:31:34 INFO: checkValidAccesToken
2017-02-21 23:31:34 INFO: SELECT * FROM USERACCOUNT WHERE access_token = %(p0)s 
2017-02-21 23:31:34 INFO: {'p0': 'ya29.GmT5A2Tx2S6f1iWZxBRwhx-53bBZxWPxPeGb1LfbYY5cy-7JKwGVq6QiwBxKXlX1Dbbyy6ABAvyWSKj3S4-_UE2158IvN1OLgJ8Aa79t5Ly7Kqsphnl20hI6RCa8QU_yI0EPLY8q'}
2017-02-21 23:31:34 INFO: COMMIT
2017-02-21 23:31:34 DEBUG: [{'account_hashkey': '121b24aa0f5d4272db80dcd9052742dc4aa14af68373a9a5a62ad82f', 'access_token': 'ya29.GmT5A2Tx2S6f1iWZxBRwhx-53bBZxWPxPeGb1LfbYY5cy-7JKwGVq6QiwBxKXlX1Dbbyy6ABAvyWSKj3S4-_UE2158IvN1OLgJ8Aa79t5Ly7Kqsphnl20hI6RCa8QU_yI0EPLY8q', 'create_datetime': '2017-02-21 23:15:47', 'login_platform': 'google', 'subject': '100309767722512756707', 'user_id': 'cpg0504@gmail.com', 'is_active': 1, 'user_hashkey': '5f023d3fb1a18e4b130d763394fd05e369646c307f70b536e0b10822', 'caldav_homeset': None, 'google_expire_time': '2017-02-22 00:12:29', 'refresh_token': None}]
2017-02-21 23:31:34 INFO: valid date
2017-02-21 23:31:34 DEBUG: newacces=>None
2017-02-21 23:31:34 INFO: Starting new HTTPS connection (1): www.googleapis.com
2017-02-21 23:31:36 INFO: watch
2017-02-21 23:31:36 INFO: Accept: */*
X-Goog-Channel-Expiration: Tue, 28 Feb 2017 14:31:30 GMT
X-Goog-Resource-State: sync
Content-Length: 0
X-Goog-Message-Number: 1
X-Goog-Channel-Id: 70bf54c8f2c8d68be2cb9442607b52ea4c8bec727a17f0b30afeae70
Connection: Keep-alive
Content-Type: 
Host: ssoma.xyz:55566
Accept-Encoding: gzip,deflate,br
User-Agent: APIs-Google; (+https://developers.google.com/webmasters/APIs-Google.html)
X-Goog-Resource-Id: ys7KYKezacLOGhMhcOqVHeR2W28
X-Goog-Resource-Uri: https://www.googleapis.com/calendar/v3/calendars/cpg0504@gmail.com/events?maxResults=250&alt=json


2017-02-21 23:31:36 INFO: SELECT access_token,CALENDAR.account_hashkey from CALENDAR INNER JOIN USERACCOUNT on CALENDAR.account_hashkey = USERACCOUNT.account_hashkey WHERE CALENDAR.google_channel_id = %(p0)s
2017-02-21 23:31:36 INFO: {'p0': '70bf54c8f2c8d68be2cb9442607b52ea4c8bec727a17f0b30afeae70'}
2017-02-21 23:31:36 INFO: COMMIT
2017-02-21 23:31:36 INFO: SELECT * FROM CALENDAR WHERE google_channel_id = %(p0)s
2017-02-21 23:31:36 INFO: {'p0': '70bf54c8f2c8d68be2cb9442607b52ea4c8bec727a17f0b30afeae70'}
2017-02-21 23:31:36 INFO: COMMIT
2017-02-21 23:31:36 DEBUG: calender id =>[{'account_hashkey': '121b24aa0f5d4272db80dcd9052742dc4aa14af68373a9a5a62ad82f', 'google_synctoken': None, 'calendar_name': 'cpg0504@gmail.com', 'caldav_calendar_url': None, 'google_push_complete': 0, 'calendar_hashkey': '466561a44ac70a3e589c57c445f8be0b5ef56039afdfb7a1edcb831a', 'calendar_id': 'cpg0504@gmail.com', 'google_channel_id': '70bf54c8f2c8d68be2cb9442607b52ea4c8bec727a17f0b30afeae70', 'caldav_ctag': None}]
2017-02-21 23:31:36 INFO: UPDATE CALENDAR SET google_push_complete = 1 WHERE google_channel_id = %(p0)s
2017-02-21 23:31:36 INFO: {'p0': '70bf54c8f2c8d68be2cb9442607b52ea4c8bec727a17f0b30afeae70'}
2017-02-21 23:31:36 INFO: COMMIT
2017-02-21 23:31:36 INFO: checkValidAccesToken
2017-02-21 23:31:36 INFO: SELECT * FROM USERACCOUNT WHERE access_token = %(p0)s 
2017-02-21 23:31:36 INFO: {'p0': 'ya29.GmT5A2Tx2S6f1iWZxBRwhx-53bBZxWPxPeGb1LfbYY5cy-7JKwGVq6QiwBxKXlX1Dbbyy6ABAvyWSKj3S4-_UE2158IvN1OLgJ8Aa79t5Ly7Kqsphnl20hI6RCa8QU_yI0EPLY8q'}
2017-02-21 23:31:36 INFO: COMMIT
2017-02-21 23:31:36 DEBUG: [{'account_hashkey': '121b24aa0f5d4272db80dcd9052742dc4aa14af68373a9a5a62ad82f', 'access_token': 'ya29.GmT5A2Tx2S6f1iWZxBRwhx-53bBZxWPxPeGb1LfbYY5cy-7JKwGVq6QiwBxKXlX1Dbbyy6ABAvyWSKj3S4-_UE2158IvN1OLgJ8Aa79t5Ly7Kqsphnl20hI6RCa8QU_yI0EPLY8q', 'create_datetime': '2017-02-21 23:15:47', 'login_platform': 'google', 'subject': '100309767722512756707', 'user_id': 'cpg0504@gmail.com', 'is_active': 1, 'user_hashkey': '5f023d3fb1a18e4b130d763394fd05e369646c307f70b536e0b10822', 'caldav_homeset': None, 'google_expire_time': '2017-02-22 00:12:29', 'refresh_token': None}]
2017-02-21 23:31:36 INFO: valid date
2017-02-21 23:31:36 DEBUG: newacces=>None
2017-02-21 23:31:36 INFO: Starting new HTTPS connection (1): www.googleapis.com
2017-02-21 23:31:37 DEBUG: "GET /calendar/v3/calendars/cpg0504%40gmail.com/events?maxResults=10 HTTP/1.1" 200 10739
2017-02-21 23:31:37 DEBUG: ress=>{'etag': '"p32c83vnpt6fd40g"', 'updated': '2017-02-20T13:55:54.447Z', 'items': [{'htmlLink': 'https://www.google.com/calendar/event?eid=N3ZoMG1tcDlkcTZuNjkyaWE1MmlqMWkwazAgY3BnMDUwNEBt', 'updated': '2013-09-23T10:49:47.719Z', 'start': {'date': '2013-10-21'}, 'organizer': {'displayName': 'Choi yenos', 'email': 'cpg0504@gmail.com', 'self': True}, 'end': {'date': '2013-10-22'}, 'iCalUID': '7vh0mmp9dq6n692ia52ij1i0k0@google.com', 'reminders': {'useDefault': False}, 'summary': '지급요청서제출', 'status': 'confirmed', 'created': '2013-09-23T10:49:47.000Z', 'etag': '"2759866775438000"', 'sequence': 0, 'id': '7vh0mmp9dq6n692ia52ij1i0k0', 'creator': {'displayName': 'Choi yenos', 'email': 'cpg0504@gmail.com', 'self': True}, 'kind': 'calendar#event', 'transparency': 'transparent'}, {'htmlLink': 'https://www.google.com/calendar/event?eid=b3ZuZGcwZ2Fqczc2ajRvYzZ1bDVib20zNmcgY3BnMDUwNEBt', 'updated': '2013-09-23T10:50:06.000Z', 'start': {'date': '2013-09-23'}, 'organizer': {'displayName': 'Choi yenos', 'email': 'cpg0504@gmail.com', 'self': True}, 'end': {'date': '2013-09-24'}, 'iCalUID': 'ovndg0gajs76j4oc6ul5bom36g@google.com', 'reminders': {'useDefault': False}, 'summary': '회의', 'status': 'confirmed', 'created': '2013-09-23T10:50:05.000Z', 'etag': '"2759866812000000"', 'sequence': 0, 'id': 'ovndg0gajs76j4oc6ul5bom36g', 'creator': {'displayName': 'Choi yenos', 'email': 'cpg0504@gmail.com', 'self': True}, 'kind': 'calendar#event', 'transparency': 'transparent'}, {'htmlLink': 'https://www.google.com/calendar/event?eid=OGtsampxMW51bmo1dXZ2dDZham5xOWtvM2MgY3BnMDUwNEBt', 'updated': '2013-09-23T10:52:04.571Z', 'start': {'date': '2013-09-30'}, 'organizer': {'displayName': 'Choi yenos', 'email': 'cpg0504@gmail.com', 'self': True}, 'end': {'date': '2013-10-01'}, 'iCalUID': '8kljjq1nunj5uvvt6ajnq9ko3c@google.com', 'reminders': {'useDefault': False}, 'summary': '회의', 'status': 'confirmed', 'created': '2013-09-23T10:52:04.000Z', 'etag': '"2759867049142000"', 'sequence': 0, 'id': '8kljjq1nunj5uvvt6ajnq9ko3c', 'creator': {'displayName': 'Choi yenos', 'email': 'cpg0504@gmail.com', 'self': True}, 'kind': 'calendar#event', 'transparency': 'transparent'}, {'htmlLink': 'https://www.google.com/calendar/event?eid=MjdjZmc0Z3EzMWQ2OWpmamJmZTRyN2UybXMgY3BnMDUwNEBt', 'updated': '2013-09-23T11:00:14.785Z', 'start': {'date': '2013-09-23'}, 'organizer': {'displayName': 'Choi yenos', 'email': 'cpg0504@gmail.com', 'self': True}, 'end': {'date': '2013-09-26'}, 'iCalUID': '27cfg4gq31d69jfjbfe4r7e2ms@google.com', 'reminders': {'useDefault': False}, 'summary': '[안드로이드]2-1-4엔딩', 'status': 'confirmed', 'created': '2013-09-23T10:59:20.000Z', 'etag': '"2759868029570000"', 'sequence': 0, 'id': '27cfg4gq31d69jfjbfe4r7e2ms', 'creator': {'displayName': 'Choi yenos', 'email': 'cpg0504@gmail.com', 'self': True}, 'kind': 'calendar#event', 'transparency': 'transparent'}, {'htmlLink': 'https://www.google.com/calendar/event?eid=cDF2bDRidDducTh2bGhoczU5MjZhNW1tMDAgY3BnMDUwNEBt', 'updated': '2013-09-23T11:05:44.558Z', 'start': {'date': '2013-09-26'}, 'organizer': {'displayName': 'Choi yenos', 'email': 'cpg0504@gmail.com', 'self': True}, 'end': {'date': '2013-10-03'}, 'iCalUID': 'p1vl4bt7nq8vlhhs5926a5mm00@google.com', 'reminders': {'useDefault': False}, 'summary': '[안드로이드]3,4,5,6View', 'status': 'confirmed', 'created': '2013-09-23T11:05:29.000Z', 'etag': '"2759868689116000"', 'sequence': 0, 'id': 'p1vl4bt7nq8vlhhs5926a5mm00', 'creator': {'displayName': 'Choi yenos', 'email': 'cpg0504@gmail.com', 'self': True}, 'kind': 'calendar#event', 'transparency': 'transparent'}, {'htmlLink': 'https://www.google.com/calendar/event?eid=N3AybTgzbGVhNDJyaXNqYWFiaDFrNnNrczAgY3BnMDUwNEBt', 'updated': '2013-10-28T12:43:19.963Z', 'start': {'date': '2013-11-30'}, 'organizer': {'displayName': '이준영', 'email': 'junyoung.plum@gmail.com'}, 'end': {'date': '2013-12-02'}, 'iCalUID': '7p2m83lea42risjaabh1k6sks0@google.com', 'location': '부산', 'summary': '최평강 부산', 'status': 'confirmed', 'created': '2013-10-28T12:43:19.000Z', 'etag': '"2765928399926000"', 'sequence': 0, 'id': '7p2m83lea42risjaabh1k6sks0', 'attendees': [{'displayName': 'Choi yenos', 'responseStatus': 'needsAction', 'email': 'cpg0504@gmail.com', 'self': True}, {'displayName': '이준영', 'responseStatus': 'accepted', 'email': 'junyoung.plum@gmail.com', 'organizer': True}], 'reminders': {'useDefault': False}, 'creator': {'displayName': '이준영', 'email': 'junyoung.plum@gmail.com'}, 'kind': 'calendar#event'}, {'htmlLink': 'https://plus.google.com/events/coo5dvq220vm0oc408c4d98j1nk', 'updated': '2015-09-20T11:07:38.428Z', 'start': {'dateTime': '2015-09-20T20:00:00+09:00'}, 'organizer': {'displayName': 'Toby Lee', 'id': '108466558467124953919'}, 'end': {'dateTime': '2015-09-20T21:00:00+09:00'}, 'iCalUID': 'oo5dvq220vm0oc408c4d98j1nk@google.com', 'reminders': {'useDefault': True}, 'summary': '토비의 봄  (1) - 조영호 님', 'status': 'confirmed', 'created': '2015-09-20T01:20:53.000Z', 'etag': '"2885494516856000"', 'sequence': 0, 'id': 'oo5dvq220vm0oc408c4d98j1nk', 'attendeesOmitted': True, 'attendees': [{'displayName': 'Toby Lee', 'responseStatus': 'accepted', 'id': '108466558467124953919', 'organizer': True}, {'displayName': 'Choi yenos', 'responseStatus': 'accepted', 'id': '100309767722512756707', 'self': True}], 'creator': {'displayName': 'Toby Lee', 'id': '108466558467124953919'}, 'kind': 'calendar#event', 'locked': True}, {'htmlLink': 'https://www.google.com/calendar/event?eid=YWM4OHBsZzQ4aGwyaW5pZGx0Z2dqYjNwMW8gY3BnMDUwNEBt', 'updated': '2016-01-19T11:21:32.700Z', 'start': {'dateTime': '2016-01-19T20:30:00+09:00'}, 'organizer': {'displayName': 'Choi yenos', 'email': 'cpg0504@gmail.com', 'self': True}, 'end': {'dateTime': '2016-01-19T21:30:00+09:00'}, 'iCalUID': 'ac88plg48hl2inidltggjb3p1o@google.com', 'reminders': {'useDefault': True}, 'summary': 'ㅆ', 'status': 'confirmed', 'created': '2016-01-19T11:21:32.000Z', 'etag': '"2906404985400000"', 'sequence': 0, 'id': 'ac88plg48hl2inidltggjb3p1o', 'creator': {'displayName': 'Choi yenos', 'email': 'cpg0504@gmail.com', 'self': True}, 'kind': 'calendar#event'}, {'htmlLink': 'https://www.google.com/calendar/event?eid=XzV0cW1zcWJrZDFubXNjaGc2NHIydSBjcGcwNTA0QG0', 'updated': '2016-02-10T11:02:19.084Z', 'start': {'dateTime': '2016-02-11T19:00:00+09:00'}, 'privateCopy': True, 'organizer': {'displayName': 'Webinars AWS', 'email': 'aws-webcasts@amazon.com'}, 'end': {'dateTime': '2016-02-11T22:00:00+09:00'}, 'iCalUID': '/unithon2016/', 'description': 'Unithon 참가자와 함께하는 AWS 세미나에 등록되었음을 확인합니다. 귀하의 참여를 기대합니다.\n\n이벤트: Unithon 참가자와 함께하는 AWS 세미나\n설명: AWS코리아에서는 대학생 연합 동아리 해커톤인 ‘유니톤’ 2기를 지원하는 의미에서  온라인 세미나를 마련하였습니다. 아마존 웹 서비스와 클라우드 컴퓨팅에 대한 소개와 AWS Activate 가입 방법 및 크레딧 활용 방법에 대해 알려드립니다. \n\n여러분의 많은 참여 바랍니다.\n\n주최자: AWS Webinars\n시간: 2016년 2월 11일 목요일, 오후 07:00 - 오후 10:00\n표준 시간대: (GMT+09:00) 서울\n\n이벤트에 액세스하려면 해당 이벤트 시간에 다음 링크로 이동하여 이 이벤트에 등록된 사용자 이름과 암호(필요한 경우)로 로그인하십시오.\nhttps://connect.awswebcasts.com/unithon2016/event/login.html?login=cpg0504%40gmail.com\n\n \n\n감사합니다.\nAWS Webinars\n----------------\nAdobe Connect를 처음 사용하는 경우 다음 위치에서 간단한 개요를 볼 수 있습니다.\nhttp://www.adobe.com/kr/products/adobeconnect.html\n\nAdobe, the Adobe logo, Acrobat and Adobe Connect are either registered trademarks or trademarks of Adobe Systems Incorporated in the United States and/or other countries.', 'summary': 'Unithon 참가자와 함께하는 AWS 세미나 Confirmation', 'status': 'confirmed', 'created': '2016-02-10T11:02:13.000Z', 'etag': '"2910204278168000"', 'guestsCanInviteOthers': False, 'sequence': 0, 'id': '_5tqmsqbkd1nmschg64r2u', 'attendees': [{'displayName': 'Choi yenos', 'responseStatus': 'needsAction', 'email': 'cpg0504@gmail.com', 'self': True}], 'reminders': {'useDefault': True}, 'creator': {'displayName': 'Choi yenos', 'email': 'cpg0504@gmail.com', 'self': True}, 'kind': 'calendar#event'}, {'htmlLink': 'https://www.google.com/calendar/event?eid=cWxlb25mYXJhMmxkaThtZXVtZzJkcTIzZzQgY3BnMDUwNEBt', 'updated': '2017-01-20T03:28:50.500Z', 'start': {'date': '2017-01-20'}, 'organizer': {'displayName': 'Choi yenos', 'email': 'cpg0504@gmail.com', 'self': True}, 'end': {'date': '2017-01-21'}, 'iCalUID': 'qleonfara2ldi8meumg2dq23g4@google.com', 'reminders': {'useDefault': False}, 'summary': 'test', 'status': 'confirmed', 'created': '2017-01-20T03:28:50.000Z', 'etag': '"2969765861000000"', 'sequence': 0, 'id': 'qleonfara2ldi8meumg2dq23g4', 'creator': {'displayName': 'Choi yenos', 'email': 'cpg0504@gmail.com', 'self': True}, 'kind': 'calendar#event', 'transparency': 'transparent'}], 'accessRole': 'owner', 'timeZone': 'Asia/Seoul', 'kind': 'calendar#events', 'nextPageToken': 'CigKGnFsZW9uZmFyYTJsZGk4bWV1bWcyZHEyM2c0GAEggICAouvW580VGg0IABIAGJiB_vnpntIC', 'summary': 'cpg0504@gmail.com', 'defaultReminders': [{'minutes': 30, 'method': 'popup'}]}
2017-02-21 23:31:37 DEBUG: event_id=>7vh0mmp9dq6n692ia52ij1i0k0
2017-02-21 23:31:37 INFO: INSERT INTO EVENT (event_hashkey,calendar_hashkey,event_id,summary,start_dt,end_dt,created_dt,updated_dt,location) VALUES (%(p0)s, %(p1)s, %(p2)s, %(p3)s, %(p4)s, %(p5)s, %(p6)s, %(p7)s, %(p8)s) 
2017-02-21 23:31:37 INFO: {'p6': '2013-09-23T10:49:47.000', 'p8': 'noLocation', 'p1': '466561a44ac70a3e589c57c445f8be0b5ef56039afdfb7a1edcb831a', 'p7': '2013-09-23T10:49:47.719', 'p4': '2013-10-21', 'p5': '2013-10-22', 'p3': '지급요청서제출', 'p2': '7vh0mmp9dq6n692ia52ij1i0k0', 'p0': 'a7625f4badc3f52ffc7f9c5f48b3cbba552fd177faa21721a840781b'}
2017-02-21 23:31:37 INFO: COMMIT
2017-02-21 23:31:37 DEBUG: event_id=>ovndg0gajs76j4oc6ul5bom36g
2017-02-21 23:31:37 INFO: INSERT INTO EVENT (event_hashkey,calendar_hashkey,event_id,summary,start_dt,end_dt,created_dt,updated_dt,location) VALUES (%(p0)s, %(p1)s, %(p2)s, %(p3)s, %(p4)s, %(p5)s, %(p6)s, %(p7)s, %(p8)s) 
2017-02-21 23:31:37 INFO: {'p6': '2013-09-23T10:50:05.000', 'p8': 'noLocation', 'p1': '466561a44ac70a3e589c57c445f8be0b5ef56039afdfb7a1edcb831a', 'p7': '2013-09-23T10:50:06.000', 'p3': '회의', 'p5': '2013-09-24', 'p4': '2013-09-23', 'p2': 'ovndg0gajs76j4oc6ul5bom36g', 'p0': 'ddd16f8349f3c7a7485cc94479c7685fb3e6477425797b63ed3beaa6'}
2017-02-21 23:31:37 INFO: COMMIT
2017-02-21 23:31:37 DEBUG: event_id=>8kljjq1nunj5uvvt6ajnq9ko3c
2017-02-21 23:31:37 INFO: INSERT INTO EVENT (event_hashkey,calendar_hashkey,event_id,summary,start_dt,end_dt,created_dt,updated_dt,location) VALUES (%(p0)s, %(p1)s, %(p2)s, %(p3)s, %(p4)s, %(p5)s, %(p6)s, %(p7)s, %(p8)s) 
2017-02-21 23:31:37 INFO: {'p6': '2013-09-23T10:52:04.000', 'p8': 'noLocation', 'p3': '회의', 'p7': '2013-09-23T10:52:04.571', 'p5': '2013-10-01', 'p1': '466561a44ac70a3e589c57c445f8be0b5ef56039afdfb7a1edcb831a', 'p4': '2013-09-30', 'p2': '8kljjq1nunj5uvvt6ajnq9ko3c', 'p0': 'e9ac298d10be648bc2e17b968636ae0d6d60a7489468521d4fddd7ce'}
2017-02-21 23:31:37 INFO: COMMIT
2017-02-21 23:31:37 DEBUG: event_id=>27cfg4gq31d69jfjbfe4r7e2ms
2017-02-21 23:31:37 INFO: INSERT INTO EVENT (event_hashkey,calendar_hashkey,event_id,summary,start_dt,end_dt,created_dt,updated_dt,location) VALUES (%(p0)s, %(p1)s, %(p2)s, %(p3)s, %(p4)s, %(p5)s, %(p6)s, %(p7)s, %(p8)s) 
2017-02-21 23:31:37 INFO: {'p6': '2013-09-23T10:59:20.000', 'p8': 'noLocation', 'p2': '27cfg4gq31d69jfjbfe4r7e2ms', 'p7': '2013-09-23T11:00:14.785', 'p4': '2013-09-23', 'p5': '2013-09-26', 'p1': '466561a44ac70a3e589c57c445f8be0b5ef56039afdfb7a1edcb831a', 'p3': '[안드로이드]2-1-4엔딩', 'p0': '8bd9a4cd8438360b17505cd0d3ad57e0c250e0344d62af9ef8339945'}
2017-02-21 23:31:37 INFO: COMMIT
2017-02-21 23:31:37 DEBUG: event_id=>p1vl4bt7nq8vlhhs5926a5mm00
2017-02-21 23:31:37 INFO: INSERT INTO EVENT (event_hashkey,calendar_hashkey,event_id,summary,start_dt,end_dt,created_dt,updated_dt,location) VALUES (%(p0)s, %(p1)s, %(p2)s, %(p3)s, %(p4)s, %(p5)s, %(p6)s, %(p7)s, %(p8)s) 
2017-02-21 23:31:37 INFO: {'p6': '2013-09-23T11:05:29.000', 'p8': 'noLocation', 'p3': '[안드로이드]3,4,5,6View', 'p7': '2013-09-23T11:05:44.558', 'p5': '2013-10-03', 'p1': '466561a44ac70a3e589c57c445f8be0b5ef56039afdfb7a1edcb831a', 'p4': '2013-09-26', 'p2': 'p1vl4bt7nq8vlhhs5926a5mm00', 'p0': 'f3578fcec1ad7f815a590083b86f6773d60e3d9e9cf6b13743da81da'}
2017-02-21 23:31:37 INFO: COMMIT
2017-02-21 23:31:37 DEBUG: event_id=>7p2m83lea42risjaabh1k6sks0
2017-02-21 23:31:37 INFO: INSERT INTO EVENT (event_hashkey,calendar_hashkey,event_id,summary,start_dt,end_dt,created_dt,updated_dt,location) VALUES (%(p0)s, %(p1)s, %(p2)s, %(p3)s, %(p4)s, %(p5)s, %(p6)s, %(p7)s, %(p8)s) 
2017-02-21 23:31:37 INFO: {'p6': '2013-10-28T12:43:19.000', 'p8': '부산', 'p3': '최평강 부산', 'p7': '2013-10-28T12:43:19.963', 'p5': '2013-12-02', 'p1': '466561a44ac70a3e589c57c445f8be0b5ef56039afdfb7a1edcb831a', 'p4': '2013-11-30', 'p2': '7p2m83lea42risjaabh1k6sks0', 'p0': '471405ad7fedea6076212aead0b63c89cbd0869c9040fae10dce5d57'}
2017-02-21 23:31:37 INFO: COMMIT
2017-02-21 23:31:37 DEBUG: event_id=>oo5dvq220vm0oc408c4d98j1nk
2017-02-21 23:31:37 INFO: INSERT INTO EVENT (event_hashkey,calendar_hashkey,event_id,summary,start_dt,end_dt,created_dt,updated_dt,location) VALUES (%(p0)s, %(p1)s, %(p2)s, %(p3)s, %(p4)s, %(p5)s, %(p6)s, %(p7)s, %(p8)s) 
2017-02-21 23:31:37 INFO: {'p6': '2015-09-20T01:20:53.000', 'p8': 'noLocation', 'p3': '토비의 봄  (1) - 조영호 님', 'p7': '2015-09-20T11:07:38.428', 'p5': '2015-09-20T21:00:00', 'p1': '466561a44ac70a3e589c57c445f8be0b5ef56039afdfb7a1edcb831a', 'p4': '2015-09-20T20:00:00', 'p2': 'oo5dvq220vm0oc408c4d98j1nk', 'p0': 'eeb2098e3ba78aed6106d0f056e65762c19722f05487cd459dcebf12'}
2017-02-21 23:31:37 INFO: COMMIT
2017-02-21 23:31:37 DEBUG: event_id=>ac88plg48hl2inidltggjb3p1o
2017-02-21 23:31:37 INFO: INSERT INTO EVENT (event_hashkey,calendar_hashkey,event_id,summary,start_dt,end_dt,created_dt,updated_dt,location) VALUES (%(p0)s, %(p1)s, %(p2)s, %(p3)s, %(p4)s, %(p5)s, %(p6)s, %(p7)s, %(p8)s) 
2017-02-21 23:31:37 INFO: {'p6': '2016-01-19T11:21:32.000', 'p8': 'noLocation', 'p3': 'ㅆ', 'p7': '2016-01-19T11:21:32.700', 'p5': '2016-01-19T21:30:00', 'p1': '466561a44ac70a3e589c57c445f8be0b5ef56039afdfb7a1edcb831a', 'p4': '2016-01-19T20:30:00', 'p2': 'ac88plg48hl2inidltggjb3p1o', 'p0': 'b79e09d3c3e17eca1f4686c8f6cd2bba0094ef80cafce6a335c8c5e0'}
2017-02-21 23:31:37 INFO: COMMIT
2017-02-21 23:31:37 DEBUG: event_id=>_5tqmsqbkd1nmschg64r2u
2017-02-21 23:31:37 INFO: INSERT INTO EVENT (event_hashkey,calendar_hashkey,event_id,summary,start_dt,end_dt,created_dt,updated_dt,location) VALUES (%(p0)s, %(p1)s, %(p2)s, %(p3)s, %(p4)s, %(p5)s, %(p6)s, %(p7)s, %(p8)s) 
2017-02-21 23:31:37 INFO: {'p6': '2016-02-10T11:02:13.000', 'p8': 'noLocation', 'p4': '2016-02-11T19:00:00', 'p7': '2016-02-10T11:02:19.084', 'p5': '2016-02-11T22:00:00', 'p1': '466561a44ac70a3e589c57c445f8be0b5ef56039afdfb7a1edcb831a', 'p3': 'Unithon 참가자와 함께하는 AWS 세미나 Confirmation', 'p2': '_5tqmsqbkd1nmschg64r2u', 'p0': '24ebe42009a00a67ddae48d3d174a935813b5f8d0d7fd0a2eb9c550c'}
2017-02-21 23:31:37 INFO: COMMIT
2017-02-21 23:31:37 DEBUG: event_id=>qleonfara2ldi8meumg2dq23g4
2017-02-21 23:31:37 INFO: INSERT INTO EVENT (event_hashkey,calendar_hashkey,event_id,summary,start_dt,end_dt,created_dt,updated_dt,location) VALUES (%(p0)s, %(p1)s, %(p2)s, %(p3)s, %(p4)s, %(p5)s, %(p6)s, %(p7)s, %(p8)s) 
2017-02-21 23:31:37 INFO: {'p6': '2017-01-20T03:28:50.000', 'p8': 'noLocation', 'p3': 'test', 'p7': '2017-01-20T03:28:50.500', 'p5': '2017-01-21', 'p1': '466561a44ac70a3e589c57c445f8be0b5ef56039afdfb7a1edcb831a', 'p4': '2017-01-20', 'p2': 'qleonfara2ldi8meumg2dq23g4', 'p0': '8f4f98eb0e4d791ecbbb391d99932f54bada41d3d51c561bccdaa136'}
2017-02-21 23:31:37 INFO: COMMIT
2017-02-21 23:31:37 INFO: checkValidAccesToken
2017-02-21 23:31:37 INFO: SELECT * FROM USERACCOUNT WHERE access_token = %(p0)s 
2017-02-21 23:31:37 INFO: {'p0': 'ya29.GmT5A2Tx2S6f1iWZxBRwhx-53bBZxWPxPeGb1LfbYY5cy-7JKwGVq6QiwBxKXlX1Dbbyy6ABAvyWSKj3S4-_UE2158IvN1OLgJ8Aa79t5Ly7Kqsphnl20hI6RCa8QU_yI0EPLY8q'}
2017-02-21 23:31:37 INFO: COMMIT
2017-02-21 23:31:37 DEBUG: [{'account_hashkey': '121b24aa0f5d4272db80dcd9052742dc4aa14af68373a9a5a62ad82f', 'access_token': 'ya29.GmT5A2Tx2S6f1iWZxBRwhx-53bBZxWPxPeGb1LfbYY5cy-7JKwGVq6QiwBxKXlX1Dbbyy6ABAvyWSKj3S4-_UE2158IvN1OLgJ8Aa79t5Ly7Kqsphnl20hI6RCa8QU_yI0EPLY8q', 'create_datetime': '2017-02-21 23:15:47', 'login_platform': 'google', 'subject': '100309767722512756707', 'user_id': 'cpg0504@gmail.com', 'is_active': 1, 'user_hashkey': '5f023d3fb1a18e4b130d763394fd05e369646c307f70b536e0b10822', 'caldav_homeset': None, 'google_expire_time': '2017-02-22 00:12:29', 'refresh_token': None}]
2017-02-21 23:31:37 INFO: valid date
2017-02-21 23:31:37 DEBUG: newacces=>None
2017-02-21 23:31:37 INFO: Starting new HTTPS connection (1): www.googleapis.com
2017-02-21 23:31:37 DEBUG: "GET /calendar/v3/calendars/cpg0504%40gmail.com/events?maxResults=10&pageToken=CigKGnFsZW9uZmFyYTJsZGk4bWV1bWcyZHEyM2c0GAEggICAouvW580VGg0IABIAGJiB_vnpntIC HTTP/1.1" 200 8505
2017-02-21 23:31:37 DEBUG: ress=>{'etag': '"p32c83vnpt6fd40g"', 'updated': '2017-02-20T13:55:54.447Z', 'items': [{'htmlLink': 'https://www.google.com/calendar/event?eid=cXQ2Ym4zbTUzMGsyYzM1ZGtxY2x0OHE2Zm8gY3BnMDUwNEBt', 'updated': '2017-01-20T06:13:30.592Z', 'start': {'dateTime': '2017-01-20T15:30:00+09:00'}, 'organizer': {'displayName': 'Choi yenos', 'email': 'cpg0504@gmail.com', 'self': True}, 'end': {'dateTime': '2017-01-20T16:30:00+09:00'}, 'iCalUID': 'qt6bn3m530k2c35dkqclt8q6fo@google.com', 'reminders': {'useDefault': True}, 'summary': 'test22', 'status': 'confirmed', 'created': '2017-01-20T06:13:30.000Z', 'etag': '"2969785621184000"', 'sequence': 0, 'id': 'qt6bn3m530k2c35dkqclt8q6fo', 'creator': {'displayName': 'Choi yenos', 'email': 'cpg0504@gmail.com', 'self': True}, 'kind': 'calendar#event'}, {'htmlLink': 'https://www.google.com/calendar/event?eid=NnBhbjQybWcyY2tmaHJmNWQyZmtxcTI0ZmsgY3BnMDUwNEBt', 'updated': '2017-01-20T06:18:33.858Z', 'start': {'dateTime': '2017-01-20T15:30:00+09:00'}, 'organizer': {'displayName': 'Choi yenos', 'email': 'cpg0504@gmail.com', 'self': True}, 'end': {'dateTime': '2017-01-20T16:30:00+09:00'}, 'iCalUID': '6pan42mg2ckfhrf5d2fkqq24fk@google.com', 'reminders': {'useDefault': True}, 'summary': 'test4', 'status': 'confirmed', 'created': '2017-01-20T06:18:33.000Z', 'etag': '"2969786227716000"', 'sequence': 0, 'id': '6pan42mg2ckfhrf5d2fkqq24fk', 'creator': {'displayName': 'Choi yenos', 'email': 'cpg0504@gmail.com', 'self': True}, 'kind': 'calendar#event'}, {'htmlLink': 'https://www.google.com/calendar/event?eid=NnVhYWNmajRwYnVmdjUwYWprNnZqYjd0dmMgY3BnMDUwNEBt', 'updated': '2017-01-20T06:26:08.678Z', 'start': {'dateTime': '2017-01-20T11:30:00+09:00'}, 'organizer': {'displayName': 'Choi yenos', 'email': 'cpg0504@gmail.com', 'self': True}, 'end': {'dateTime': '2017-01-20T12:30:00+09:00'}, 'iCalUID': '6uaacfj4pbufv50ajk6vjb7tvc@google.com', 'reminders': {'useDefault': True}, 'summary': 'test5', 'status': 'confirmed', 'created': '2017-01-20T06:26:08.000Z', 'etag': '"2969787137356000"', 'sequence': 0, 'id': '6uaacfj4pbufv50ajk6vjb7tvc', 'creator': {'displayName': 'Choi yenos', 'email': 'cpg0504@gmail.com', 'self': True}, 'kind': 'calendar#event'}, {'htmlLink': 'https://www.google.com/calendar/event?eid=OGw0NzQ4OTVya2tpZDFnMXAzNnZ0a3VpdWsgY3BnMDUwNEBt', 'updated': '2017-01-20T06:29:46.257Z', 'start': {'dateTime': '2017-01-20T08:30:00+09:00'}, 'organizer': {'displayName': 'Choi yenos', 'email': 'cpg0504@gmail.com', 'self': True}, 'end': {'dateTime': '2017-01-20T09:30:00+09:00'}, 'iCalUID': '8l474895rkkid1g1p36vtkuiuk@google.com', 'reminders': {'useDefault': True}, 'summary': 'TEST6', 'status': 'confirmed', 'created': '2017-01-20T06:29:46.000Z', 'etag': '"2969787572514000"', 'sequence': 0, 'id': '8l474895rkkid1g1p36vtkuiuk', 'creator': {'displayName': 'Choi yenos', 'email': 'cpg0504@gmail.com', 'self': True}, 'kind': 'calendar#event'}, {'htmlLink': 'https://www.google.com/calendar/event?eid=NnNyZDg0NjhpcWZtcm9xbTAwbjcxcWRsZDAgY3BnMDUwNEBt', 'updated': '2017-01-20T06:30:04.714Z', 'start': {'dateTime': '2017-01-20T13:00:00+09:00'}, 'organizer': {'displayName': 'Choi yenos', 'email': 'cpg0504@gmail.com', 'self': True}, 'end': {'dateTime': '2017-01-20T14:00:00+09:00'}, 'iCalUID': '6srd8468iqfmroqm00n71qdld0@google.com', 'reminders': {'useDefault': True}, 'summary': 'TEST5', 'status': 'confirmed', 'created': '2017-01-20T06:30:04.000Z', 'etag': '"2969787609428000"', 'sequence': 0, 'id': '6srd8468iqfmroqm00n71qdld0', 'creator': {'displayName': 'Choi yenos', 'email': 'cpg0504@gmail.com', 'self': True}, 'kind': 'calendar#event'}, {'htmlLink': 'https://www.google.com/calendar/event?eid=bzhvMTFlaWRscnE1YnIzODQ1bjQ5M2owcWsgY3BnMDUwNEBt', 'updated': '2017-01-20T06:30:27.294Z', 'start': {'dateTime': '2017-01-20T10:30:00+09:00'}, 'organizer': {'displayName': 'Choi yenos', 'email': 'cpg0504@gmail.com', 'self': True}, 'end': {'dateTime': '2017-01-20T11:30:00+09:00'}, 'iCalUID': 'o8o11eidlrq5br3845n493j0qk@google.com', 'reminders': {'useDefault': True}, 'summary': 'TEST7', 'status': 'confirmed', 'created': '2017-01-20T06:30:27.000Z', 'etag': '"2969787654588000"', 'sequence': 0, 'id': 'o8o11eidlrq5br3845n493j0qk', 'creator': {'displayName': 'Choi yenos', 'email': 'cpg0504@gmail.com', 'self': True}, 'kind': 'calendar#event'}, {'htmlLink': 'https://www.google.com/calendar/event?eid=aWcxZDl1M2YyMHQ2bWFsc2s3aTk5OTJ2NTQgY3BnMDUwNEBt', 'updated': '2017-01-20T06:30:45.629Z', 'start': {'dateTime': '2017-01-20T14:00:00+09:00'}, 'organizer': {'displayName': 'Choi yenos', 'email': 'cpg0504@gmail.com', 'self': True}, 'end': {'dateTime': '2017-01-20T15:00:00+09:00'}, 'iCalUID': 'ig1d9u3f20t6malsk7i9992v54@google.com', 'reminders': {'useDefault': True}, 'summary': 'TEST77', 'status': 'confirmed', 'created': '2017-01-20T06:30:45.000Z', 'etag': '"2969787691258000"', 'sequence': 0, 'id': 'ig1d9u3f20t6malsk7i9992v54', 'creator': {'displayName': 'Choi yenos', 'email': 'cpg0504@gmail.com', 'self': True}, 'kind': 'calendar#event'}, {'htmlLink': 'https://www.google.com/calendar/event?eid=aHU4dnNmdDY4NnVjazl1Z3RpM244cnVqM2cgY3BnMDUwNEBt', 'updated': '2017-01-20T06:31:54.212Z', 'start': {'dateTime': '2017-01-20T17:30:00+09:00'}, 'organizer': {'displayName': 'Choi yenos', 'email': 'cpg0504@gmail.com', 'self': True}, 'end': {'dateTime': '2017-01-20T18:30:00+09:00'}, 'iCalUID': 'hu8vsft686uck9ugti3n8ruj3g@google.com', 'reminders': {'useDefault': True}, 'summary': 'testttt', 'status': 'confirmed', 'created': '2017-01-20T06:31:54.000Z', 'etag': '"2969787828424000"', 'sequence': 0, 'id': 'hu8vsft686uck9ugti3n8ruj3g', 'creator': {'displayName': 'Choi yenos', 'email': 'cpg0504@gmail.com', 'self': True}, 'kind': 'calendar#event'}, {'htmlLink': 'https://www.google.com/calendar/event?eid=bm03c25qamFkYm91MG9pNDNrOTg3YjB1dWMgY3BnMDUwNEBt', 'updated': '2017-01-20T06:32:07.244Z', 'start': {'dateTime': '2017-01-20T08:00:00+09:00'}, 'organizer': {'displayName': 'Choi yenos', 'email': 'cpg0504@gmail.com', 'self': True}, 'end': {'dateTime': '2017-01-20T09:00:00+09:00'}, 'iCalUID': 'nm7snjjadbou0oi43k987b0uuc@google.com', 'reminders': {'useDefault': True}, 'summary': 'test', 'status': 'confirmed', 'created': '2017-01-20T06:32:07.000Z', 'etag': '"2969787854488000"', 'sequence': 0, 'id': 'nm7snjjadbou0oi43k987b0uuc', 'creator': {'displayName': 'Choi yenos', 'email': 'cpg0504@gmail.com', 'self': True}, 'kind': 'calendar#event'}, {'htmlLink': 'https://www.google.com/calendar/event?eid=aTloOWJodjIzYjc4bnZmZmdvY2s3ODJzZmsgY3BnMDUwNEBt', 'updated': '2017-01-20T06:32:18.772Z', 'start': {'dateTime': '2017-01-20T10:00:00+09:00'}, 'organizer': {'displayName': 'Choi yenos', 'email': 'cpg0504@gmail.com', 'self': True}, 'end': {'dateTime': '2017-01-20T11:00:00+09:00'}, 'iCalUID': 'i9h9bhv23b78nvffgock782sfk@google.com', 'reminders': {'useDefault': True}, 'summary': 'gg', 'status': 'confirmed', 'created': '2017-01-20T06:32:18.000Z', 'etag': '"2969787877544000"', 'sequence': 0, 'id': 'i9h9bhv23b78nvffgock782sfk', 'creator': {'displayName': 'Choi yenos', 'email': 'cpg0504@gmail.com', 'self': True}, 'kind': 'calendar#event'}], 'accessRole': 'owner', 'timeZone': 'Asia/Seoul', 'kind': 'calendar#events', 'nextPageToken': 'CigKGmk5aDliaHYyM2I3OG52ZmZnb2NrNzgyc2ZrGAEggICAquSm6s0VGg0IABIAGJiB_vnpntIC', 'summary': 'cpg0504@gmail.com', 'defaultReminders': [{'minutes': 30, 'method': 'popup'}]}
2017-02-21 23:31:37 DEBUG: event_id=>qt6bn3m530k2c35dkqclt8q6fo
2017-02-21 23:31:37 INFO: INSERT INTO EVENT (event_hashkey,calendar_hashkey,event_id,summary,start_dt,end_dt,created_dt,updated_dt,location) VALUES (%(p0)s, %(p1)s, %(p2)s, %(p3)s, %(p4)s, %(p5)s, %(p6)s, %(p7)s, %(p8)s) 
2017-02-21 23:31:37 INFO: {'p6': '2017-01-20T06:13:30.000', 'p8': 'noLocation', 'p4': '2017-01-20T15:30:00', 'p7': '2017-01-20T06:13:30.592', 'p5': '2017-01-20T16:30:00', 'p1': '466561a44ac70a3e589c57c445f8be0b5ef56039afdfb7a1edcb831a', 'p3': 'test22', 'p2': 'qt6bn3m530k2c35dkqclt8q6fo', 'p0': 'ab8da19ef446fc6e29604834f6d4d2f9a7e8f49a8af701ecfbb32ab8'}
2017-02-21 23:31:37 INFO: COMMIT
2017-02-21 23:31:37 DEBUG: event_id=>6pan42mg2ckfhrf5d2fkqq24fk
2017-02-21 23:31:37 INFO: INSERT INTO EVENT (event_hashkey,calendar_hashkey,event_id,summary,start_dt,end_dt,created_dt,updated_dt,location) VALUES (%(p0)s, %(p1)s, %(p2)s, %(p3)s, %(p4)s, %(p5)s, %(p6)s, %(p7)s, %(p8)s) 
2017-02-21 23:31:37 INFO: {'p6': '2017-01-20T06:18:33.000', 'p8': 'noLocation', 'p2': '6pan42mg2ckfhrf5d2fkqq24fk', 'p7': '2017-01-20T06:18:33.858', 'p3': 'test4', 'p5': '2017-01-20T16:30:00', 'p1': '466561a44ac70a3e589c57c445f8be0b5ef56039afdfb7a1edcb831a', 'p4': '2017-01-20T15:30:00', 'p0': 'b37fb876d68202fc0c9a2043dd967029351496660193d98cabac27a8'}
2017-02-21 23:31:37 INFO: COMMIT
2017-02-21 23:31:37 DEBUG: event_id=>6uaacfj4pbufv50ajk6vjb7tvc
2017-02-21 23:31:37 INFO: INSERT INTO EVENT (event_hashkey,calendar_hashkey,event_id,summary,start_dt,end_dt,created_dt,updated_dt,location) VALUES (%(p0)s, %(p1)s, %(p2)s, %(p3)s, %(p4)s, %(p5)s, %(p6)s, %(p7)s, %(p8)s) 
2017-02-21 23:31:37 INFO: {'p6': '2017-01-20T06:26:08.000', 'p8': 'noLocation', 'p1': '466561a44ac70a3e589c57c445f8be0b5ef56039afdfb7a1edcb831a', 'p7': '2017-01-20T06:26:08.678', 'p3': 'test5', 'p5': '2017-01-20T12:30:00', 'p4': '2017-01-20T11:30:00', 'p2': '6uaacfj4pbufv50ajk6vjb7tvc', 'p0': '7cb4b4427a7a77d4618259f7a2aa2638da7d440ecddd661d218d8f1c'}
2017-02-21 23:31:37 INFO: COMMIT
2017-02-21 23:31:37 DEBUG: event_id=>8l474895rkkid1g1p36vtkuiuk
2017-02-21 23:31:37 INFO: INSERT INTO EVENT (event_hashkey,calendar_hashkey,event_id,summary,start_dt,end_dt,created_dt,updated_dt,location) VALUES (%(p0)s, %(p1)s, %(p2)s, %(p3)s, %(p4)s, %(p5)s, %(p6)s, %(p7)s, %(p8)s) 
2017-02-21 23:31:37 INFO: {'p5': '2017-01-20T09:30:00', 'p6': '2017-01-20T06:29:46.000', 'p8': 'noLocation', 'p3': 'TEST6', 'p7': '2017-01-20T06:29:46.257', 'p4': '2017-01-20T08:30:00', 'p1': '466561a44ac70a3e589c57c445f8be0b5ef56039afdfb7a1edcb831a', 'p0': '79ce6c53567502de914afdbe6b55e84994eb57bfd1b550a69e85da39', 'p2': '8l474895rkkid1g1p36vtkuiuk'}
2017-02-21 23:31:37 INFO: COMMIT
2017-02-21 23:31:37 DEBUG: event_id=>6srd8468iqfmroqm00n71qdld0
2017-02-21 23:31:37 INFO: INSERT INTO EVENT (event_hashkey,calendar_hashkey,event_id,summary,start_dt,end_dt,created_dt,updated_dt,location) VALUES (%(p0)s, %(p1)s, %(p2)s, %(p3)s, %(p4)s, %(p5)s, %(p6)s, %(p7)s, %(p8)s) 
2017-02-21 23:31:37 INFO: {'p5': '2017-01-20T14:00:00', 'p6': '2017-01-20T06:30:04.000', 'p8': 'noLocation', 'p3': 'TEST5', 'p7': '2017-01-20T06:30:04.714', 'p2': '6srd8468iqfmroqm00n71qdld0', 'p1': '466561a44ac70a3e589c57c445f8be0b5ef56039afdfb7a1edcb831a', 'p4': '2017-01-20T13:00:00', 'p0': '868dd445f3cb0194e796241bb662893e3f0d53db2f963c2e87499fcb'}
2017-02-21 23:31:37 INFO: COMMIT
2017-02-21 23:31:37 DEBUG: event_id=>o8o11eidlrq5br3845n493j0qk
2017-02-21 23:31:37 INFO: INSERT INTO EVENT (event_hashkey,calendar_hashkey,event_id,summary,start_dt,end_dt,created_dt,updated_dt,location) VALUES (%(p0)s, %(p1)s, %(p2)s, %(p3)s, %(p4)s, %(p5)s, %(p6)s, %(p7)s, %(p8)s) 
2017-02-21 23:31:37 INFO: {'p6': '2017-01-20T06:30:27.000', 'p8': 'noLocation', 'p3': 'TEST7', 'p7': '2017-01-20T06:30:27.294', 'p5': '2017-01-20T11:30:00', 'p1': '466561a44ac70a3e589c57c445f8be0b5ef56039afdfb7a1edcb831a', 'p4': '2017-01-20T10:30:00', 'p2': 'o8o11eidlrq5br3845n493j0qk', 'p0': '77bb62b6ef5bf3602ee017ad06567f406aff6c63c0a6a4857969828d'}
2017-02-21 23:31:37 INFO: COMMIT
2017-02-21 23:31:37 DEBUG: event_id=>ig1d9u3f20t6malsk7i9992v54
2017-02-21 23:31:37 INFO: INSERT INTO EVENT (event_hashkey,calendar_hashkey,event_id,summary,start_dt,end_dt,created_dt,updated_dt,location) VALUES (%(p0)s, %(p1)s, %(p2)s, %(p3)s, %(p4)s, %(p5)s, %(p6)s, %(p7)s, %(p8)s) 
2017-02-21 23:31:37 INFO: {'p6': '2017-01-20T06:30:45.000', 'p8': 'noLocation', 'p2': 'ig1d9u3f20t6malsk7i9992v54', 'p7': '2017-01-20T06:30:45.629', 'p4': '2017-01-20T14:00:00', 'p5': '2017-01-20T15:00:00', 'p1': '466561a44ac70a3e589c57c445f8be0b5ef56039afdfb7a1edcb831a', 'p3': 'TEST77', 'p0': '3b0819a850a4c7cc992eae727c64b3af1c8e99add0866ef16595e688'}
2017-02-21 23:31:37 INFO: COMMIT
2017-02-21 23:31:37 DEBUG: event_id=>hu8vsft686uck9ugti3n8ruj3g
2017-02-21 23:31:37 INFO: INSERT INTO EVENT (event_hashkey,calendar_hashkey,event_id,summary,start_dt,end_dt,created_dt,updated_dt,location) VALUES (%(p0)s, %(p1)s, %(p2)s, %(p3)s, %(p4)s, %(p5)s, %(p6)s, %(p7)s, %(p8)s) 
2017-02-21 23:31:37 INFO: {'p6': '2017-01-20T06:31:54.000', 'p8': 'noLocation', 'p3': 'testttt', 'p7': '2017-01-20T06:31:54.212', 'p5': '2017-01-20T18:30:00', 'p1': '466561a44ac70a3e589c57c445f8be0b5ef56039afdfb7a1edcb831a', 'p4': '2017-01-20T17:30:00', 'p2': 'hu8vsft686uck9ugti3n8ruj3g', 'p0': '6e50289970071ee1555a1b8cffe49511f7083d1e02efe1a95e7e5018'}
2017-02-21 23:31:37 INFO: COMMIT
2017-02-21 23:31:37 DEBUG: event_id=>nm7snjjadbou0oi43k987b0uuc
2017-02-21 23:31:37 INFO: INSERT INTO EVENT (event_hashkey,calendar_hashkey,event_id,summary,start_dt,end_dt,created_dt,updated_dt,location) VALUES (%(p0)s, %(p1)s, %(p2)s, %(p3)s, %(p4)s, %(p5)s, %(p6)s, %(p7)s, %(p8)s) 
2017-02-21 23:31:37 INFO: {'p6': '2017-01-20T06:32:07.000', 'p8': 'noLocation', 'p2': 'nm7snjjadbou0oi43k987b0uuc', 'p7': '2017-01-20T06:32:07.244', 'p3': 'test', 'p5': '2017-01-20T09:00:00', 'p1': '466561a44ac70a3e589c57c445f8be0b5ef56039afdfb7a1edcb831a', 'p4': '2017-01-20T08:00:00', 'p0': '35ee3add30843a223535522eeee25a5873eadf7259396f77bfdc9cc0'}
2017-02-21 23:31:37 INFO: COMMIT
2017-02-21 23:31:37 DEBUG: event_id=>i9h9bhv23b78nvffgock782sfk
2017-02-21 23:31:37 INFO: INSERT INTO EVENT (event_hashkey,calendar_hashkey,event_id,summary,start_dt,end_dt,created_dt,updated_dt,location) VALUES (%(p0)s, %(p1)s, %(p2)s, %(p3)s, %(p4)s, %(p5)s, %(p6)s, %(p7)s, %(p8)s) 
2017-02-21 23:31:37 INFO: {'p6': '2017-01-20T06:32:18.000', 'p8': 'noLocation', 'p3': 'gg', 'p7': '2017-01-20T06:32:18.772', 'p5': '2017-01-20T11:00:00', 'p1': '466561a44ac70a3e589c57c445f8be0b5ef56039afdfb7a1edcb831a', 'p4': '2017-01-20T10:00:00', 'p2': 'i9h9bhv23b78nvffgock782sfk', 'p0': '911e40d74904ba7ab794cea7c3371dfce81991a91e690c10e79b7372'}
2017-02-21 23:31:37 INFO: COMMIT
2017-02-21 23:31:37 INFO: checkValidAccesToken
2017-02-21 23:31:37 INFO: SELECT * FROM USERACCOUNT WHERE access_token = %(p0)s 
2017-02-21 23:31:37 INFO: {'p0': 'ya29.GmT5A2Tx2S6f1iWZxBRwhx-53bBZxWPxPeGb1LfbYY5cy-7JKwGVq6QiwBxKXlX1Dbbyy6ABAvyWSKj3S4-_UE2158IvN1OLgJ8Aa79t5Ly7Kqsphnl20hI6RCa8QU_yI0EPLY8q'}
2017-02-21 23:31:37 INFO: COMMIT
2017-02-21 23:31:37 DEBUG: [{'account_hashkey': '121b24aa0f5d4272db80dcd9052742dc4aa14af68373a9a5a62ad82f', 'access_token': 'ya29.GmT5A2Tx2S6f1iWZxBRwhx-53bBZxWPxPeGb1LfbYY5cy-7JKwGVq6QiwBxKXlX1Dbbyy6ABAvyWSKj3S4-_UE2158IvN1OLgJ8Aa79t5Ly7Kqsphnl20hI6RCa8QU_yI0EPLY8q', 'create_datetime': '2017-02-21 23:15:47', 'login_platform': 'google', 'subject': '100309767722512756707', 'user_id': 'cpg0504@gmail.com', 'is_active': 1, 'user_hashkey': '5f023d3fb1a18e4b130d763394fd05e369646c307f70b536e0b10822', 'caldav_homeset': None, 'google_expire_time': '2017-02-22 00:12:29', 'refresh_token': None}]
2017-02-21 23:31:37 INFO: valid date
2017-02-21 23:31:37 DEBUG: newacces=>None
2017-02-21 23:31:37 INFO: Starting new HTTPS connection (1): www.googleapis.com
2017-02-21 23:31:38 DEBUG: "GET /calendar/v3/calendars/cpg0504%40gmail.com/events?maxResults=10&pageToken=CigKGmk5aDliaHYyM2I3OG52ZmZnb2NrNzgyc2ZrGAEggICAquSm6s0VGg0IABIAGJiB_vnpntIC HTTP/1.1" 200 3619
2017-02-21 23:31:38 DEBUG: ress=>{'etag': '"p32c83vnpt6fd40g"', 'updated': '2017-02-20T13:55:54.447Z', 'items': [{'htmlLink': 'https://www.google.com/calendar/event?eid=aGwydGEydTRzOTVxZnAyaG9uZHF0bThtMW8gY3BnMDUwNEBt', 'updated': '2017-01-20T06:33:15.836Z', 'start': {'dateTime': '2017-01-20T19:00:00+09:00'}, 'organizer': {'displayName': 'Choi yenos', 'email': 'cpg0504@gmail.com', 'self': True}, 'end': {'dateTime': '2017-01-20T20:00:00+09:00'}, 'iCalUID': 'hl2ta2u4s95qfp2hondqtm8m1o@google.com', 'reminders': {'useDefault': True}, 'summary': 'dd', 'status': 'confirmed', 'created': '2017-01-20T06:33:15.000Z', 'etag': '"2969787991672000"', 'sequence': 0, 'id': 'hl2ta2u4s95qfp2hondqtm8m1o', 'creator': {'displayName': 'Choi yenos', 'email': 'cpg0504@gmail.com', 'self': True}, 'kind': 'calendar#event'}, {'htmlLink': 'https://www.google.com/calendar/event?eid=ZDNvNjNyMnRsY3VsN29nYjk1djcxc3VyYjggY3BnMDUwNEBt', 'updated': '2017-01-20T06:33:44.895Z', 'start': {'dateTime': '2017-01-20T17:00:00+09:00'}, 'organizer': {'displayName': 'Choi yenos', 'email': 'cpg0504@gmail.com', 'self': True}, 'end': {'dateTime': '2017-01-20T18:00:00+09:00'}, 'iCalUID': 'd3o63r2tlcul7ogb95v71surb8@google.com', 'reminders': {'useDefault': True}, 'summary': 'ge', 'status': 'confirmed', 'created': '2017-01-20T06:33:44.000Z', 'etag': '"2969788049790000"', 'sequence': 0, 'id': 'd3o63r2tlcul7ogb95v71surb8', 'creator': {'displayName': 'Choi yenos', 'email': 'cpg0504@gmail.com', 'self': True}, 'kind': 'calendar#event'}, {'htmlLink': 'https://www.google.com/calendar/event?eid=Zm12czJpNWMyMmE2ZDE2bzJuc2E2NXI0Y2cgY3BnMDUwNEBt', 'updated': '2017-01-20T06:34:00.229Z', 'start': {'dateTime': '2017-01-20T21:30:00+09:00'}, 'organizer': {'displayName': 'Choi yenos', 'email': 'cpg0504@gmail.com', 'self': True}, 'end': {'dateTime': '2017-01-20T22:30:00+09:00'}, 'iCalUID': 'fmvs2i5c22a6d16o2nsa65r4cg@google.com', 'reminders': {'useDefault': True}, 'summary': 'bd', 'status': 'confirmed', 'created': '2017-01-20T06:34:00.000Z', 'etag': '"2969788080458000"', 'sequence': 0, 'id': 'fmvs2i5c22a6d16o2nsa65r4cg', 'creator': {'displayName': 'Choi yenos', 'email': 'cpg0504@gmail.com', 'self': True}, 'kind': 'calendar#event'}, {'htmlLink': 'https://www.google.com/calendar/event?eid=b2sycmx0Z3Nvbmk0OGJvb2hiMXI1dDhwbG8gY3BnMDUwNEBt', 'updated': '2017-01-20T06:34:27.090Z', 'start': {'dateTime': '2017-01-20T15:30:00+09:00'}, 'organizer': {'displayName': 'Choi yenos', 'email': 'cpg0504@gmail.com', 'self': True}, 'end': {'dateTime': '2017-01-20T16:30:00+09:00'}, 'iCalUID': 'ok2rltgsoni48boohb1r5t8plo@google.com', 'reminders': {'useDefault': True}, 'summary': 'test3g', 'status': 'confirmed', 'created': '2017-01-20T06:13:40.000Z', 'etag': '"2969788134180000"', 'sequence': 0, 'id': 'ok2rltgsoni48boohb1r5t8plo', 'creator': {'displayName': 'Choi yenos', 'email': 'cpg0504@gmail.com', 'self': True}, 'kind': 'calendar#event'}], 'accessRole': 'owner', 'timeZone': 'Asia/Seoul', 'kind': 'calendar#events', 'nextPageToken': 'CigKGjZ2cmJhZWU3bTVjM3EwYThxbGFpOWFjb29vGAEggIDA6p6FiM4VGg0IABIAGJiB_vnpntIC', 'summary': 'cpg0504@gmail.com', 'defaultReminders': [{'minutes': 30, 'method': 'popup'}]}
2017-02-21 23:31:38 DEBUG: event_id=>hl2ta2u4s95qfp2hondqtm8m1o
2017-02-21 23:31:38 INFO: INSERT INTO EVENT (event_hashkey,calendar_hashkey,event_id,summary,start_dt,end_dt,created_dt,updated_dt,location) VALUES (%(p0)s, %(p1)s, %(p2)s, %(p3)s, %(p4)s, %(p5)s, %(p6)s, %(p7)s, %(p8)s) 
2017-02-21 23:31:38 INFO: {'p5': '2017-01-20T20:00:00', 'p6': '2017-01-20T06:33:15.000', 'p8': 'noLocation', 'p4': '2017-01-20T19:00:00', 'p7': '2017-01-20T06:33:15.836', 'p3': 'dd', 'p1': '466561a44ac70a3e589c57c445f8be0b5ef56039afdfb7a1edcb831a', 'p0': 'ba9ac16fdaf5954fb94ba4c910b2ae0dccaca491ecd86e32925a44bd', 'p2': 'hl2ta2u4s95qfp2hondqtm8m1o'}
2017-02-21 23:31:38 INFO: COMMIT
2017-02-21 23:31:38 DEBUG: event_id=>d3o63r2tlcul7ogb95v71surb8
2017-02-21 23:31:38 INFO: INSERT INTO EVENT (event_hashkey,calendar_hashkey,event_id,summary,start_dt,end_dt,created_dt,updated_dt,location) VALUES (%(p0)s, %(p1)s, %(p2)s, %(p3)s, %(p4)s, %(p5)s, %(p6)s, %(p7)s, %(p8)s) 
2017-02-21 23:31:38 INFO: {'p6': '2017-01-20T06:33:44.000', 'p8': 'noLocation', 'p4': '2017-01-20T17:00:00', 'p7': '2017-01-20T06:33:44.895', 'p5': '2017-01-20T18:00:00', 'p1': '466561a44ac70a3e589c57c445f8be0b5ef56039afdfb7a1edcb831a', 'p3': 'ge', 'p2': 'd3o63r2tlcul7ogb95v71surb8', 'p0': '7fad9dc9dd04402a4e8889ac72c581614918a31ef504bfae814ed15d'}
2017-02-21 23:31:38 INFO: COMMIT
2017-02-21 23:31:38 DEBUG: event_id=>fmvs2i5c22a6d16o2nsa65r4cg
2017-02-21 23:31:38 INFO: INSERT INTO EVENT (event_hashkey,calendar_hashkey,event_id,summary,start_dt,end_dt,created_dt,updated_dt,location) VALUES (%(p0)s, %(p1)s, %(p2)s, %(p3)s, %(p4)s, %(p5)s, %(p6)s, %(p7)s, %(p8)s) 
2017-02-21 23:31:38 INFO: {'p6': '2017-01-20T06:34:00.000', 'p8': 'noLocation', 'p2': 'fmvs2i5c22a6d16o2nsa65r4cg', 'p7': '2017-01-20T06:34:00.229', 'p3': 'bd', 'p5': '2017-01-20T22:30:00', 'p1': '466561a44ac70a3e589c57c445f8be0b5ef56039afdfb7a1edcb831a', 'p4': '2017-01-20T21:30:00', 'p0': '235f8f86d7226eb123f420136f0ce0971d5366ee323c6af9b83b3dc5'}
2017-02-21 23:31:38 INFO: COMMIT
2017-02-21 23:31:38 DEBUG: event_id=>ok2rltgsoni48boohb1r5t8plo
2017-02-21 23:31:38 INFO: INSERT INTO EVENT (event_hashkey,calendar_hashkey,event_id,summary,start_dt,end_dt,created_dt,updated_dt,location) VALUES (%(p0)s, %(p1)s, %(p2)s, %(p3)s, %(p4)s, %(p5)s, %(p6)s, %(p7)s, %(p8)s) 
2017-02-21 23:31:38 INFO: {'p5': '2017-01-20T16:30:00', 'p6': '2017-01-20T06:13:40.000', 'p8': 'noLocation', 'p3': 'test3g', 'p7': '2017-01-20T06:34:27.090', 'p4': '2017-01-20T15:30:00', 'p1': '466561a44ac70a3e589c57c445f8be0b5ef56039afdfb7a1edcb831a', 'p0': '6718b955114c69d3f68408097ead40dbf42c28a8aee4b445a6e908d2', 'p2': 'ok2rltgsoni48boohb1r5t8plo'}
2017-02-21 23:31:38 INFO: COMMIT
2017-02-21 23:31:38 INFO: checkValidAccesToken
2017-02-21 23:31:38 INFO: SELECT * FROM USERACCOUNT WHERE access_token = %(p0)s 
2017-02-21 23:31:38 INFO: {'p0': 'ya29.GmT5A2Tx2S6f1iWZxBRwhx-53bBZxWPxPeGb1LfbYY5cy-7JKwGVq6QiwBxKXlX1Dbbyy6ABAvyWSKj3S4-_UE2158IvN1OLgJ8Aa79t5Ly7Kqsphnl20hI6RCa8QU_yI0EPLY8q'}
2017-02-21 23:31:38 INFO: COMMIT
2017-02-21 23:31:38 DEBUG: [{'account_hashkey': '121b24aa0f5d4272db80dcd9052742dc4aa14af68373a9a5a62ad82f', 'access_token': 'ya29.GmT5A2Tx2S6f1iWZxBRwhx-53bBZxWPxPeGb1LfbYY5cy-7JKwGVq6QiwBxKXlX1Dbbyy6ABAvyWSKj3S4-_UE2158IvN1OLgJ8Aa79t5Ly7Kqsphnl20hI6RCa8QU_yI0EPLY8q', 'create_datetime': '2017-02-21 23:15:47', 'login_platform': 'google', 'subject': '100309767722512756707', 'user_id': 'cpg0504@gmail.com', 'is_active': 1, 'user_hashkey': '5f023d3fb1a18e4b130d763394fd05e369646c307f70b536e0b10822', 'caldav_homeset': None, 'google_expire_time': '2017-02-22 00:12:29', 'refresh_token': None}]
2017-02-21 23:31:38 INFO: valid date
2017-02-21 23:31:38 DEBUG: newacces=>None
2017-02-21 23:31:38 INFO: Starting new HTTPS connection (1): www.googleapis.com
2017-02-21 23:31:39 DEBUG: "GET /calendar/v3/calendars/cpg0504%40gmail.com/events?maxResults=10&pageToken=CigKGjZ2cmJhZWU3bTVjM3EwYThxbGFpOWFjb29vGAEggIDA6p6FiM4VGg0IABIAGJiB_vnpntIC HTTP/1.1" 200 1190
2017-02-21 23:31:39 DEBUG: ress=>{'etag': '"p32c83vnpt6fd40g"', 'updated': '2017-02-20T13:55:54.447Z', 'items': [{'htmlLink': 'https://www.google.com/calendar/event?eid=M3R1ZTRxMjVlNGQ2dGxsYTc4dWduZnVmZmsgY3BnMDUwNEBt', 'updated': '2017-01-21T17:37:23.762Z', 'start': {'dateTime': '2017-01-20T06:00:00+09:00'}, 'organizer': {'displayName': 'Choi yenos', 'email': 'cpg0504@gmail.com', 'self': True}, 'end': {'dateTime': '2017-01-20T07:00:00+09:00'}, 'iCalUID': '3tue4q25e4d6tlla78ugnfuffk@google.com', 'reminders': {'useDefault': True}, 'summary': 'ggggood', 'status': 'confirmed', 'created': '2017-01-21T17:37:23.000Z', 'etag': '"2970040487524000"', 'sequence': 0, 'id': '3tue4q25e4d6tlla78ugnfuffk', 'creator': {'displayName': 'Choi yenos', 'email': 'cpg0504@gmail.com', 'self': True}, 'kind': 'calendar#event'}], 'accessRole': 'owner', 'timeZone': 'Asia/Seoul', 'kind': 'calendar#events', 'nextPageToken': 'CigKGnBxdWJtYW04bjZ0bmJoZTA4aDg4MTBlMHAwGAEggICA8q2Bic4VGg0IABIAGJiB_vnpntIC', 'summary': 'cpg0504@gmail.com', 'defaultReminders': [{'minutes': 30, 'method': 'popup'}]}
2017-02-21 23:31:39 DEBUG: event_id=>3tue4q25e4d6tlla78ugnfuffk
2017-02-21 23:31:39 INFO: INSERT INTO EVENT (event_hashkey,calendar_hashkey,event_id,summary,start_dt,end_dt,created_dt,updated_dt,location) VALUES (%(p0)s, %(p1)s, %(p2)s, %(p3)s, %(p4)s, %(p5)s, %(p6)s, %(p7)s, %(p8)s) 
2017-02-21 23:31:39 INFO: {'p6': '2017-01-21T17:37:23.000', 'p8': 'noLocation', 'p1': '466561a44ac70a3e589c57c445f8be0b5ef56039afdfb7a1edcb831a', 'p7': '2017-01-21T17:37:23.762', 'p3': 'ggggood', 'p5': '2017-01-20T07:00:00', 'p4': '2017-01-20T06:00:00', 'p2': '3tue4q25e4d6tlla78ugnfuffk', 'p0': '91c910e6f2d6a87009c4776e167ebf0ff9c34fa62819e1639ec3b582'}
2017-02-21 23:31:39 INFO: COMMIT
2017-02-21 23:31:39 INFO: checkValidAccesToken
2017-02-21 23:31:39 INFO: SELECT * FROM USERACCOUNT WHERE access_token = %(p0)s 
2017-02-21 23:31:39 INFO: {'p0': 'ya29.GmT5A2Tx2S6f1iWZxBRwhx-53bBZxWPxPeGb1LfbYY5cy-7JKwGVq6QiwBxKXlX1Dbbyy6ABAvyWSKj3S4-_UE2158IvN1OLgJ8Aa79t5Ly7Kqsphnl20hI6RCa8QU_yI0EPLY8q'}
2017-02-21 23:31:39 INFO: COMMIT
2017-02-21 23:31:39 DEBUG: [{'account_hashkey': '121b24aa0f5d4272db80dcd9052742dc4aa14af68373a9a5a62ad82f', 'access_token': 'ya29.GmT5A2Tx2S6f1iWZxBRwhx-53bBZxWPxPeGb1LfbYY5cy-7JKwGVq6QiwBxKXlX1Dbbyy6ABAvyWSKj3S4-_UE2158IvN1OLgJ8Aa79t5Ly7Kqsphnl20hI6RCa8QU_yI0EPLY8q', 'create_datetime': '2017-02-21 23:15:47', 'login_platform': 'google', 'subject': '100309767722512756707', 'user_id': 'cpg0504@gmail.com', 'is_active': 1, 'user_hashkey': '5f023d3fb1a18e4b130d763394fd05e369646c307f70b536e0b10822', 'caldav_homeset': None, 'google_expire_time': '2017-02-22 00:12:29', 'refresh_token': None}]
2017-02-21 23:31:39 INFO: valid date
2017-02-21 23:31:39 DEBUG: newacces=>None
2017-02-21 23:31:39 INFO: Starting new HTTPS connection (1): www.googleapis.com
2017-02-21 23:31:39 DEBUG: "POST /calendar/v3/calendars/6bku0pgm84k5h5a4bcoahntp78@group.calendar.google.com/events/watch HTTP/1.1" 200 None
2017-02-21 23:31:39 DEBUG: calender id =>m8am4m7vmd27251vlnkai28tv8@group.calendar.google.com
2017-02-21 23:31:39 INFO: checkValidAccesToken
2017-02-21 23:31:39 INFO: SELECT * FROM USERACCOUNT WHERE access_token = %(p0)s 
2017-02-21 23:31:39 INFO: {'p0': 'ya29.GmT5A2Tx2S6f1iWZxBRwhx-53bBZxWPxPeGb1LfbYY5cy-7JKwGVq6QiwBxKXlX1Dbbyy6ABAvyWSKj3S4-_UE2158IvN1OLgJ8Aa79t5Ly7Kqsphnl20hI6RCa8QU_yI0EPLY8q'}
2017-02-21 23:31:39 INFO: COMMIT
2017-02-21 23:31:39 DEBUG: [{'account_hashkey': '121b24aa0f5d4272db80dcd9052742dc4aa14af68373a9a5a62ad82f', 'access_token': 'ya29.GmT5A2Tx2S6f1iWZxBRwhx-53bBZxWPxPeGb1LfbYY5cy-7JKwGVq6QiwBxKXlX1Dbbyy6ABAvyWSKj3S4-_UE2158IvN1OLgJ8Aa79t5Ly7Kqsphnl20hI6RCa8QU_yI0EPLY8q', 'create_datetime': '2017-02-21 23:15:47', 'login_platform': 'google', 'subject': '100309767722512756707', 'user_id': 'cpg0504@gmail.com', 'is_active': 1, 'user_hashkey': '5f023d3fb1a18e4b130d763394fd05e369646c307f70b536e0b10822', 'caldav_homeset': None, 'google_expire_time': '2017-02-22 00:12:29', 'refresh_token': None}]
2017-02-21 23:31:39 INFO: valid date
2017-02-21 23:31:39 DEBUG: newacces=>None
2017-02-21 23:31:39 INFO: Starting new HTTPS connection (1): www.googleapis.com
2017-02-21 23:31:39 DEBUG: "GET /calendar/v3/calendars/cpg0504%40gmail.com/events?maxResults=10&pageToken=CigKGnBxdWJtYW04bjZ0bmJoZTA4aDg4MTBlMHAwGAEggICA8q2Bic4VGg0IABIAGJiB_vnpntIC HTTP/1.1" 200 4390
2017-02-21 23:31:39 DEBUG: ress=>{'etag': '"p32c83vnpt6fd40g"', 'updated': '2017-02-20T13:55:54.447Z', 'items': [{'htmlLink': 'https://www.google.com/calendar/event?eid=aWsxcjVvcWpwcmhjMnFkbGY2ZWRwaHVubGMgY3BnMDUwNEBt', 'updated': '2017-01-21T19:31:54.007Z', 'start': {'dateTime': '2017-01-20T04:00:00+09:00'}, 'organizer': {'displayName': 'Choi yenos', 'email': 'cpg0504@gmail.com', 'self': True}, 'end': {'dateTime': '2017-01-20T05:00:00+09:00'}, 'iCalUID': 'ik1r5oqjprhc2qdlf6edphunlc@google.com', 'reminders': {'useDefault': True}, 'status': 'confirmed', 'created': '2017-01-21T19:31:53.000Z', 'etag': '"2970054228014000"', 'sequence': 0, 'id': 'ik1r5oqjprhc2qdlf6edphunlc', 'creator': {'displayName': 'Choi yenos', 'email': 'cpg0504@gmail.com', 'self': True}, 'kind': 'calendar#event'}, {'htmlLink': 'https://www.google.com/calendar/event?eid=b2U1YTVkY2poMnZnazczNGZ1azdidXN1aDQgY3BnMDUwNEBt', 'updated': '2017-01-22T05:16:40.898Z', 'start': {'dateTime': '2017-01-19T05:00:00+09:00'}, 'organizer': {'displayName': 'Choi yenos', 'email': 'cpg0504@gmail.com', 'self': True}, 'end': {'dateTime': '2017-01-19T06:00:00+09:00'}, 'iCalUID': 'oe5a5dcjh2vgk734fuk7busuh4@google.com', 'reminders': {'useDefault': True}, 'summary': 'uuuuu', 'status': 'confirmed', 'created': '2017-01-22T05:16:12.000Z', 'etag': '"2970124401796000"', 'sequence': 0, 'id': 'oe5a5dcjh2vgk734fuk7busuh4', 'creator': {'displayName': 'Choi yenos', 'email': 'cpg0504@gmail.com', 'self': True}, 'kind': 'calendar#event'}, {'htmlLink': 'https://www.google.com/calendar/event?eid=OWJxM2hqNWpraW5hNTN0cDc0MmR2NzhmNG8gY3BnMDUwNEBt', 'updated': '2017-01-29T05:10:29.214Z', 'start': {'dateTime': '2017-01-26T09:00:00+09:00'}, 'organizer': {'displayName': 'Choi yenos', 'email': 'cpg0504@gmail.com', 'self': True}, 'end': {'dateTime': '2017-01-26T10:00:00+09:00'}, 'iCalUID': '9bq3hj5jkina53tp742dv78f4o@google.com', 'reminders': {'useDefault': True}, 'status': 'confirmed', 'created': '2017-01-29T05:10:29.000Z', 'etag': '"2971333258428000"', 'sequence': 0, 'id': '9bq3hj5jkina53tp742dv78f4o', 'creator': {'displayName': 'Choi yenos', 'email': 'cpg0504@gmail.com', 'self': True}, 'kind': 'calendar#event'}, {'htmlLink': 'https://www.google.com/calendar/event?eid=NmgxcXZxZHV0YmxxN24xMWYzcmJnZWFyZDQgY3BnMDUwNEBt', 'updated': '2017-01-30T16:45:43.490Z', 'start': {'dateTime': '2017-02-02T04:00:00+09:00'}, 'organizer': {'displayName': 'Choi yenos', 'email': 'cpg0504@gmail.com', 'self': True}, 'end': {'dateTime': '2017-02-02T05:00:00+09:00'}, 'iCalUID': '6h1qvqdutblq7n11f3rbgeard4@google.com', 'reminders': {'useDefault': True}, 'summary': 'test', 'status': 'confirmed', 'created': '2017-01-30T16:45:43.000Z', 'etag': '"2971589486980000"', 'sequence': 0, 'id': '6h1qvqdutblq7n11f3rbgeard4', 'creator': {'displayName': 'Choi yenos', 'email': 'cpg0504@gmail.com', 'self': True}, 'kind': 'calendar#event'}, {'htmlLink': 'https://www.google.com/calendar/event?eid=djQyamF0ZjZuOGQ0cWp1bGp0ZXRuOTNqbnMgY3BnMDUwNEBt', 'updated': '2017-01-30T19:14:24.087Z', 'start': {'dateTime': '2017-02-02T08:00:00+09:00'}, 'organizer': {'displayName': 'Choi yenos', 'email': 'cpg0504@gmail.com', 'self': True}, 'end': {'dateTime': '2017-02-02T09:00:00+09:00'}, 'iCalUID': 'v42jatf6n8d4qjuljtetn93jns@google.com', 'reminders': {'useDefault': True}, 'summary': 'dd', 'status': 'confirmed', 'created': '2017-01-30T19:14:24.000Z', 'etag': '"2971607328174000"', 'sequence': 0, 'id': 'v42jatf6n8d4qjuljtetn93jns', 'creator': {'displayName': 'Choi yenos', 'email': 'cpg0504@gmail.com', 'self': True}, 'kind': 'calendar#event'}], 'accessRole': 'owner', 'timeZone': 'Asia/Seoul', 'kind': 'calendar#events', 'nextPageToken': 'CigKGnY0MmphdGY2bjhkNHFqdWxqdGV0bjkzam5zGAEggIDA67KZw88VGg0IABIAGJiB_vnpntIC', 'summary': 'cpg0504@gmail.com', 'defaultReminders': [{'minutes': 30, 'method': 'popup'}]}
2017-02-21 23:31:39 DEBUG: event_id=>ik1r5oqjprhc2qdlf6edphunlc
2017-02-21 23:31:39 INFO: INSERT INTO EVENT (event_hashkey,calendar_hashkey,event_id,summary,start_dt,end_dt,created_dt,updated_dt,location) VALUES (%(p0)s, %(p1)s, %(p2)s, %(p3)s, %(p4)s, %(p5)s, %(p6)s, %(p7)s, %(p8)s) 
2017-02-21 23:31:39 INFO: {'p6': '2017-01-21T19:31:53.000', 'p8': 'noLocation', 'p4': '2017-01-20T04:00:00', 'p7': '2017-01-21T19:31:54.007', 'p5': '2017-01-20T05:00:00', 'p1': '466561a44ac70a3e589c57c445f8be0b5ef56039afdfb7a1edcb831a', 'p3': 'noTitle', 'p2': 'ik1r5oqjprhc2qdlf6edphunlc', 'p0': '1077fc42a7682af3b8b607a59eae68b3d4da331e96a48a46e5b713e0'}
2017-02-21 23:31:39 INFO: COMMIT
2017-02-21 23:31:39 DEBUG: event_id=>oe5a5dcjh2vgk734fuk7busuh4
2017-02-21 23:31:39 INFO: INSERT INTO EVENT (event_hashkey,calendar_hashkey,event_id,summary,start_dt,end_dt,created_dt,updated_dt,location) VALUES (%(p0)s, %(p1)s, %(p2)s, %(p3)s, %(p4)s, %(p5)s, %(p6)s, %(p7)s, %(p8)s) 
2017-02-21 23:31:39 INFO: {'p6': '2017-01-22T05:16:12.000', 'p8': 'noLocation', 'p4': '2017-01-19T05:00:00', 'p7': '2017-01-22T05:16:40.898', 'p5': '2017-01-19T06:00:00', 'p1': '466561a44ac70a3e589c57c445f8be0b5ef56039afdfb7a1edcb831a', 'p3': 'uuuuu', 'p2': 'oe5a5dcjh2vgk734fuk7busuh4', 'p0': '137d902b0d50a62e5195ec7318ae051e8dc994f758185a95bfb77dd5'}
2017-02-21 23:31:39 INFO: COMMIT
2017-02-21 23:31:39 DEBUG: event_id=>9bq3hj5jkina53tp742dv78f4o
2017-02-21 23:31:39 INFO: INSERT INTO EVENT (event_hashkey,calendar_hashkey,event_id,summary,start_dt,end_dt,created_dt,updated_dt,location) VALUES (%(p0)s, %(p1)s, %(p2)s, %(p3)s, %(p4)s, %(p5)s, %(p6)s, %(p7)s, %(p8)s) 
2017-02-21 23:31:39 INFO: {'p6': '2017-01-29T05:10:29.000', 'p8': 'noLocation', 'p4': '2017-01-26T09:00:00', 'p7': '2017-01-29T05:10:29.214', 'p5': '2017-01-26T10:00:00', 'p1': '466561a44ac70a3e589c57c445f8be0b5ef56039afdfb7a1edcb831a', 'p3': 'noTitle', 'p2': '9bq3hj5jkina53tp742dv78f4o', 'p0': '6edfac4d54f2501166160399d5f380812a8beee9e6fb6c0b6e3119a3'}
2017-02-21 23:31:39 INFO: COMMIT
2017-02-21 23:31:39 DEBUG: event_id=>6h1qvqdutblq7n11f3rbgeard4
2017-02-21 23:31:39 INFO: INSERT INTO EVENT (event_hashkey,calendar_hashkey,event_id,summary,start_dt,end_dt,created_dt,updated_dt,location) VALUES (%(p0)s, %(p1)s, %(p2)s, %(p3)s, %(p4)s, %(p5)s, %(p6)s, %(p7)s, %(p8)s) 
2017-02-21 23:31:39 INFO: {'p6': '2017-01-30T16:45:43.000', 'p8': 'noLocation', 'p4': '2017-02-02T04:00:00', 'p7': '2017-01-30T16:45:43.490', 'p5': '2017-02-02T05:00:00', 'p1': '466561a44ac70a3e589c57c445f8be0b5ef56039afdfb7a1edcb831a', 'p3': 'test', 'p2': '6h1qvqdutblq7n11f3rbgeard4', 'p0': '42283813e8aac97da1c5496f3ee3d6c023860a3a96b09027ef0a3ecf'}
2017-02-21 23:31:39 INFO: COMMIT
2017-02-21 23:31:39 DEBUG: event_id=>v42jatf6n8d4qjuljtetn93jns
2017-02-21 23:31:39 INFO: INSERT INTO EVENT (event_hashkey,calendar_hashkey,event_id,summary,start_dt,end_dt,created_dt,updated_dt,location) VALUES (%(p0)s, %(p1)s, %(p2)s, %(p3)s, %(p4)s, %(p5)s, %(p6)s, %(p7)s, %(p8)s) 
2017-02-21 23:31:39 INFO: {'p6': '2017-01-30T19:14:24.000', 'p8': 'noLocation', 'p4': '2017-02-02T08:00:00', 'p7': '2017-01-30T19:14:24.087', 'p5': '2017-02-02T09:00:00', 'p1': '466561a44ac70a3e589c57c445f8be0b5ef56039afdfb7a1edcb831a', 'p3': 'dd', 'p2': 'v42jatf6n8d4qjuljtetn93jns', 'p0': '487b693efbcf9fcacb2e2bb5f34772bb72c42d6ac3b88d804726feb0'}
2017-02-21 23:31:39 INFO: COMMIT
2017-02-21 23:31:39 INFO: checkValidAccesToken
2017-02-21 23:31:39 INFO: SELECT * FROM USERACCOUNT WHERE access_token = %(p0)s 
2017-02-21 23:31:39 INFO: {'p0': 'ya29.GmT5A2Tx2S6f1iWZxBRwhx-53bBZxWPxPeGb1LfbYY5cy-7JKwGVq6QiwBxKXlX1Dbbyy6ABAvyWSKj3S4-_UE2158IvN1OLgJ8Aa79t5Ly7Kqsphnl20hI6RCa8QU_yI0EPLY8q'}
2017-02-21 23:31:39 INFO: COMMIT
2017-02-21 23:31:39 DEBUG: [{'account_hashkey': '121b24aa0f5d4272db80dcd9052742dc4aa14af68373a9a5a62ad82f', 'access_token': 'ya29.GmT5A2Tx2S6f1iWZxBRwhx-53bBZxWPxPeGb1LfbYY5cy-7JKwGVq6QiwBxKXlX1Dbbyy6ABAvyWSKj3S4-_UE2158IvN1OLgJ8Aa79t5Ly7Kqsphnl20hI6RCa8QU_yI0EPLY8q', 'create_datetime': '2017-02-21 23:15:47', 'login_platform': 'google', 'subject': '100309767722512756707', 'user_id': 'cpg0504@gmail.com', 'is_active': 1, 'user_hashkey': '5f023d3fb1a18e4b130d763394fd05e369646c307f70b536e0b10822', 'caldav_homeset': None, 'google_expire_time': '2017-02-22 00:12:29', 'refresh_token': None}]
2017-02-21 23:31:39 INFO: valid date
2017-02-21 23:31:39 DEBUG: newacces=>None
2017-02-21 23:31:39 INFO: Starting new HTTPS connection (1): www.googleapis.com
2017-02-21 23:31:40 DEBUG: "GET /calendar/v3/calendars/cpg0504%40gmail.com/events?maxResults=10&pageToken=CigKGnY0MmphdGY2bjhkNHFqdWxqdGV0bjkzam5zGAEggIDA67KZw88VGg0IABIAGJiB_vnpntIC HTTP/1.1" 200 4576
2017-02-21 23:31:40 DEBUG: ress=>{'etag': '"p32c83vnpt6fd40g"', 'updated': '2017-02-20T13:55:54.447Z', 'items': [{'htmlLink': 'https://www.google.com/calendar/event?eid=bjAzM3FmcGUwcDNyZWw3N2wxa2xpN282NW8gY3BnMDUwNEBt', 'updated': '2017-01-31T10:24:12.614Z', 'start': {'dateTime': '2017-02-02T10:00:00+09:00'}, 'organizer': {'displayName': 'Choi yenos', 'email': 'cpg0504@gmail.com', 'self': True}, 'end': {'dateTime': '2017-02-02T11:00:00+09:00'}, 'iCalUID': 'n033qfpe0p3rel77l1kli7o65o@google.com', 'reminders': {'useDefault': True}, 'summary': 'ggg', 'status': 'confirmed', 'created': '2017-01-31T10:24:12.000Z', 'etag': '"2971716505228000"', 'sequence': 0, 'id': 'n033qfpe0p3rel77l1kli7o65o', 'creator': {'displayName': 'Choi yenos', 'email': 'cpg0504@gmail.com', 'self': True}, 'kind': 'calendar#event'}, {'htmlLink': 'https://www.google.com/calendar/event?eid=cnBsZ2J0aW1nYjdycGdybTc2M3V0MGlwMGMgY3BnMDUwNEBt', 'updated': '2017-01-31T10:25:31.263Z', 'start': {'dateTime': '2017-02-02T12:00:00+09:00'}, 'organizer': {'displayName': 'Choi yenos', 'email': 'cpg0504@gmail.com', 'self': True}, 'end': {'dateTime': '2017-02-02T13:00:00+09:00'}, 'iCalUID': 'rplgbtimgb7rpgrm763ut0ip0c@google.com', 'reminders': {'useDefault': True}, 'summary': 'tttt', 'status': 'confirmed', 'created': '2017-01-31T10:25:31.000Z', 'etag': '"2971716662526000"', 'sequence': 0, 'id': 'rplgbtimgb7rpgrm763ut0ip0c', 'creator': {'displayName': 'Choi yenos', 'email': 'cpg0504@gmail.com', 'self': True}, 'kind': 'calendar#event'}, {'htmlLink': 'https://www.google.com/calendar/event?eid=bjcyaGpwbWJnMGR0bnNxM2gyazVkMmFpbzAgY3BnMDUwNEBt', 'updated': '2017-01-31T10:45:55.255Z', 'start': {'dateTime': '2017-02-02T06:00:00+09:00'}, 'organizer': {'displayName': 'Choi yenos', 'email': 'cpg0504@gmail.com', 'self': True}, 'end': {'dateTime': '2017-02-02T07:00:00+09:00'}, 'iCalUID': 'n72hjpmbg0dtnsq3h2k5d2aio0@google.com', 'reminders': {'useDefault': True}, 'summary': 'tegg', 'status': 'confirmed', 'created': '2017-01-31T10:45:55.000Z', 'etag': '"2971719110510000"', 'sequence': 0, 'id': 'n72hjpmbg0dtnsq3h2k5d2aio0', 'creator': {'displayName': 'Choi yenos', 'email': 'cpg0504@gmail.com', 'self': True}, 'kind': 'calendar#event'}, {'htmlLink': 'https://www.google.com/calendar/event?eid=dGllbHMza2w4dmNoaG1yYXIycm02ZG0zOGcgY3BnMDUwNEBt', 'updated': '2017-02-01T02:33:31.829Z', 'start': {'dateTime': '2017-02-01T04:00:00+09:00'}, 'organizer': {'displayName': 'Choi yenos', 'email': 'cpg0504@gmail.com', 'self': True}, 'end': {'dateTime': '2017-02-01T05:00:00+09:00'}, 'iCalUID': 'tiels3kl8vchhmrar2rm6dm38g@google.com', 'reminders': {'useDefault': True}, 'status': 'confirmed', 'created': '2017-02-01T02:33:31.000Z', 'etag': '"2971832823658000"', 'sequence': 0, 'id': 'tiels3kl8vchhmrar2rm6dm38g', 'creator': {'displayName': 'Choi yenos', 'email': 'cpg0504@gmail.com', 'self': True}, 'kind': 'calendar#event'}, {'htmlLink': 'https://www.google.com/calendar/event?eid=dThwaGQxc2x2ZHJqMWpkczk2NWgyNXVqZDRfMjAxNzAxMzFUMjIzMDAwWiBjcGcwNTA0QG0', 'updated': '2017-02-07T16:08:22.403Z', 'start': {'date': '2017-02-01'}, 'originalStartTime': {'dateTime': '2017-02-01T07:30:00+09:00'}, 'organizer': {'displayName': 'Choi yenos', 'email': 'cpg0504@gmail.com', 'self': True}, 'end': {'date': '2017-02-02'}, 'iCalUID': 'u8phd1slvdrj1jds965h25ujd4@google.com', 'reminders': {'useDefault': False}, 'summary': 'dddefevvvbee', 'status': 'confirmed', 'created': '2017-02-07T16:00:11.000Z', 'etag': '"2973446662760000"', 'sequence': 2, 'id': 'u8phd1slvdrj1jds965h25ujd4_20170131T223000Z', 'recurringEventId': 'u8phd1slvdrj1jds965h25ujd4', 'creator': {'displayName': 'Choi yenos', 'email': 'cpg0504@gmail.com', 'self': True}, 'kind': 'calendar#event'}], 'accessRole': 'owner', 'timeZone': 'Asia/Seoul', 'kind': 'calendar#events', 'nextPageToken': 'CjkKK3U4cGhkMXNsdmRyajFqZHM5NjVoMjV1amQ0XzIwMTcwMTMxVDIyMzAwMFoYASCAgMDBwqrl0BUaDQgAEgAYmIH--eme0gI=', 'summary': 'cpg0504@gmail.com', 'defaultReminders': [{'minutes': 30, 'method': 'popup'}]}
2017-02-21 23:31:40 DEBUG: event_id=>n033qfpe0p3rel77l1kli7o65o
2017-02-21 23:31:40 INFO: INSERT INTO EVENT (event_hashkey,calendar_hashkey,event_id,summary,start_dt,end_dt,created_dt,updated_dt,location) VALUES (%(p0)s, %(p1)s, %(p2)s, %(p3)s, %(p4)s, %(p5)s, %(p6)s, %(p7)s, %(p8)s) 
2017-02-21 23:31:40 INFO: {'p5': '2017-02-02T11:00:00', 'p6': '2017-01-31T10:24:12.000', 'p8': 'noLocation', 'p4': '2017-02-02T10:00:00', 'p7': '2017-01-31T10:24:12.614', 'p2': 'n033qfpe0p3rel77l1kli7o65o', 'p1': '466561a44ac70a3e589c57c445f8be0b5ef56039afdfb7a1edcb831a', 'p3': 'ggg', 'p0': '4c91a68f8e0cce1dc87a5d8c0f979d04ee0e1e993cbde99e136977c2'}
2017-02-21 23:31:40 INFO: COMMIT
2017-02-21 23:31:40 DEBUG: event_id=>rplgbtimgb7rpgrm763ut0ip0c
2017-02-21 23:31:40 INFO: INSERT INTO EVENT (event_hashkey,calendar_hashkey,event_id,summary,start_dt,end_dt,created_dt,updated_dt,location) VALUES (%(p0)s, %(p1)s, %(p2)s, %(p3)s, %(p4)s, %(p5)s, %(p6)s, %(p7)s, %(p8)s) 
2017-02-21 23:31:40 INFO: {'p6': '2017-01-31T10:25:31.000', 'p8': 'noLocation', 'p3': 'tttt', 'p7': '2017-01-31T10:25:31.263', 'p5': '2017-02-02T13:00:00', 'p1': '466561a44ac70a3e589c57c445f8be0b5ef56039afdfb7a1edcb831a', 'p4': '2017-02-02T12:00:00', 'p2': 'rplgbtimgb7rpgrm763ut0ip0c', 'p0': '5514fb113c4bce532aeade17894ec38005d380e8d93539fca10936b1'}
2017-02-21 23:31:40 INFO: COMMIT
2017-02-21 23:31:40 DEBUG: event_id=>n72hjpmbg0dtnsq3h2k5d2aio0
2017-02-21 23:31:40 INFO: INSERT INTO EVENT (event_hashkey,calendar_hashkey,event_id,summary,start_dt,end_dt,created_dt,updated_dt,location) VALUES (%(p0)s, %(p1)s, %(p2)s, %(p3)s, %(p4)s, %(p5)s, %(p6)s, %(p7)s, %(p8)s) 
2017-02-21 23:31:40 INFO: {'p6': '2017-01-31T10:45:55.000', 'p8': 'noLocation', 'p3': 'tegg', 'p7': '2017-01-31T10:45:55.255', 'p5': '2017-02-02T07:00:00', 'p1': '466561a44ac70a3e589c57c445f8be0b5ef56039afdfb7a1edcb831a', 'p4': '2017-02-02T06:00:00', 'p2': 'n72hjpmbg0dtnsq3h2k5d2aio0', 'p0': 'fe0f163eece177779d326d1c52955470f11f3b8a956667d840f4c974'}
2017-02-21 23:31:40 INFO: COMMIT
2017-02-21 23:31:40 DEBUG: event_id=>tiels3kl8vchhmrar2rm6dm38g
2017-02-21 23:31:40 INFO: INSERT INTO EVENT (event_hashkey,calendar_hashkey,event_id,summary,start_dt,end_dt,created_dt,updated_dt,location) VALUES (%(p0)s, %(p1)s, %(p2)s, %(p3)s, %(p4)s, %(p5)s, %(p6)s, %(p7)s, %(p8)s) 
2017-02-21 23:31:40 INFO: {'p6': '2017-02-01T02:33:31.000', 'p8': 'noLocation', 'p3': 'noTitle', 'p7': '2017-02-01T02:33:31.829', 'p5': '2017-02-01T05:00:00', 'p1': '466561a44ac70a3e589c57c445f8be0b5ef56039afdfb7a1edcb831a', 'p4': '2017-02-01T04:00:00', 'p2': 'tiels3kl8vchhmrar2rm6dm38g', 'p0': '4f2b11caec84829c755cded9fedd736a99f8651f741fe26b04759c0c'}
2017-02-21 23:31:40 INFO: COMMIT
2017-02-21 23:31:40 DEBUG: event_id=>u8phd1slvdrj1jds965h25ujd4_20170131T223000Z
2017-02-21 23:31:40 INFO: INSERT INTO EVENT (event_hashkey,calendar_hashkey,event_id,summary,start_dt,end_dt,created_dt,updated_dt,location) VALUES (%(p0)s, %(p1)s, %(p2)s, %(p3)s, %(p4)s, %(p5)s, %(p6)s, %(p7)s, %(p8)s) 
2017-02-21 23:31:40 INFO: {'p6': '2017-02-07T16:00:11.000', 'p8': 'noLocation', 'p4': '2017-02-01', 'p7': '2017-02-07T16:08:22.403', 'p5': '2017-02-02', 'p1': '466561a44ac70a3e589c57c445f8be0b5ef56039afdfb7a1edcb831a', 'p3': 'dddefevvvbee', 'p2': 'u8phd1slvdrj1jds965h25ujd4_20170131T223000Z', 'p0': 'de7bbf874baf7a4a0340366ba60e6225f683d9f8c7f431a50aa7da5d'}
2017-02-21 23:31:40 INFO: COMMIT
2017-02-21 23:31:40 INFO: checkValidAccesToken
2017-02-21 23:31:40 INFO: SELECT * FROM USERACCOUNT WHERE access_token = %(p0)s 
2017-02-21 23:31:40 INFO: {'p0': 'ya29.GmT5A2Tx2S6f1iWZxBRwhx-53bBZxWPxPeGb1LfbYY5cy-7JKwGVq6QiwBxKXlX1Dbbyy6ABAvyWSKj3S4-_UE2158IvN1OLgJ8Aa79t5Ly7Kqsphnl20hI6RCa8QU_yI0EPLY8q'}
2017-02-21 23:31:40 INFO: COMMIT
2017-02-21 23:31:40 DEBUG: [{'account_hashkey': '121b24aa0f5d4272db80dcd9052742dc4aa14af68373a9a5a62ad82f', 'access_token': 'ya29.GmT5A2Tx2S6f1iWZxBRwhx-53bBZxWPxPeGb1LfbYY5cy-7JKwGVq6QiwBxKXlX1Dbbyy6ABAvyWSKj3S4-_UE2158IvN1OLgJ8Aa79t5Ly7Kqsphnl20hI6RCa8QU_yI0EPLY8q', 'create_datetime': '2017-02-21 23:15:47', 'login_platform': 'google', 'subject': '100309767722512756707', 'user_id': 'cpg0504@gmail.com', 'is_active': 1, 'user_hashkey': '5f023d3fb1a18e4b130d763394fd05e369646c307f70b536e0b10822', 'caldav_homeset': None, 'google_expire_time': '2017-02-22 00:12:29', 'refresh_token': None}]
2017-02-21 23:31:40 INFO: valid date
2017-02-21 23:31:40 DEBUG: newacces=>None
2017-02-21 23:31:40 INFO: Starting new HTTPS connection (1): www.googleapis.com
2017-02-21 23:31:40 DEBUG: "GET /calendar/v3/calendars/cpg0504%40gmail.com/events?maxResults=10&pageToken=CjkKK3U4cGhkMXNsdmRyajFqZHM5NjVoMjV1amQ0XzIwMTcwMTMxVDIyMzAwMFoYASCAgMDBwqrl0BUaDQgAEgAYmIH--eme0gI%3D HTTP/1.1" 200 10061
2017-02-21 23:31:40 DEBUG: ress=>{'etag': '"p32c83vnpt6fd40g"', 'updated': '2017-02-20T13:55:54.447Z', 'items': [{'htmlLink': 'https://www.google.com/calendar/event?eid=aWhyYTB1MXBoMThuMGhtbm9zZWdmNDR0ZGcgY3BnMDUwNEBt', 'updated': '2017-02-07T16:18:08.277Z', 'attachments': [{'fileUrl': 'https://drive.google.com/file/d/0B8OPfJRyryRIMzY0eC1jX25rd2c/view?usp=drive_web', 'title': '스크린샷 2017-02-02 오전 2.18.49.png', 'iconLink': 'https://ssl.gstatic.com/docs/doclist/images/icon_10_generic_list.png', 'fileId': '0B8OPfJRyryRIMzY0eC1jX25rd2c'}], 'location': '강남역, 대한민국 서울특별시 역삼1동', 'sequence': 1, 'organizer': {'displayName': 'Choi yenos', 'email': 'cpg0504@gmail.com', 'self': True}, 'end': {'dateTime': '2017-02-01T05:30:00+09:00'}, 'iCalUID': 'ihra0u1ph18n0hmnosegf44tdg@google.com', 'created': '2017-02-01T02:31:05.000Z', 'description': 'ㅇㄴ래먼ㅇ래ㅑㅇ너랴ㅐㄴㅇ멀ㄴ애ㅑ러ㅐㅑㄹ어ㅐㅑㅁ러내ㅑㅇㄴ렁ㄴ', 'summary': 'testddbb', 'colorId': '10', 'status': 'confirmed', 'etag': '"2972968216434000"', 'start': {'dateTime': '2017-02-01T04:30:00+09:00'}, 'id': 'ihra0u1ph18n0hmnosegf44tdg', 'reminders': {'overrides': [{'minutes': 1440, 'method': 'popup'}, {'minutes': 600, 'method': 'email'}], 'useDefault': False}, 'creator': {'displayName': 'Choi yenos', 'email': 'cpg0504@gmail.com', 'self': True}, 'kind': 'calendar#event', 'transparency': 'transparent'}, {'htmlLink': 'https://www.google.com/calendar/event?eid=cHUwczU4b2VsZDhmOGdubnFjZG9xNWo3MWNfMjAxNzAyMTBUMDEwMDAwWiBjcGcwNTA0QG0', 'updated': '2017-02-10T06:06:12.789Z', 'start': {'timeZone': 'Asia/Seoul', 'dateTime': '2017-02-10T10:00:00+09:00'}, 'recurrence': ['RRULE:FREQ=YEARLY;COUNT=5'], 'organizer': {'displayName': 'Choi yenos', 'email': 'cpg0504@gmail.com', 'self': True}, 'end': {'timeZone': 'Asia/Seoul', 'dateTime': '2017-02-10T11:00:00+09:00'}, 'iCalUID': 'pu0s58oeld8f8gnnqcdoq5j71c@google.com', 'reminders': {'overrides': [{'minutes': 30, 'method': 'popup'}], 'useDefault': False}, 'summary': 'test', 'status': 'confirmed', 'created': '2017-02-10T05:51:20.000Z', 'etag': '"2973413545484000"', 'sequence': 9, 'id': 'pu0s58oeld8f8gnnqcdoq5j71c', 'creator': {'displayName': 'Choi yenos', 'email': 'cpg0504@gmail.com', 'self': True}, 'kind': 'calendar#event'}, {'htmlLink': 'https://www.google.com/calendar/event?eid=cTFpcDUwbTd1bzZuM3NpZHVlZG1wcjJuaTggY3BnMDUwNEBt', 'updated': '2017-02-10T06:34:10.719Z', 'start': {'timeZone': 'Europe/Copenhagen', 'dateTime': '2017-02-10T14:00:00+09:00'}, 'organizer': {'displayName': 'Choi yenos', 'email': 'cpg0504@gmail.com', 'self': True}, 'end': {'timeZone': 'Europe/Copenhagen', 'dateTime': '2017-02-10T15:00:00+09:00'}, 'iCalUID': 'q1ip50m7uo6n3siduedmpr2ni8@google.com', 'reminders': {'useDefault': True}, 'status': 'confirmed', 'created': '2017-02-10T06:34:10.000Z', 'etag': '"2973416901438000"', 'sequence': 0, 'id': 'q1ip50m7uo6n3siduedmpr2ni8', 'creator': {'displayName': 'Choi yenos', 'email': 'cpg0504@gmail.com', 'self': True}, 'kind': 'calendar#event'}, {'htmlLink': 'https://www.google.com/calendar/event?eid=cTFkaWtldWE4c2txbG9tbjg3bTlrbDV2YTAgY3BnMDUwNEBt', 'updated': '2017-02-10T06:36:36.189Z', 'start': {'date': '2017-02-11'}, 'organizer': {'displayName': 'Choi yenos', 'email': 'cpg0504@gmail.com', 'self': True}, 'end': {'date': '2017-02-12'}, 'iCalUID': 'q1dikeua8skqlomn87m9kl5va0@google.com', 'reminders': {'useDefault': False}, 'summary': 'testtt', 'status': 'confirmed', 'created': '2017-02-10T06:36:36.000Z', 'etag': '"2973417192378000"', 'sequence': 0, 'id': 'q1dikeua8skqlomn87m9kl5va0', 'creator': {'displayName': 'Choi yenos', 'email': 'cpg0504@gmail.com', 'self': True}, 'kind': 'calendar#event', 'transparency': 'transparent'}, {'htmlLink': 'https://www.google.com/calendar/event?eid=NHZlbzM2dDBvbnFvcGY3bGZobWJxdTZoN2NfMjAxNzAyMTBUMDEwMDAwWiBjcGcwNTA0QG0', 'updated': '2017-02-13T01:41:56.434Z', 'start': {'timeZone': 'Asia/Seoul', 'dateTime': '2017-02-10T10:00:00+09:00'}, 'recurrence': ['EXDATE;TZID=Asia/Seoul:20170217T100000', 'RRULE:FREQ=WEEKLY;BYDAY=FR'], 'organizer': {'displayName': 'Choi yenos', 'email': 'cpg0504@gmail.com', 'self': True}, 'end': {'timeZone': 'Asia/Seoul', 'dateTime': '2017-02-10T11:30:00+09:00'}, 'iCalUID': '4veo36t0onqopf7lfhmbqu6h7c@google.com', 'reminders': {'useDefault': True}, 'status': 'confirmed', 'created': '2017-02-10T06:32:26.000Z', 'etag': '"2973900232868000"', 'sequence': 3, 'id': '4veo36t0onqopf7lfhmbqu6h7c', 'creator': {'displayName': 'Choi yenos', 'email': 'cpg0504@gmail.com', 'self': True}, 'kind': 'calendar#event'}, {'htmlLink': 'https://www.google.com/calendar/event?eid=dThwaGQxc2x2ZHJqMWpkczk2NWgyNXVqZDRfMjAxNzAxMzFUMjIzMDAwWiBjcGcwNTA0QG0', 'updated': '2017-02-13T05:16:00.462Z', 'start': {'timeZone': 'Asia/Seoul', 'dateTime': '2017-02-01T07:30:00+09:00'}, 'recurrence': ['EXDATE;TZID=Asia/Seoul:20170215T073000', 'RRULE:FREQ=WEEKLY;BYDAY=WE'], 'organizer': {'displayName': 'Choi yenos', 'email': 'cpg0504@gmail.com', 'self': True}, 'end': {'timeZone': 'Asia/Seoul', 'dateTime': '2017-02-01T08:30:00+09:00'}, 'iCalUID': 'u8phd1slvdrj1jds965h25ujd4@google.com', 'reminders': {'useDefault': True}, 'summary': 'dddefe', 'status': 'confirmed', 'created': '2017-02-07T16:00:11.000Z', 'etag': '"2973925920924000"', 'sequence': 1, 'id': 'u8phd1slvdrj1jds965h25ujd4', 'creator': {'displayName': 'Choi yenos', 'email': 'cpg0504@gmail.com', 'self': True}, 'kind': 'calendar#event'}, {'htmlLink': 'https://www.google.com/calendar/event?eid=MHMxYjlnOWZyZnZucjdjOGo5Y2FpcjFlOGdfMjAxNzAyMDhUMTczMDAwWiBjcGcwNTA0QG0', 'updated': '2017-02-13T05:16:43.280Z', 'start': {'timeZone': 'Asia/Seoul', 'dateTime': '2017-02-09T02:30:00+09:00'}, 'recurrence': ['RRULE:FREQ=WEEKLY;COUNT=1;BYDAY=TH'], 'organizer': {'displayName': 'Choi yenos', 'email': 'cpg0504@gmail.com', 'self': True}, 'end': {'timeZone': 'Asia/Seoul', 'dateTime': '2017-02-09T03:30:00+09:00'}, 'iCalUID': '0s1b9g9frfvnr7c8j9cair1e8g@google.com', 'reminders': {'useDefault': True}, 'summary': '세수하기', 'status': 'confirmed', 'created': '2017-02-07T15:24:51.000Z', 'etag': '"2973926006560000"', 'sequence': 0, 'id': '0s1b9g9frfvnr7c8j9cair1e8g', 'creator': {'displayName': 'Choi yenos', 'email': 'cpg0504@gmail.com', 'self': True}, 'kind': 'calendar#event'}, {'htmlLink': 'https://www.google.com/calendar/event?eid=OXExNG1jMWdqbWUxcGl0M2J1Z3MyMjZmaGsgY3BnMDUwNEBt', 'updated': '2017-02-17T00:54:31.202Z', 'start': {'dateTime': '2017-02-17T07:30:00+09:00'}, 'organizer': {'displayName': 'Choi yenos', 'email': 'cpg0504@gmail.com', 'self': True}, 'end': {'dateTime': '2017-02-17T08:30:00+09:00'}, 'iCalUID': '9q14mc1gjme1pit3bugs226fhk@google.com', 'reminders': {'useDefault': True}, 'summary': 'ㅇㅇ', 'status': 'confirmed', 'created': '2017-02-17T00:54:31.000Z', 'etag': '"2974585742404000"', 'sequence': 0, 'id': '9q14mc1gjme1pit3bugs226fhk', 'creator': {'displayName': 'Choi yenos', 'email': 'cpg0504@gmail.com', 'self': True}, 'kind': 'calendar#event'}, {'htmlLink': 'https://www.google.com/calendar/event?eid=ZDRnYmVuMXE4OTYwZWJzcWEwcDRjNXJnOW8gY3BnMDUwNEBt', 'updated': '2017-02-17T00:55:15.266Z', 'start': {'dateTime': '2017-02-17T11:00:00+09:00'}, 'organizer': {'displayName': 'Choi yenos', 'email': 'cpg0504@gmail.com', 'self': True}, 'end': {'dateTime': '2017-02-17T12:00:00+09:00'}, 'iCalUID': 'd4gben1q8960ebsqa0p4c5rg9o@google.com', 'reminders': {'useDefault': True}, 'summary': '새로운일정추갛ㅎㅎ', 'status': 'confirmed', 'created': '2017-02-17T00:55:15.000Z', 'etag': '"2974585830532000"', 'sequence': 0, 'id': 'd4gben1q8960ebsqa0p4c5rg9o', 'creator': {'displayName': 'Choi yenos', 'email': 'cpg0504@gmail.com', 'self': True}, 'kind': 'calendar#event'}, {'htmlLink': 'https://www.google.com/calendar/event?eid=ZWI4MmlrbTNrbDY5NnR0MTZtYnM5bXNmcWsgY3BnMDUwNEBt', 'updated': '2017-02-17T00:58:33.178Z', 'start': {'dateTime': '2017-02-17T12:30:00+09:00'}, 'organizer': {'displayName': 'Choi yenos', 'email': 'cpg0504@gmail.com', 'self': True}, 'end': {'dateTime': '2017-02-17T13:30:00+09:00'}, 'iCalUID': 'eb82ikm3kl696tt16mbs9msfqk@google.com', 'reminders': {'useDefault': True}, 'summary': 'gggg', 'status': 'confirmed', 'created': '2017-02-17T00:58:33.000Z', 'etag': '"2974586226356000"', 'sequence': 0, 'id': 'eb82ikm3kl696tt16mbs9msfqk', 'creator': {'displayName': 'Choi yenos', 'email': 'cpg0504@gmail.com', 'self': True}, 'kind': 'calendar#event'}], 'accessRole': 'owner', 'timeZone': 'Asia/Seoul', 'kind': 'calendar#events', 'nextPageToken': 'CigKGmViODJpa20za2w2OTZ0dDE2bWJzOW1zZnFrGAEggICAreOnptIVGg0IABIAGJiB_vnpntIC', 'summary': 'cpg0504@gmail.com', 'defaultReminders': [{'minutes': 30, 'method': 'popup'}]}
2017-02-21 23:31:40 DEBUG: event_id=>ihra0u1ph18n0hmnosegf44tdg
2017-02-21 23:31:40 INFO: INSERT INTO EVENT (event_hashkey,calendar_hashkey,event_id,summary,start_dt,end_dt,created_dt,updated_dt,location) VALUES (%(p0)s, %(p1)s, %(p2)s, %(p3)s, %(p4)s, %(p5)s, %(p6)s, %(p7)s, %(p8)s) 
2017-02-21 23:31:40 INFO: {'p6': '2017-02-01T02:31:05.000', 'p8': '강남역, 대한민국 서울특별시 역삼1동', 'p4': '2017-02-01T04:30:00', 'p7': '2017-02-07T16:18:08.277', 'p5': '2017-02-01T05:30:00', 'p1': '466561a44ac70a3e589c57c445f8be0b5ef56039afdfb7a1edcb831a', 'p3': 'testddbb', 'p2': 'ihra0u1ph18n0hmnosegf44tdg', 'p0': '85ca58aa49d2fe1e40d076720a48318ddc2cfa24e09d7d142aef5978'}
2017-02-21 23:31:40 INFO: COMMIT
2017-02-21 23:31:40 DEBUG: event_id=>pu0s58oeld8f8gnnqcdoq5j71c
2017-02-21 23:31:40 INFO: INSERT INTO EVENT (event_hashkey,calendar_hashkey,event_id,summary,start_dt,end_dt,created_dt,updated_dt,location) VALUES (%(p0)s, %(p1)s, %(p2)s, %(p3)s, %(p4)s, %(p5)s, %(p6)s, %(p7)s, %(p8)s) 
2017-02-21 23:31:40 INFO: {'p6': '2017-02-10T05:51:20.000', 'p8': 'noLocation', 'p3': 'test', 'p7': '2017-02-10T06:06:12.789', 'p5': '2017-02-10T11:00:00', 'p1': '466561a44ac70a3e589c57c445f8be0b5ef56039afdfb7a1edcb831a', 'p4': '2017-02-10T10:00:00', 'p2': 'pu0s58oeld8f8gnnqcdoq5j71c', 'p0': '1f35b89f0439ab61029c6e351ff790ccb83fdffe0259478121eab033'}
2017-02-21 23:31:40 INFO: COMMIT
2017-02-21 23:31:40 DEBUG: event_id=>q1ip50m7uo6n3siduedmpr2ni8
2017-02-21 23:31:40 INFO: INSERT INTO EVENT (event_hashkey,calendar_hashkey,event_id,summary,start_dt,end_dt,created_dt,updated_dt,location) VALUES (%(p0)s, %(p1)s, %(p2)s, %(p3)s, %(p4)s, %(p5)s, %(p6)s, %(p7)s, %(p8)s) 
2017-02-21 23:31:40 INFO: {'p6': '2017-02-10T06:34:10.000', 'p8': 'noLocation', 'p4': '2017-02-10T14:00:00', 'p7': '2017-02-10T06:34:10.719', 'p5': '2017-02-10T15:00:00', 'p1': '466561a44ac70a3e589c57c445f8be0b5ef56039afdfb7a1edcb831a', 'p3': 'noTitle', 'p2': 'q1ip50m7uo6n3siduedmpr2ni8', 'p0': '664edbd1131ab531aada5db045e462649a3349333421eb1f5b6007fd'}
2017-02-21 23:31:40 INFO: COMMIT
2017-02-21 23:31:40 DEBUG: event_id=>q1dikeua8skqlomn87m9kl5va0
2017-02-21 23:31:40 INFO: INSERT INTO EVENT (event_hashkey,calendar_hashkey,event_id,summary,start_dt,end_dt,created_dt,updated_dt,location) VALUES (%(p0)s, %(p1)s, %(p2)s, %(p3)s, %(p4)s, %(p5)s, %(p6)s, %(p7)s, %(p8)s) 
2017-02-21 23:31:40 INFO: {'p5': '2017-02-12', 'p6': '2017-02-10T06:36:36.000', 'p8': 'noLocation', 'p3': 'testtt', 'p7': '2017-02-10T06:36:36.189', 'p4': '2017-02-11', 'p1': '466561a44ac70a3e589c57c445f8be0b5ef56039afdfb7a1edcb831a', 'p0': 'c61ad112699370d89ba600e3a8ef49038d35cce1c5ed5a2bffe743e7', 'p2': 'q1dikeua8skqlomn87m9kl5va0'}
2017-02-21 23:31:40 INFO: COMMIT
2017-02-21 23:31:40 DEBUG: event_id=>4veo36t0onqopf7lfhmbqu6h7c
2017-02-21 23:31:40 INFO: INSERT INTO EVENT (event_hashkey,calendar_hashkey,event_id,summary,start_dt,end_dt,created_dt,updated_dt,location) VALUES (%(p0)s, %(p1)s, %(p2)s, %(p3)s, %(p4)s, %(p5)s, %(p6)s, %(p7)s, %(p8)s) 
2017-02-21 23:31:40 INFO: {'p6': '2017-02-10T06:32:26.000', 'p8': 'noLocation', 'p4': '2017-02-10T10:00:00', 'p7': '2017-02-13T01:41:56.434', 'p5': '2017-02-10T11:30:00', 'p1': '466561a44ac70a3e589c57c445f8be0b5ef56039afdfb7a1edcb831a', 'p3': 'noTitle', 'p2': '4veo36t0onqopf7lfhmbqu6h7c', 'p0': '68d2aebe9c37375cd888561821635d1f1937d195eafb00b88befd8c6'}
2017-02-21 23:31:40 INFO: COMMIT
2017-02-21 23:31:40 DEBUG: event_id=>u8phd1slvdrj1jds965h25ujd4
2017-02-21 23:31:40 INFO: INSERT INTO EVENT (event_hashkey,calendar_hashkey,event_id,summary,start_dt,end_dt,created_dt,updated_dt,location) VALUES (%(p0)s, %(p1)s, %(p2)s, %(p3)s, %(p4)s, %(p5)s, %(p6)s, %(p7)s, %(p8)s) 
2017-02-21 23:31:40 INFO: {'p6': '2017-02-07T16:00:11.000', 'p8': 'noLocation', 'p4': '2017-02-01T07:30:00', 'p7': '2017-02-13T05:16:00.462', 'p5': '2017-02-01T08:30:00', 'p1': '466561a44ac70a3e589c57c445f8be0b5ef56039afdfb7a1edcb831a', 'p3': 'dddefe', 'p2': 'u8phd1slvdrj1jds965h25ujd4', 'p0': '05ac2a88df5424f497ef889b01708742767d027c931515fae86385f6'}
2017-02-21 23:31:40 INFO: COMMIT
2017-02-21 23:31:40 DEBUG: event_id=>0s1b9g9frfvnr7c8j9cair1e8g
2017-02-21 23:31:40 INFO: INSERT INTO EVENT (event_hashkey,calendar_hashkey,event_id,summary,start_dt,end_dt,created_dt,updated_dt,location) VALUES (%(p0)s, %(p1)s, %(p2)s, %(p3)s, %(p4)s, %(p5)s, %(p6)s, %(p7)s, %(p8)s) 
2017-02-21 23:31:40 INFO: {'p6': '2017-02-07T15:24:51.000', 'p8': 'noLocation', 'p4': '2017-02-09T02:30:00', 'p7': '2017-02-13T05:16:43.280', 'p5': '2017-02-09T03:30:00', 'p1': '466561a44ac70a3e589c57c445f8be0b5ef56039afdfb7a1edcb831a', 'p3': '세수하기', 'p2': '0s1b9g9frfvnr7c8j9cair1e8g', 'p0': '1d8001b3077936c6fe6128f4a34038f048562c756d1f5728bea4265f'}
2017-02-21 23:31:40 INFO: COMMIT
2017-02-21 23:31:40 DEBUG: event_id=>9q14mc1gjme1pit3bugs226fhk
2017-02-21 23:31:40 INFO: INSERT INTO EVENT (event_hashkey,calendar_hashkey,event_id,summary,start_dt,end_dt,created_dt,updated_dt,location) VALUES (%(p0)s, %(p1)s, %(p2)s, %(p3)s, %(p4)s, %(p5)s, %(p6)s, %(p7)s, %(p8)s) 
2017-02-21 23:31:40 INFO: {'p6': '2017-02-17T00:54:31.000', 'p8': 'noLocation', 'p4': '2017-02-17T07:30:00', 'p7': '2017-02-17T00:54:31.202', 'p5': '2017-02-17T08:30:00', 'p1': '466561a44ac70a3e589c57c445f8be0b5ef56039afdfb7a1edcb831a', 'p3': 'ㅇㅇ', 'p2': '9q14mc1gjme1pit3bugs226fhk', 'p0': 'a7e7310cdaf22865f7a521370eb099befbdc7dc4857c9d0d9af8db33'}
2017-02-21 23:31:40 INFO: COMMIT
2017-02-21 23:31:40 DEBUG: event_id=>d4gben1q8960ebsqa0p4c5rg9o
2017-02-21 23:31:40 INFO: INSERT INTO EVENT (event_hashkey,calendar_hashkey,event_id,summary,start_dt,end_dt,created_dt,updated_dt,location) VALUES (%(p0)s, %(p1)s, %(p2)s, %(p3)s, %(p4)s, %(p5)s, %(p6)s, %(p7)s, %(p8)s) 
2017-02-21 23:31:40 INFO: {'p6': '2017-02-17T00:55:15.000', 'p8': 'noLocation', 'p1': '466561a44ac70a3e589c57c445f8be0b5ef56039afdfb7a1edcb831a', 'p7': '2017-02-17T00:55:15.266', 'p3': '새로운일정추갛ㅎㅎ', 'p5': '2017-02-17T12:00:00', 'p4': '2017-02-17T11:00:00', 'p2': 'd4gben1q8960ebsqa0p4c5rg9o', 'p0': 'b9e4be6a9a091b353a6cffa1f022852e4a0e1ba7fe8e2cbcb3300130'}
2017-02-21 23:31:40 INFO: COMMIT
2017-02-21 23:31:40 DEBUG: event_id=>eb82ikm3kl696tt16mbs9msfqk
2017-02-21 23:31:40 INFO: INSERT INTO EVENT (event_hashkey,calendar_hashkey,event_id,summary,start_dt,end_dt,created_dt,updated_dt,location) VALUES (%(p0)s, %(p1)s, %(p2)s, %(p3)s, %(p4)s, %(p5)s, %(p6)s, %(p7)s, %(p8)s) 
2017-02-21 23:31:40 INFO: {'p6': '2017-02-17T00:58:33.000', 'p8': 'noLocation', 'p4': '2017-02-17T12:30:00', 'p7': '2017-02-17T00:58:33.178', 'p5': '2017-02-17T13:30:00', 'p1': '466561a44ac70a3e589c57c445f8be0b5ef56039afdfb7a1edcb831a', 'p3': 'gggg', 'p2': 'eb82ikm3kl696tt16mbs9msfqk', 'p0': 'ada8f906f563f0b75662792d76e7e1ddcc832bfa5ea5c52cd1181c0b'}
2017-02-21 23:31:40 INFO: COMMIT
2017-02-21 23:31:40 INFO: checkValidAccesToken
2017-02-21 23:31:40 INFO: SELECT * FROM USERACCOUNT WHERE access_token = %(p0)s 
2017-02-21 23:31:40 INFO: {'p0': 'ya29.GmT5A2Tx2S6f1iWZxBRwhx-53bBZxWPxPeGb1LfbYY5cy-7JKwGVq6QiwBxKXlX1Dbbyy6ABAvyWSKj3S4-_UE2158IvN1OLgJ8Aa79t5Ly7Kqsphnl20hI6RCa8QU_yI0EPLY8q'}
2017-02-21 23:31:40 INFO: COMMIT
2017-02-21 23:31:40 DEBUG: [{'account_hashkey': '121b24aa0f5d4272db80dcd9052742dc4aa14af68373a9a5a62ad82f', 'access_token': 'ya29.GmT5A2Tx2S6f1iWZxBRwhx-53bBZxWPxPeGb1LfbYY5cy-7JKwGVq6QiwBxKXlX1Dbbyy6ABAvyWSKj3S4-_UE2158IvN1OLgJ8Aa79t5Ly7Kqsphnl20hI6RCa8QU_yI0EPLY8q', 'create_datetime': '2017-02-21 23:15:47', 'login_platform': 'google', 'subject': '100309767722512756707', 'user_id': 'cpg0504@gmail.com', 'is_active': 1, 'user_hashkey': '5f023d3fb1a18e4b130d763394fd05e369646c307f70b536e0b10822', 'caldav_homeset': None, 'google_expire_time': '2017-02-22 00:12:29', 'refresh_token': None}]
2017-02-21 23:31:40 INFO: valid date
2017-02-21 23:31:40 DEBUG: newacces=>None
2017-02-21 23:31:40 INFO: Starting new HTTPS connection (1): www.googleapis.com
2017-02-21 23:31:41 INFO: watch
2017-02-21 23:31:41 INFO: Accept: */*
X-Goog-Channel-Expiration: Tue, 28 Feb 2017 14:31:35 GMT
X-Goog-Resource-State: sync
Content-Length: 0
X-Goog-Message-Number: 1
X-Goog-Channel-Id: 90390f963694bf9aca65f36b411578d160dc2a2a0c1082f3f7a79c8f
Connection: Keep-alive
Content-Type: 
Host: ssoma.xyz:55566
Accept-Encoding: gzip,deflate,br
User-Agent: APIs-Google; (+https://developers.google.com/webmasters/APIs-Google.html)
X-Goog-Resource-Id: ZzM7FdYxboLGRZbXRm-zz-fQSsI
X-Goog-Resource-Uri: https://www.googleapis.com/calendar/v3/calendars/6bku0pgm84k5h5a4bcoahntp78@group.calendar.google.com/events?maxResults=250&alt=json


2017-02-21 23:31:41 INFO: SELECT access_token,CALENDAR.account_hashkey from CALENDAR INNER JOIN USERACCOUNT on CALENDAR.account_hashkey = USERACCOUNT.account_hashkey WHERE CALENDAR.google_channel_id = %(p0)s
2017-02-21 23:31:41 INFO: {'p0': '90390f963694bf9aca65f36b411578d160dc2a2a0c1082f3f7a79c8f'}
2017-02-21 23:31:41 INFO: COMMIT
2017-02-21 23:31:41 INFO: SELECT * FROM CALENDAR WHERE google_channel_id = %(p0)s
2017-02-21 23:31:41 INFO: {'p0': '90390f963694bf9aca65f36b411578d160dc2a2a0c1082f3f7a79c8f'}
2017-02-21 23:31:41 INFO: COMMIT
2017-02-21 23:31:41 DEBUG: calender id =>[{'account_hashkey': '121b24aa0f5d4272db80dcd9052742dc4aa14af68373a9a5a62ad82f', 'google_synctoken': None, 'calendar_name': '유니톤', 'caldav_calendar_url': None, 'google_push_complete': 0, 'calendar_hashkey': '6e7869205f777c1f2ce17bee1088b9cb3f87b991f54b22dbb0626196', 'calendar_id': '6bku0pgm84k5h5a4bcoahntp78@group.calendar.google.com', 'google_channel_id': '90390f963694bf9aca65f36b411578d160dc2a2a0c1082f3f7a79c8f', 'caldav_ctag': None}]
2017-02-21 23:31:41 INFO: UPDATE CALENDAR SET google_push_complete = 1 WHERE google_channel_id = %(p0)s
2017-02-21 23:31:41 INFO: {'p0': '90390f963694bf9aca65f36b411578d160dc2a2a0c1082f3f7a79c8f'}
2017-02-21 23:31:41 INFO: COMMIT
2017-02-21 23:31:41 INFO: checkValidAccesToken
2017-02-21 23:31:41 INFO: SELECT * FROM USERACCOUNT WHERE access_token = %(p0)s 
2017-02-21 23:31:41 INFO: {'p0': 'ya29.GmT5A2Tx2S6f1iWZxBRwhx-53bBZxWPxPeGb1LfbYY5cy-7JKwGVq6QiwBxKXlX1Dbbyy6ABAvyWSKj3S4-_UE2158IvN1OLgJ8Aa79t5Ly7Kqsphnl20hI6RCa8QU_yI0EPLY8q'}
2017-02-21 23:31:41 INFO: COMMIT
2017-02-21 23:31:41 DEBUG: [{'account_hashkey': '121b24aa0f5d4272db80dcd9052742dc4aa14af68373a9a5a62ad82f', 'access_token': 'ya29.GmT5A2Tx2S6f1iWZxBRwhx-53bBZxWPxPeGb1LfbYY5cy-7JKwGVq6QiwBxKXlX1Dbbyy6ABAvyWSKj3S4-_UE2158IvN1OLgJ8Aa79t5Ly7Kqsphnl20hI6RCa8QU_yI0EPLY8q', 'create_datetime': '2017-02-21 23:15:47', 'login_platform': 'google', 'subject': '100309767722512756707', 'user_id': 'cpg0504@gmail.com', 'is_active': 1, 'user_hashkey': '5f023d3fb1a18e4b130d763394fd05e369646c307f70b536e0b10822', 'caldav_homeset': None, 'google_expire_time': '2017-02-22 00:12:29', 'refresh_token': None}]
2017-02-21 23:31:41 INFO: valid date
2017-02-21 23:31:41 DEBUG: newacces=>None
2017-02-21 23:31:41 INFO: Starting new HTTPS connection (1): www.googleapis.com
2017-02-21 23:31:41 DEBUG: "GET /calendar/v3/calendars/cpg0504%40gmail.com/events?maxResults=10&pageToken=CigKGmViODJpa20za2w2OTZ0dDE2bWJzOW1zZnFrGAEggICAreOnptIVGg0IABIAGJiB_vnpntIC HTTP/1.1" 200 7690
2017-02-21 23:31:41 DEBUG: ress=>{'etag': '"p32c83vnpt6fd40g"', 'updated': '2017-02-20T13:55:54.447Z', 'items': [{'htmlLink': 'https://www.google.com/calendar/event?eid=MzV1Z2k0MmRnYnU4b2g5OWJvMm90M2lvOG8gY3BnMDUwNEBt', 'updated': '2017-02-17T00:58:51.209Z', 'start': {'dateTime': '2017-02-17T14:00:00+09:00'}, 'organizer': {'displayName': 'Choi yenos', 'email': 'cpg0504@gmail.com', 'self': True}, 'end': {'dateTime': '2017-02-17T15:00:00+09:00'}, 'iCalUID': '35ugi42dgbu8oh99bo2ot3io8o@google.com', 'reminders': {'useDefault': True}, 'summary': 'test001', 'status': 'confirmed', 'created': '2017-02-17T00:58:51.000Z', 'etag': '"2974586262418000"', 'sequence': 0, 'id': '35ugi42dgbu8oh99bo2ot3io8o', 'creator': {'displayName': 'Choi yenos', 'email': 'cpg0504@gmail.com', 'self': True}, 'kind': 'calendar#event'}, {'htmlLink': 'https://www.google.com/calendar/event?eid=MXRzN2RvYTU5Y2FidmR0ZmQwYzZkdWNkdGcgY3BnMDUwNEBt', 'updated': '2017-02-17T01:00:17.759Z', 'start': {'dateTime': '2017-02-17T16:00:00+09:00'}, 'organizer': {'displayName': 'Choi yenos', 'email': 'cpg0504@gmail.com', 'self': True}, 'end': {'dateTime': '2017-02-17T17:00:00+09:00'}, 'iCalUID': '1ts7doa59cabvdtfd0c6ducdtg@google.com', 'reminders': {'useDefault': True}, 'summary': 'nice', 'status': 'confirmed', 'created': '2017-02-17T01:00:17.000Z', 'etag': '"2974586435518000"', 'sequence': 0, 'id': '1ts7doa59cabvdtfd0c6ducdtg', 'creator': {'displayName': 'Choi yenos', 'email': 'cpg0504@gmail.com', 'self': True}, 'kind': 'calendar#event'}, {'htmlLink': 'https://www.google.com/calendar/event?eid=czFkY3E5YzZoZG0zODRldmJiMjd1ZzhxaDggY3BnMDUwNEBt', 'updated': '2017-02-17T01:00:35.825Z', 'start': {'dateTime': '2017-02-17T17:30:00+09:00'}, 'organizer': {'displayName': 'Choi yenos', 'email': 'cpg0504@gmail.com', 'self': True}, 'end': {'dateTime': '2017-02-17T18:30:00+09:00'}, 'iCalUID': 's1dcq9c6hdm384evbb27ug8qh8@google.com', 'reminders': {'useDefault': True}, 'summary': 'ggg', 'status': 'confirmed', 'created': '2017-02-17T01:00:35.000Z', 'etag': '"2974586471650000"', 'sequence': 0, 'id': 's1dcq9c6hdm384evbb27ug8qh8', 'creator': {'displayName': 'Choi yenos', 'email': 'cpg0504@gmail.com', 'self': True}, 'kind': 'calendar#event'}, {'htmlLink': 'https://www.google.com/calendar/event?eid=NmY0Z250ZTM5ZmFoNHZ1cDdrb2g3amI4N3MgY3BnMDUwNEBt', 'updated': '2017-02-17T01:01:50.936Z', 'start': {'dateTime': '2017-02-17T18:30:00+09:00'}, 'organizer': {'displayName': 'Choi yenos', 'email': 'cpg0504@gmail.com', 'self': True}, 'end': {'dateTime': '2017-02-17T19:30:00+09:00'}, 'iCalUID': '6f4gnte39fah4vup7koh7jb87s@google.com', 'reminders': {'useDefault': True}, 'summary': 'testtt', 'status': 'confirmed', 'created': '2017-02-17T01:01:50.000Z', 'etag': '"2974586621872000"', 'sequence': 0, 'id': '6f4gnte39fah4vup7koh7jb87s', 'creator': {'displayName': 'Choi yenos', 'email': 'cpg0504@gmail.com', 'self': True}, 'kind': 'calendar#event'}, {'htmlLink': 'https://www.google.com/calendar/event?eid=aHRjbWcyZ3Y2ODZwNjNxcWc1cXViNXZ1azQgY3BnMDUwNEBt', 'updated': '2017-02-17T01:03:08.892Z', 'start': {'dateTime': '2017-02-17T09:00:00+09:00'}, 'organizer': {'displayName': 'Choi yenos', 'email': 'cpg0504@gmail.com', 'self': True}, 'end': {'dateTime': '2017-02-17T10:00:00+09:00'}, 'iCalUID': 'htcmg2gv686p63qqg5qub5vuk4@google.com', 'reminders': {'useDefault': True}, 'summary': 'adding01', 'status': 'confirmed', 'created': '2017-02-17T01:03:08.000Z', 'etag': '"2974586777784000"', 'sequence': 0, 'id': 'htcmg2gv686p63qqg5qub5vuk4', 'creator': {'displayName': 'Choi yenos', 'email': 'cpg0504@gmail.com', 'self': True}, 'kind': 'calendar#event'}, {'htmlLink': 'https://www.google.com/calendar/event?eid=azVnOG5jZ3ExOTBocnJscmt1MXBpMmowbW8gY3BnMDUwNEBt', 'updated': '2017-02-17T02:24:48.768Z', 'start': {'date': '2017-02-18'}, 'organizer': {'displayName': 'Choi yenos', 'email': 'cpg0504@gmail.com', 'self': True}, 'end': {'date': '2017-02-19'}, 'iCalUID': 'k5g8ncgq190hrrlrku1pi2j0mo@google.com', 'reminders': {'useDefault': False}, 'summary': 'tegg', 'status': 'confirmed', 'created': '2017-02-17T02:24:48.000Z', 'etag': '"2974596577536000"', 'sequence': 0, 'id': 'k5g8ncgq190hrrlrku1pi2j0mo', 'creator': {'displayName': 'Choi yenos', 'email': 'cpg0504@gmail.com', 'self': True}, 'kind': 'calendar#event', 'transparency': 'transparent'}, {'htmlLink': 'https://www.google.com/calendar/event?eid=bDF2cmU3bTVubjJkNzE5dms1bmtwdXBhdDQgY3BnMDUwNEBt', 'updated': '2017-02-17T02:25:21.637Z', 'start': {'date': '2017-02-18'}, 'organizer': {'displayName': 'Choi yenos', 'email': 'cpg0504@gmail.com', 'self': True}, 'end': {'date': '2017-02-19'}, 'iCalUID': 'l1vre7m5nn2d719vk5nkpupat4@google.com', 'reminders': {'useDefault': False}, 'summary': 'bbb', 'status': 'confirmed', 'created': '2017-02-17T02:25:21.000Z', 'etag': '"2974596643274000"', 'sequence': 0, 'id': 'l1vre7m5nn2d719vk5nkpupat4', 'creator': {'displayName': 'Choi yenos', 'email': 'cpg0504@gmail.com', 'self': True}, 'kind': 'calendar#event', 'transparency': 'transparent'}, {'htmlLink': 'https://www.google.com/calendar/event?eid=cHJucTNhMzg5YmlzazlubjNhbmZzNmU3NmMgY3BnMDUwNEBt', 'updated': '2017-02-17T08:56:37.921Z', 'start': {'dateTime': '2017-02-17T19:30:00+09:00'}, 'organizer': {'displayName': 'Choi yenos', 'email': 'cpg0504@gmail.com', 'self': True}, 'end': {'dateTime': '2017-02-17T20:30:00+09:00'}, 'iCalUID': 'prnq3a389bisk9nn3anfs6e76c@google.com', 'reminders': {'useDefault': True}, 'summary': 'ggg', 'status': 'confirmed', 'created': '2017-02-17T08:56:37.000Z', 'etag': '"2974643595842000"', 'sequence': 0, 'id': 'prnq3a389bisk9nn3anfs6e76c', 'creator': {'displayName': 'Choi yenos', 'email': 'cpg0504@gmail.com', 'self': True}, 'kind': 'calendar#event'}, {'htmlLink': 'https://www.google.com/calendar/event?eid=cmViaGYyMnM3YjllNXZub2p1M3RoMzY2bjAgY3BnMDUwNEBt', 'updated': '2017-02-17T09:03:13.204Z', 'start': {'dateTime': '2017-02-18T07:30:00+09:00'}, 'organizer': {'displayName': 'Choi yenos', 'email': 'cpg0504@gmail.com', 'self': True}, 'end': {'dateTime': '2017-02-18T08:30:00+09:00'}, 'iCalUID': 'rebhf22s7b9e5vnoju3th366n0@google.com', 'reminders': {'useDefault': True}, 'summary': '테스트01', 'status': 'confirmed', 'created': '2017-02-17T09:03:13.000Z', 'etag': '"2974644386408000"', 'sequence': 0, 'id': 'rebhf22s7b9e5vnoju3th366n0', 'creator': {'displayName': 'Choi yenos', 'email': 'cpg0504@gmail.com', 'self': True}, 'kind': 'calendar#event'}], 'accessRole': 'owner', 'timeZone': 'Asia/Seoul', 'kind': 'calendar#events', 'nextPageToken': 'CigKGnJlYmhmMjJzN2I5ZTV2bm9qdTN0aDM2Nm4wGAEggICAmp2frdIVGg0IABIAGJiB_vnpntIC', 'summary': 'cpg0504@gmail.com', 'defaultReminders': [{'minutes': 30, 'method': 'popup'}]}
2017-02-21 23:31:41 DEBUG: event_id=>35ugi42dgbu8oh99bo2ot3io8o
2017-02-21 23:31:41 INFO: INSERT INTO EVENT (event_hashkey,calendar_hashkey,event_id,summary,start_dt,end_dt,created_dt,updated_dt,location) VALUES (%(p0)s, %(p1)s, %(p2)s, %(p3)s, %(p4)s, %(p5)s, %(p6)s, %(p7)s, %(p8)s) 
2017-02-21 23:31:41 INFO: {'p5': '2017-02-17T15:00:00', 'p6': '2017-02-17T00:58:51.000', 'p8': 'noLocation', 'p4': '2017-02-17T14:00:00', 'p7': '2017-02-17T00:58:51.209', 'p2': '35ugi42dgbu8oh99bo2ot3io8o', 'p1': '466561a44ac70a3e589c57c445f8be0b5ef56039afdfb7a1edcb831a', 'p3': 'test001', 'p0': '4f85a2df63bf8c073de277d9fc43d85ef859a10b122df78dbc878d23'}
2017-02-21 23:31:41 INFO: COMMIT
2017-02-21 23:31:41 DEBUG: event_id=>1ts7doa59cabvdtfd0c6ducdtg
2017-02-21 23:31:41 INFO: INSERT INTO EVENT (event_hashkey,calendar_hashkey,event_id,summary,start_dt,end_dt,created_dt,updated_dt,location) VALUES (%(p0)s, %(p1)s, %(p2)s, %(p3)s, %(p4)s, %(p5)s, %(p6)s, %(p7)s, %(p8)s) 
2017-02-21 23:31:41 INFO: {'p6': '2017-02-17T01:00:17.000', 'p8': 'noLocation', 'p4': '2017-02-17T16:00:00', 'p7': '2017-02-17T01:00:17.759', 'p5': '2017-02-17T17:00:00', 'p1': '466561a44ac70a3e589c57c445f8be0b5ef56039afdfb7a1edcb831a', 'p3': 'nice', 'p2': '1ts7doa59cabvdtfd0c6ducdtg', 'p0': 'a6b351cf2ecc4ca3f735cc932fb0e6ce6af4f9f1ca2f2b6cac4cba67'}
2017-02-21 23:31:41 INFO: COMMIT
2017-02-21 23:31:41 DEBUG: event_id=>s1dcq9c6hdm384evbb27ug8qh8
2017-02-21 23:31:41 INFO: INSERT INTO EVENT (event_hashkey,calendar_hashkey,event_id,summary,start_dt,end_dt,created_dt,updated_dt,location) VALUES (%(p0)s, %(p1)s, %(p2)s, %(p3)s, %(p4)s, %(p5)s, %(p6)s, %(p7)s, %(p8)s) 
2017-02-21 23:31:41 INFO: {'p5': '2017-02-17T18:30:00', 'p6': '2017-02-17T01:00:35.000', 'p8': 'noLocation', 'p4': '2017-02-17T17:30:00', 'p7': '2017-02-17T01:00:35.825', 'p1': '466561a44ac70a3e589c57c445f8be0b5ef56039afdfb7a1edcb831a', 'p3': 'ggg', 'p2': 's1dcq9c6hdm384evbb27ug8qh8', 'p0': '6b15b0f870455ed61ee623cc9ac8111c7d00305b0461d7c3431baa92'}
2017-02-21 23:31:41 INFO: COMMIT
2017-02-21 23:31:41 DEBUG: event_id=>6f4gnte39fah4vup7koh7jb87s
2017-02-21 23:31:41 INFO: INSERT INTO EVENT (event_hashkey,calendar_hashkey,event_id,summary,start_dt,end_dt,created_dt,updated_dt,location) VALUES (%(p0)s, %(p1)s, %(p2)s, %(p3)s, %(p4)s, %(p5)s, %(p6)s, %(p7)s, %(p8)s) 
2017-02-21 23:31:41 INFO: {'p6': '2017-02-17T01:01:50.000', 'p8': 'noLocation', 'p4': '2017-02-17T18:30:00', 'p7': '2017-02-17T01:01:50.936', 'p5': '2017-02-17T19:30:00', 'p1': '466561a44ac70a3e589c57c445f8be0b5ef56039afdfb7a1edcb831a', 'p3': 'testtt', 'p2': '6f4gnte39fah4vup7koh7jb87s', 'p0': '1e21704435b1e44a7797f67486d3ccf9098d94aad258b71351c53d12'}
2017-02-21 23:31:41 INFO: COMMIT
2017-02-21 23:31:41 DEBUG: event_id=>htcmg2gv686p63qqg5qub5vuk4
2017-02-21 23:31:41 INFO: INSERT INTO EVENT (event_hashkey,calendar_hashkey,event_id,summary,start_dt,end_dt,created_dt,updated_dt,location) VALUES (%(p0)s, %(p1)s, %(p2)s, %(p3)s, %(p4)s, %(p5)s, %(p6)s, %(p7)s, %(p8)s) 
2017-02-21 23:31:41 INFO: {'p6': '2017-02-17T01:03:08.000', 'p8': 'noLocation', 'p3': 'adding01', 'p7': '2017-02-17T01:03:08.892', 'p5': '2017-02-17T10:00:00', 'p1': '466561a44ac70a3e589c57c445f8be0b5ef56039afdfb7a1edcb831a', 'p4': '2017-02-17T09:00:00', 'p2': 'htcmg2gv686p63qqg5qub5vuk4', 'p0': '1a10f4da1296724356b93683ce13af407622b8b58927a21f24036fdb'}
2017-02-21 23:31:41 INFO: COMMIT
2017-02-21 23:31:41 DEBUG: event_id=>k5g8ncgq190hrrlrku1pi2j0mo
2017-02-21 23:31:41 INFO: INSERT INTO EVENT (event_hashkey,calendar_hashkey,event_id,summary,start_dt,end_dt,created_dt,updated_dt,location) VALUES (%(p0)s, %(p1)s, %(p2)s, %(p3)s, %(p4)s, %(p5)s, %(p6)s, %(p7)s, %(p8)s) 
2017-02-21 23:31:41 INFO: {'p6': '2017-02-17T02:24:48.000', 'p8': 'noLocation', 'p1': '466561a44ac70a3e589c57c445f8be0b5ef56039afdfb7a1edcb831a', 'p7': '2017-02-17T02:24:48.768', 'p3': 'tegg', 'p5': '2017-02-19', 'p4': '2017-02-18', 'p2': 'k5g8ncgq190hrrlrku1pi2j0mo', 'p0': 'ec34933dd2d0a8be3f4a3ec9aea58c6886632e91996f28f64eec48a2'}
2017-02-21 23:31:41 INFO: COMMIT
2017-02-21 23:31:41 DEBUG: event_id=>l1vre7m5nn2d719vk5nkpupat4
2017-02-21 23:31:41 INFO: INSERT INTO EVENT (event_hashkey,calendar_hashkey,event_id,summary,start_dt,end_dt,created_dt,updated_dt,location) VALUES (%(p0)s, %(p1)s, %(p2)s, %(p3)s, %(p4)s, %(p5)s, %(p6)s, %(p7)s, %(p8)s) 
2017-02-21 23:31:41 INFO: {'p6': '2017-02-17T02:25:21.000', 'p8': 'noLocation', 'p1': '466561a44ac70a3e589c57c445f8be0b5ef56039afdfb7a1edcb831a', 'p7': '2017-02-17T02:25:21.637', 'p3': 'bbb', 'p5': '2017-02-19', 'p4': '2017-02-18', 'p2': 'l1vre7m5nn2d719vk5nkpupat4', 'p0': '7d0f043efd51c2067087230452b67618494042f8b1cff4a4e82419c3'}
2017-02-21 23:31:41 INFO: COMMIT
2017-02-21 23:31:41 DEBUG: event_id=>prnq3a389bisk9nn3anfs6e76c
2017-02-21 23:31:41 INFO: INSERT INTO EVENT (event_hashkey,calendar_hashkey,event_id,summary,start_dt,end_dt,created_dt,updated_dt,location) VALUES (%(p0)s, %(p1)s, %(p2)s, %(p3)s, %(p4)s, %(p5)s, %(p6)s, %(p7)s, %(p8)s) 
2017-02-21 23:31:41 INFO: {'p6': '2017-02-17T08:56:37.000', 'p8': 'noLocation', 'p4': '2017-02-17T19:30:00', 'p7': '2017-02-17T08:56:37.921', 'p5': '2017-02-17T20:30:00', 'p1': '466561a44ac70a3e589c57c445f8be0b5ef56039afdfb7a1edcb831a', 'p3': 'ggg', 'p2': 'prnq3a389bisk9nn3anfs6e76c', 'p0': 'a4addde54ed9d0ccbd1733b714c1f9e07b9e4fca14fbe946e0f37718'}
2017-02-21 23:31:41 INFO: COMMIT
2017-02-21 23:31:41 DEBUG: event_id=>rebhf22s7b9e5vnoju3th366n0
2017-02-21 23:31:41 INFO: INSERT INTO EVENT (event_hashkey,calendar_hashkey,event_id,summary,start_dt,end_dt,created_dt,updated_dt,location) VALUES (%(p0)s, %(p1)s, %(p2)s, %(p3)s, %(p4)s, %(p5)s, %(p6)s, %(p7)s, %(p8)s) 
2017-02-21 23:31:41 INFO: {'p6': '2017-02-17T09:03:13.000', 'p8': 'noLocation', 'p4': '2017-02-18T07:30:00', 'p7': '2017-02-17T09:03:13.204', 'p5': '2017-02-18T08:30:00', 'p1': '466561a44ac70a3e589c57c445f8be0b5ef56039afdfb7a1edcb831a', 'p3': '테스트01', 'p2': 'rebhf22s7b9e5vnoju3th366n0', 'p0': '25d06e415039be3b16fbbdc1bab576cab7f482a35a52fa9af099d523'}
2017-02-21 23:31:41 INFO: COMMIT
2017-02-21 23:31:41 INFO: checkValidAccesToken
2017-02-21 23:31:41 INFO: SELECT * FROM USERACCOUNT WHERE access_token = %(p0)s 
2017-02-21 23:31:41 INFO: {'p0': 'ya29.GmT5A2Tx2S6f1iWZxBRwhx-53bBZxWPxPeGb1LfbYY5cy-7JKwGVq6QiwBxKXlX1Dbbyy6ABAvyWSKj3S4-_UE2158IvN1OLgJ8Aa79t5Ly7Kqsphnl20hI6RCa8QU_yI0EPLY8q'}
2017-02-21 23:31:41 INFO: COMMIT
2017-02-21 23:31:41 DEBUG: [{'account_hashkey': '121b24aa0f5d4272db80dcd9052742dc4aa14af68373a9a5a62ad82f', 'access_token': 'ya29.GmT5A2Tx2S6f1iWZxBRwhx-53bBZxWPxPeGb1LfbYY5cy-7JKwGVq6QiwBxKXlX1Dbbyy6ABAvyWSKj3S4-_UE2158IvN1OLgJ8Aa79t5Ly7Kqsphnl20hI6RCa8QU_yI0EPLY8q', 'create_datetime': '2017-02-21 23:15:47', 'login_platform': 'google', 'subject': '100309767722512756707', 'user_id': 'cpg0504@gmail.com', 'is_active': 1, 'user_hashkey': '5f023d3fb1a18e4b130d763394fd05e369646c307f70b536e0b10822', 'caldav_homeset': None, 'google_expire_time': '2017-02-22 00:12:29', 'refresh_token': None}]
2017-02-21 23:31:41 INFO: valid date
2017-02-21 23:31:41 DEBUG: newacces=>None
2017-02-21 23:31:41 INFO: Starting new HTTPS connection (1): www.googleapis.com
2017-02-21 23:31:41 DEBUG: "GET /calendar/v3/calendars/6bku0pgm84k5h5a4bcoahntp78%40group.calendar.google.com/events?maxResults=10 HTTP/1.1" 200 5690
2017-02-21 23:31:41 DEBUG: ress=>{'etag': '"p32c8n1kbta1t40g"', 'updated': '2017-02-09T20:14:37.295Z', 'nextSyncToken': 'CJiLhovqg9ICEJiLhovqg9ICGAU=', 'items': [{'htmlLink': 'https://www.google.com/calendar/event?eid=ZXZnaTgzdGM1ODE4a3NxN2o2OWNnMGY1cmcgNmJrdTBwZ204NGs1aDVhNGJjb2FobnRwNzhAZw', 'updated': '2016-01-19T12:19:04.488Z', 'start': {'date': '2016-01-18'}, 'organizer': {'displayName': '유니톤', 'email': '6bku0pgm84k5h5a4bcoahntp78@group.calendar.google.com', 'self': True}, 'end': {'date': '2016-01-22'}, 'iCalUID': 'evgi83tc5818ksq7j69cg0f5rg@google.com', 'created': '2016-01-19T12:14:54.000Z', 'reminders': {'useDefault': True}, 'summary': '[디자인] 로고', 'colorId': '7', 'status': 'confirmed', 'etag': '"2906411888976000"', 'sequence': 0, 'id': 'evgi83tc5818ksq7j69cg0f5rg', 'creator': {'displayName': 'sunmin lee', 'email': 'lpic0406@gmail.com'}, 'kind': 'calendar#event'}, {'htmlLink': 'https://www.google.com/calendar/event?eid=cXZjaW9tdXNlbzk0NXU5ZjBjcmtxbmh0cTQgNmJrdTBwZ204NGs1aDVhNGJjb2FobnRwNzhAZw', 'updated': '2016-01-20T23:50:49.036Z', 'start': {'date': '2016-01-21'}, 'organizer': {'displayName': '유니톤', 'email': '6bku0pgm84k5h5a4bcoahntp78@group.calendar.google.com', 'self': True}, 'end': {'date': '2016-01-25'}, 'iCalUID': 'qvciomuseo945u9f0crkqnhtq4@google.com', 'created': '2016-01-19T12:16:52.000Z', 'reminders': {'useDefault': True}, 'summary': '[디자인] 포스터/웹페이지', 'colorId': '7', 'status': 'confirmed', 'etag': '"2906667698072000"', 'sequence': 0, 'id': 'qvciomuseo945u9f0crkqnhtq4', 'creator': {'displayName': 'sunmin lee', 'email': 'lpic0406@gmail.com'}, 'kind': 'calendar#event', 'transparency': 'transparent'}, {'htmlLink': 'https://www.google.com/calendar/event?eid=bHI1aGw2OHE0aG9hYmpiMGNuaThmNWc3dDQgNmJrdTBwZ204NGs1aDVhNGJjb2FobnRwNzhAZw', 'updated': '2016-01-23T19:10:26.953Z', 'start': {'date': '2016-01-24'}, 'organizer': {'displayName': '유니톤', 'email': '6bku0pgm84k5h5a4bcoahntp78@group.calendar.google.com', 'self': True}, 'end': {'date': '2016-01-25'}, 'iCalUID': 'lr5hl68q4hoabjb0cni8f5g7t4@google.com', 'created': '2016-01-19T11:25:11.000Z', 'reminders': {'useDefault': True}, 'summary': '[전체]지원서마무리', 'colorId': '4', 'status': 'confirmed', 'etag': '"2907152453906000"', 'sequence': 0, 'id': 'lr5hl68q4hoabjb0cni8f5g7t4', 'creator': {'displayName': 'Choi yenos', 'email': 'cpg0504@gmail.com'}, 'kind': 'calendar#event', 'transparency': 'transparent'}, {'htmlLink': 'https://www.google.com/calendar/event?eid=cWhvZW01Zm05aDQzM2JrdG5wN3VwYWlmYjggNmJrdTBwZ204NGs1aDVhNGJjb2FobnRwNzhAZw', 'updated': '2016-01-24T17:24:42.792Z', 'start': {'date': '2016-01-25'}, 'organizer': {'displayName': '유니톤', 'email': '6bku0pgm84k5h5a4bcoahntp78@group.calendar.google.com', 'self': True}, 'end': {'date': '2016-01-28'}, 'iCalUID': 'qhoem5fm9h433bktnp7upaifb8@google.com', 'reminders': {'useDefault': True}, 'summary': '[전체]동아리확인', 'status': 'confirmed', 'created': '2016-01-19T11:25:44.000Z', 'etag': '"2907312565584000"', 'sequence': 2, 'id': 'qhoem5fm9h433bktnp7upaifb8', 'creator': {'displayName': 'Choi yenos', 'email': 'cpg0504@gmail.com'}, 'kind': 'calendar#event', 'transparency': 'transparent'}, {'htmlLink': 'https://www.google.com/calendar/event?eid=ZDA4M2FyNGY4b3JjZjJyOGE3NXY3aTIzMW8gNmJrdTBwZ204NGs1aDVhNGJjb2FobnRwNzhAZw', 'updated': '2016-01-25T17:22:22.754Z', 'start': {'date': '2016-01-26'}, 'organizer': {'displayName': '유니톤', 'email': '6bku0pgm84k5h5a4bcoahntp78@group.calendar.google.com', 'self': True}, 'end': {'date': '2016-02-01'}, 'iCalUID': 'd083ar4f8orcf2r8a75v7i231o@google.com', 'created': '2016-01-19T11:27:14.000Z', 'reminders': {'useDefault': True}, 'summary': '[전체]참가접수', 'colorId': '4', 'status': 'confirmed', 'etag': '"2907485085508000"', 'sequence': 0, 'id': 'd083ar4f8orcf2r8a75v7i231o', 'creator': {'displayName': 'Choi yenos', 'email': 'cpg0504@gmail.com'}, 'kind': 'calendar#event', 'transparency': 'transparent'}, {'htmlLink': 'https://www.google.com/calendar/event?eid=aG9hc25lcDg2anRya2YxbGY0Zmt1OXFxN2sgNmJrdTBwZ204NGs1aDVhNGJjb2FobnRwNzhAZw', 'updated': '2017-01-23T06:15:25.134Z', 'start': {'dateTime': '2017-01-27T09:00:00+09:00'}, 'organizer': {'displayName': '유니톤', 'email': '6bku0pgm84k5h5a4bcoahntp78@group.calendar.google.com', 'self': True}, 'end': {'dateTime': '2017-01-27T10:00:00+09:00'}, 'iCalUID': 'hoasnep86jtrkf1lf4fku9qq7k@google.com', 'reminders': {'useDefault': True}, 'summary': 'a', 'status': 'confirmed', 'created': '2017-01-23T06:15:25.000Z', 'etag': '"2970304250268000"', 'sequence': 0, 'id': 'hoasnep86jtrkf1lf4fku9qq7k', 'creator': {'displayName': 'Choi yenos', 'email': 'cpg0504@gmail.com'}, 'kind': 'calendar#event'}], 'accessRole': 'owner', 'timeZone': 'Asia/Seoul', 'kind': 'calendar#events', 'description': '유니톤행사를 위한 일정관리 캘린더입니다.\n각 파트별로 일정 기입해주시면 됩니다.\n근사한 파티를 벌여보자 구욧', 'summary': '유니톤', 'defaultReminders': []}
2017-02-21 23:31:41 DEBUG: event_id=>evgi83tc5818ksq7j69cg0f5rg
2017-02-21 23:31:41 INFO: INSERT INTO EVENT (event_hashkey,calendar_hashkey,event_id,summary,start_dt,end_dt,created_dt,updated_dt,location) VALUES (%(p0)s, %(p1)s, %(p2)s, %(p3)s, %(p4)s, %(p5)s, %(p6)s, %(p7)s, %(p8)s) 
2017-02-21 23:31:41 INFO: {'p6': '2016-01-19T12:14:54.000', 'p8': 'noLocation', 'p2': 'evgi83tc5818ksq7j69cg0f5rg', 'p7': '2016-01-19T12:19:04.488', 'p4': '2016-01-18', 'p5': '2016-01-22', 'p1': '6e7869205f777c1f2ce17bee1088b9cb3f87b991f54b22dbb0626196', 'p3': '[디자인] 로고', 'p0': '0ad96f5db3514af767ce6e4f5b56a754464f03a03e95fffc48fae448'}
2017-02-21 23:31:41 INFO: COMMIT
2017-02-21 23:31:41 DEBUG: event_id=>qvciomuseo945u9f0crkqnhtq4
2017-02-21 23:31:41 INFO: INSERT INTO EVENT (event_hashkey,calendar_hashkey,event_id,summary,start_dt,end_dt,created_dt,updated_dt,location) VALUES (%(p0)s, %(p1)s, %(p2)s, %(p3)s, %(p4)s, %(p5)s, %(p6)s, %(p7)s, %(p8)s) 
2017-02-21 23:31:41 INFO: {'p6': '2016-01-19T12:16:52.000', 'p8': 'noLocation', 'p4': '2016-01-21', 'p7': '2016-01-20T23:50:49.036', 'p5': '2016-01-25', 'p1': '6e7869205f777c1f2ce17bee1088b9cb3f87b991f54b22dbb0626196', 'p3': '[디자인] 포스터/웹페이지', 'p2': 'qvciomuseo945u9f0crkqnhtq4', 'p0': 'f96dc38335c52fe95a3883807dc2bc3410978c3f452a23ebe1ab2174'}
2017-02-21 23:31:41 INFO: COMMIT
2017-02-21 23:31:41 DEBUG: event_id=>lr5hl68q4hoabjb0cni8f5g7t4
2017-02-21 23:31:41 INFO: INSERT INTO EVENT (event_hashkey,calendar_hashkey,event_id,summary,start_dt,end_dt,created_dt,updated_dt,location) VALUES (%(p0)s, %(p1)s, %(p2)s, %(p3)s, %(p4)s, %(p5)s, %(p6)s, %(p7)s, %(p8)s) 
2017-02-21 23:31:41 INFO: {'p6': '2016-01-19T11:25:11.000', 'p8': 'noLocation', 'p4': '2016-01-24', 'p7': '2016-01-23T19:10:26.953', 'p5': '2016-01-25', 'p1': '6e7869205f777c1f2ce17bee1088b9cb3f87b991f54b22dbb0626196', 'p3': '[전체]지원서마무리', 'p2': 'lr5hl68q4hoabjb0cni8f5g7t4', 'p0': 'a2203e8a46652d78c5d923d4b68eb4ab70651cbfd392c3f459b3eee4'}
2017-02-21 23:31:41 INFO: COMMIT
2017-02-21 23:31:41 DEBUG: event_id=>qhoem5fm9h433bktnp7upaifb8
2017-02-21 23:31:41 INFO: INSERT INTO EVENT (event_hashkey,calendar_hashkey,event_id,summary,start_dt,end_dt,created_dt,updated_dt,location) VALUES (%(p0)s, %(p1)s, %(p2)s, %(p3)s, %(p4)s, %(p5)s, %(p6)s, %(p7)s, %(p8)s) 
2017-02-21 23:31:41 INFO: {'p6': '2016-01-19T11:25:44.000', 'p8': 'noLocation', 'p4': '2016-01-25', 'p7': '2016-01-24T17:24:42.792', 'p5': '2016-01-28', 'p1': '6e7869205f777c1f2ce17bee1088b9cb3f87b991f54b22dbb0626196', 'p3': '[전체]동아리확인', 'p2': 'qhoem5fm9h433bktnp7upaifb8', 'p0': '234ca9469977d3d918917f6f59558fb5b1c627a6bd60d76c17f44c4b'}
2017-02-21 23:31:41 INFO: COMMIT
2017-02-21 23:31:41 DEBUG: event_id=>d083ar4f8orcf2r8a75v7i231o
2017-02-21 23:31:41 INFO: INSERT INTO EVENT (event_hashkey,calendar_hashkey,event_id,summary,start_dt,end_dt,created_dt,updated_dt,location) VALUES (%(p0)s, %(p1)s, %(p2)s, %(p3)s, %(p4)s, %(p5)s, %(p6)s, %(p7)s, %(p8)s) 
2017-02-21 23:31:41 INFO: {'p6': '2016-01-19T11:27:14.000', 'p8': 'noLocation', 'p4': '2016-01-26', 'p7': '2016-01-25T17:22:22.754', 'p5': '2016-02-01', 'p1': '6e7869205f777c1f2ce17bee1088b9cb3f87b991f54b22dbb0626196', 'p3': '[전체]참가접수', 'p2': 'd083ar4f8orcf2r8a75v7i231o', 'p0': '6812e420a65769022d121a176e1d6adea9f301c6d6586f6e749ef077'}
2017-02-21 23:31:41 INFO: COMMIT
2017-02-21 23:31:41 DEBUG: event_id=>hoasnep86jtrkf1lf4fku9qq7k
2017-02-21 23:31:41 INFO: INSERT INTO EVENT (event_hashkey,calendar_hashkey,event_id,summary,start_dt,end_dt,created_dt,updated_dt,location) VALUES (%(p0)s, %(p1)s, %(p2)s, %(p3)s, %(p4)s, %(p5)s, %(p6)s, %(p7)s, %(p8)s) 
2017-02-21 23:31:41 INFO: {'p6': '2017-01-23T06:15:25.000', 'p8': 'noLocation', 'p4': '2017-01-27T09:00:00', 'p7': '2017-01-23T06:15:25.134', 'p5': '2017-01-27T10:00:00', 'p1': '6e7869205f777c1f2ce17bee1088b9cb3f87b991f54b22dbb0626196', 'p3': 'a', 'p2': 'hoasnep86jtrkf1lf4fku9qq7k', 'p0': '9b3fe2f310f6858454bb12a0e1cd98b0ca2bbc2b879ec6b047e1b904'}
2017-02-21 23:31:41 INFO: COMMIT
2017-02-21 23:31:41 DEBUG: sync==>CJiLhovqg9ICEJiLhovqg9ICGAU=
2017-02-21 23:31:41 INFO: INSERT INTO SYNC (calendar_hashkey,sync_token,ctime) VALUES (%(p0)s, %(p1)s, now()) 
2017-02-21 23:31:41 INFO: {'p0': '6e7869205f777c1f2ce17bee1088b9cb3f87b991f54b22dbb0626196', 'p1': 'CJiLhovqg9ICEJiLhovqg9ICGAU='}
2017-02-21 23:31:41 INFO: COMMIT
2017-02-21 23:31:41 INFO: UPDATE CALENDAR SET google_push_complete = 2 WHERE google_channel_id = %(p0)s
2017-02-21 23:31:41 INFO: {'p0': '90390f963694bf9aca65f36b411578d160dc2a2a0c1082f3f7a79c8f'}
2017-02-21 23:31:41 INFO: COMMIT
2017-02-21 23:31:41 INFO: SELECT * from CALENDAR where account_hashkey = %(p0)s AND google_push_complete > 0
2017-02-21 23:31:41 INFO: {'p0': '121b24aa0f5d4272db80dcd9052742dc4aa14af68373a9a5a62ad82f'}
2017-02-21 23:31:41 INFO: COMMIT
2017-02-21 23:31:41 DEBUG: calendarSync =>2
2017-02-21 23:31:41 DEBUG: calendarSync =>[{'account_hashkey': '121b24aa0f5d4272db80dcd9052742dc4aa14af68373a9a5a62ad82f', 'google_synctoken': None, 'calendar_name': 'cpg0504@gmail.com', 'caldav_calendar_url': None, 'google_push_complete': 1, 'calendar_hashkey': '466561a44ac70a3e589c57c445f8be0b5ef56039afdfb7a1edcb831a', 'calendar_id': 'cpg0504@gmail.com', 'google_channel_id': '70bf54c8f2c8d68be2cb9442607b52ea4c8bec727a17f0b30afeae70', 'caldav_ctag': None}, {'account_hashkey': '121b24aa0f5d4272db80dcd9052742dc4aa14af68373a9a5a62ad82f', 'google_synctoken': None, 'calendar_name': 'cpg0504@gmail.com', 'caldav_calendar_url': None, 'google_push_complete': 2, 'calendar_hashkey': '5d509a8ea62d0154170aee11c6e0f0c27be95c46e517fc48c1a81186', 'calendar_id': 'cpg0504@gmail.com', 'google_channel_id': 'f484c8beaa7065424c0b743e45de6b310d7adfd900f3d7af2be2ae00', 'caldav_ctag': None}, {'account_hashkey': '121b24aa0f5d4272db80dcd9052742dc4aa14af68373a9a5a62ad82f', 'google_synctoken': None, 'calendar_name': '유니톤', 'caldav_calendar_url': None, 'google_push_complete': 2, 'calendar_hashkey': '6e7869205f777c1f2ce17bee1088b9cb3f87b991f54b22dbb0626196', 'calendar_id': '6bku0pgm84k5h5a4bcoahntp78@group.calendar.google.com', 'google_channel_id': '90390f963694bf9aca65f36b411578d160dc2a2a0c1082f3f7a79c8f', 'caldav_ctag': None}, {'account_hashkey': '121b24aa0f5d4272db80dcd9052742dc4aa14af68373a9a5a62ad82f', 'google_synctoken': None, 'calendar_name': 'test', 'caldav_calendar_url': None, 'google_push_complete': 2, 'calendar_hashkey': '8f19aa78f94f074a77450ee4d0ff51a5add776d9eb3e9f7e41504a7e', 'calendar_id': 'm8am4m7vmd27251vlnkai28tv8@group.calendar.google.com', 'google_channel_id': '6f70caa0531b66f9365fa5d15aa2f7d625a8887bbdf62c48b650fa1b', 'caldav_ctag': None}, {'account_hashkey': '121b24aa0f5d4272db80dcd9052742dc4aa14af68373a9a5a62ad82f', 'google_synctoken': None, 'calendar_name': 'test', 'caldav_calendar_url': None, 'google_push_complete': 2, 'calendar_hashkey': 'a5b01e72cb0eb3540be736d474e6a21b874f0199a6452780a2b82048', 'calendar_id': 'm8am4m7vmd27251vlnkai28tv8@group.calendar.google.com', 'google_channel_id': 'fbcdbde0d33c5de4c6f768c39102a64ad14a548caa08f629ee28d83a', 'caldav_ctag': None}, {'account_hashkey': '121b24aa0f5d4272db80dcd9052742dc4aa14af68373a9a5a62ad82f', 'google_synctoken': None, 'calendar_name': '유니톤', 'caldav_calendar_url': None, 'google_push_complete': 2, 'calendar_hashkey': 'b342307ed81f9178eb2f577e0adc61781d6c01162a0b9b012e247e12', 'calendar_id': '6bku0pgm84k5h5a4bcoahntp78@group.calendar.google.com', 'google_channel_id': '27e11bb4d93947445fd0cf1e0f01a8919d2ecb34318b273e41eb0604', 'caldav_ctag': None}, {'account_hashkey': '121b24aa0f5d4272db80dcd9052742dc4aa14af68373a9a5a62ad82f', 'google_synctoken': None, 'calendar_name': 'cpg0504@gmail.com', 'caldav_calendar_url': None, 'google_push_complete': 2, 'calendar_hashkey': 'be4b3efd2e4fb696d3ad7a9612671b957972bbd2a609f12f9bc97921', 'calendar_id': 'cpg0504@gmail.com', 'google_channel_id': '5a6d0f65ec078abca2fe9c18f326851da0e5ebaa63f36f74f5b089fa', 'caldav_ctag': None}, {'account_hashkey': '121b24aa0f5d4272db80dcd9052742dc4aa14af68373a9a5a62ad82f', 'google_synctoken': None, 'calendar_name': '유니톤', 'caldav_calendar_url': None, 'google_push_complete': 2, 'calendar_hashkey': 'ccd006b7aea89a7266e095d63b1f2fb1d728609a7fa21f3faf2c0bf9', 'calendar_id': '6bku0pgm84k5h5a4bcoahntp78@group.calendar.google.com', 'google_channel_id': 'f924686a8ddb87a968e9c580f1f21e0803d4c74ff96710a01bcc988d', 'caldav_ctag': None}, {'account_hashkey': '121b24aa0f5d4272db80dcd9052742dc4aa14af68373a9a5a62ad82f', 'google_synctoken': None, 'calendar_name': 'cpg0504@gmail.com', 'caldav_calendar_url': None, 'google_push_complete': 2, 'calendar_hashkey': 'df7d31ba7ff7437fc5053f807bf1f45b35656ea9d26cbdd1f08dab65', 'calendar_id': 'cpg0504@gmail.com', 'google_channel_id': 'af5c48667e5a0dcba681bc9a4454f74543669d724b45f67cad068512', 'caldav_ctag': None}, {'account_hashkey': '121b24aa0f5d4272db80dcd9052742dc4aa14af68373a9a5a62ad82f', 'google_synctoken': None, 'calendar_name': '유니톤', 'caldav_calendar_url': None, 'google_push_complete': 2, 'calendar_hashkey': 'f30e53ed5e8873649e49a34835e601ce02fe8eb54deac12adbc2307d', 'calendar_id': '6bku0pgm84k5h5a4bcoahntp78@group.calendar.google.com', 'google_channel_id': '80785e501a7a0be11e90818e20ace304af8ac28d69abf7de8d676930', 'caldav_ctag': None}, {'account_hashkey': '121b24aa0f5d4272db80dcd9052742dc4aa14af68373a9a5a62ad82f', 'google_synctoken': None, 'calendar_name': 'test', 'caldav_calendar_url': None, 'google_push_complete': 2, 'calendar_hashkey': 'f6e5052ffb04b73186f297a209020b12dd3e8a1fa3bbba66e110e721', 'calendar_id': 'm8am4m7vmd27251vlnkai28tv8@group.calendar.google.com', 'google_channel_id': '747c476246d12f91b3ab07b40564d5c0c77a9fce980d6c6828a53bc7', 'caldav_ctag': None}]
2017-02-21 23:31:41 INFO: 66.102.6.10 - - [21/Feb/2017 23:31:41] "POST /v1.0/sync/watchReciver HTTP/1.1" 500 -
2017-02-21 23:31:42 DEBUG: "GET /calendar/v3/calendars/cpg0504%40gmail.com/events?maxResults=10&pageToken=CigKGnJlYmhmMjJzN2I5ZTV2bm9qdTN0aDM2Nm4wGAEggICAmp2frdIVGg0IABIAGJiB_vnpntIC HTTP/1.1" 200 4711
2017-02-21 23:31:42 DEBUG: ress=>{'etag': '"p32c83vnpt6fd40g"', 'updated': '2017-02-20T13:55:54.447Z', 'items': [{'htmlLink': 'https://www.google.com/calendar/event?eid=aXQxbGhrMG0wYXE1dmlvcThlMm83aTU3dnMgY3BnMDUwNEBt', 'updated': '2017-02-17T09:10:05.878Z', 'start': {'dateTime': '2017-02-18T09:30:00+09:00'}, 'organizer': {'displayName': 'Choi yenos', 'email': 'cpg0504@gmail.com', 'self': True}, 'end': {'dateTime': '2017-02-18T10:30:00+09:00'}, 'iCalUID': 'it1lhk0m0aq5vioq8e2o7i57vs@google.com', 'reminders': {'useDefault': True}, 'summary': 'gggggtest', 'status': 'confirmed', 'created': '2017-02-17T09:10:05.000Z', 'etag': '"2974645211756000"', 'sequence': 0, 'id': 'it1lhk0m0aq5vioq8e2o7i57vs', 'creator': {'displayName': 'Choi yenos', 'email': 'cpg0504@gmail.com', 'self': True}, 'kind': 'calendar#event'}, {'htmlLink': 'https://www.google.com/calendar/event?eid=MWEzcThnNjQ5MGowaWU1ZHAybW9yMXYyNnMgY3BnMDUwNEBt', 'updated': '2017-02-17T09:15:12.187Z', 'start': {'dateTime': '2017-02-18T11:30:00+09:00'}, 'organizer': {'displayName': 'Choi yenos', 'email': 'cpg0504@gmail.com', 'self': True}, 'end': {'dateTime': '2017-02-18T12:30:00+09:00'}, 'iCalUID': '1a3q8g6490j0ie5dp2mor1v26s@google.com', 'reminders': {'useDefault': True}, 'summary': 'gggfe', 'status': 'confirmed', 'created': '2017-02-17T09:15:00.000Z', 'etag': '"2974645824374000"', 'sequence': 0, 'id': '1a3q8g6490j0ie5dp2mor1v26s', 'creator': {'displayName': 'Choi yenos', 'email': 'cpg0504@gmail.com', 'self': True}, 'kind': 'calendar#event'}, {'htmlLink': 'https://www.google.com/calendar/event?eid=NmFmYjJwazBubWhldjhlcnAwdTFkZXJma2sgY3BnMDUwNEBt', 'updated': '2017-02-17T09:16:52.962Z', 'start': {'dateTime': '2017-02-18T13:00:00+09:00'}, 'organizer': {'displayName': 'Choi yenos', 'email': 'cpg0504@gmail.com', 'self': True}, 'end': {'dateTime': '2017-02-18T14:00:00+09:00'}, 'iCalUID': '6afb2pk0nmhev8erp0u1derfkk@google.com', 'reminders': {'useDefault': True}, 'summary': 'dd', 'status': 'confirmed', 'created': '2017-02-17T09:16:52.000Z', 'etag': '"2974646025924000"', 'sequence': 0, 'id': '6afb2pk0nmhev8erp0u1derfkk', 'creator': {'displayName': 'Choi yenos', 'email': 'cpg0504@gmail.com', 'self': True}, 'kind': 'calendar#event'}, {'htmlLink': 'https://www.google.com/calendar/event?eid=NHZlbzM2dDBvbnFvcGY3bGZobWJxdTZoN2NfMjAxNzAzMDNUMDEwMDAwWiBjcGcwNTA0QG0', 'updated': '2017-02-20T13:55:54.267Z', 'start': {'dateTime': '2017-03-03T10:00:00+09:00'}, 'originalStartTime': {'dateTime': '2017-03-03T10:00:00+09:00'}, 'organizer': {'displayName': 'Choi yenos', 'email': 'cpg0504@gmail.com', 'self': True}, 'end': {'dateTime': '2017-03-03T11:30:00+09:00'}, 'iCalUID': '4veo36t0onqopf7lfhmbqu6h7c@google.com', 'reminders': {'useDefault': True}, 'summary': '윤성이형네', 'status': 'confirmed', 'created': '2017-02-10T06:32:26.000Z', 'etag': '"2975197908534000"', 'sequence': 3, 'id': '4veo36t0onqopf7lfhmbqu6h7c_20170303T010000Z', 'recurringEventId': '4veo36t0onqopf7lfhmbqu6h7c', 'creator': {'displayName': 'Choi yenos', 'email': 'cpg0504@gmail.com', 'self': True}, 'kind': 'calendar#event'}, {'htmlLink': 'https://www.google.com/calendar/event?eid=dThwaGQxc2x2ZHJqMWpkczk2NWgyNXVqZDRfMjAxNzAxMzFUMjIzMDAwWiBjcGcwNTA0QG0', 'updated': '2017-02-07T16:08:22.403Z', 'start': {'date': '2017-02-01'}, 'originalStartTime': {'dateTime': '2017-02-01T07:30:00+09:00'}, 'organizer': {'displayName': 'Choi yenos', 'email': 'cpg0504@gmail.com', 'self': True}, 'end': {'date': '2017-02-02'}, 'iCalUID': 'u8phd1slvdrj1jds965h25ujd4@google.com', 'reminders': {'useDefault': False}, 'summary': 'dddefevvvbee', 'status': 'confirmed', 'created': '2017-02-07T16:00:11.000Z', 'etag': '"2973446662760000"', 'sequence': 2, 'id': 'u8phd1slvdrj1jds965h25ujd4_20170131T223000Z', 'recurringEventId': 'u8phd1slvdrj1jds965h25ujd4', 'creator': {'displayName': 'Choi yenos', 'email': 'cpg0504@gmail.com', 'self': True}, 'kind': 'calendar#event'}], 'accessRole': 'owner', 'timeZone': 'Asia/Seoul', 'kind': 'calendar#events', 'nextSyncToken': 'CJiB_vnpntICEJiB_vnpntICGAU=', 'summary': 'cpg0504@gmail.com', 'defaultReminders': [{'minutes': 30, 'method': 'popup'}]}
2017-02-21 23:31:42 DEBUG: event_id=>it1lhk0m0aq5vioq8e2o7i57vs
2017-02-21 23:31:42 INFO: INSERT INTO EVENT (event_hashkey,calendar_hashkey,event_id,summary,start_dt,end_dt,created_dt,updated_dt,location) VALUES (%(p0)s, %(p1)s, %(p2)s, %(p3)s, %(p4)s, %(p5)s, %(p6)s, %(p7)s, %(p8)s) 
2017-02-21 23:31:42 INFO: {'p6': '2017-02-17T09:10:05.000', 'p8': 'noLocation', 'p3': 'gggggtest', 'p7': '2017-02-17T09:10:05.878', 'p5': '2017-02-18T10:30:00', 'p1': '466561a44ac70a3e589c57c445f8be0b5ef56039afdfb7a1edcb831a', 'p4': '2017-02-18T09:30:00', 'p2': 'it1lhk0m0aq5vioq8e2o7i57vs', 'p0': '57b4673d4cc86566ff3b2768007609bda33019823f977c1fc8ba384c'}
2017-02-21 23:31:42 INFO: COMMIT
2017-02-21 23:31:42 DEBUG: event_id=>1a3q8g6490j0ie5dp2mor1v26s
2017-02-21 23:31:42 INFO: INSERT INTO EVENT (event_hashkey,calendar_hashkey,event_id,summary,start_dt,end_dt,created_dt,updated_dt,location) VALUES (%(p0)s, %(p1)s, %(p2)s, %(p3)s, %(p4)s, %(p5)s, %(p6)s, %(p7)s, %(p8)s) 
2017-02-21 23:31:42 INFO: {'p6': '2017-02-17T09:15:00.000', 'p8': 'noLocation', 'p4': '2017-02-18T11:30:00', 'p7': '2017-02-17T09:15:12.187', 'p5': '2017-02-18T12:30:00', 'p1': '466561a44ac70a3e589c57c445f8be0b5ef56039afdfb7a1edcb831a', 'p3': 'gggfe', 'p2': '1a3q8g6490j0ie5dp2mor1v26s', 'p0': '88f5ad7536c604b7d2e7e0785fea473dcfc269ef2c508bffba0119ab'}
2017-02-21 23:31:42 INFO: COMMIT
2017-02-21 23:31:42 DEBUG: event_id=>6afb2pk0nmhev8erp0u1derfkk
2017-02-21 23:31:42 INFO: INSERT INTO EVENT (event_hashkey,calendar_hashkey,event_id,summary,start_dt,end_dt,created_dt,updated_dt,location) VALUES (%(p0)s, %(p1)s, %(p2)s, %(p3)s, %(p4)s, %(p5)s, %(p6)s, %(p7)s, %(p8)s) 
2017-02-21 23:31:42 INFO: {'p6': '2017-02-17T09:16:52.000', 'p8': 'noLocation', 'p4': '2017-02-18T13:00:00', 'p7': '2017-02-17T09:16:52.962', 'p5': '2017-02-18T14:00:00', 'p1': '466561a44ac70a3e589c57c445f8be0b5ef56039afdfb7a1edcb831a', 'p3': 'dd', 'p2': '6afb2pk0nmhev8erp0u1derfkk', 'p0': '962a4553239087d14392e4730996df7bb30ddebe8c7292b25c0d4c9d'}
2017-02-21 23:31:42 INFO: COMMIT
2017-02-21 23:31:42 DEBUG: event_id=>4veo36t0onqopf7lfhmbqu6h7c_20170303T010000Z
2017-02-21 23:31:42 INFO: INSERT INTO EVENT (event_hashkey,calendar_hashkey,event_id,summary,start_dt,end_dt,created_dt,updated_dt,location) VALUES (%(p0)s, %(p1)s, %(p2)s, %(p3)s, %(p4)s, %(p5)s, %(p6)s, %(p7)s, %(p8)s) 
2017-02-21 23:31:42 INFO: {'p6': '2017-02-10T06:32:26.000', 'p8': 'noLocation', 'p4': '2017-03-03T10:00:00', 'p7': '2017-02-20T13:55:54.267', 'p5': '2017-03-03T11:30:00', 'p1': '466561a44ac70a3e589c57c445f8be0b5ef56039afdfb7a1edcb831a', 'p3': '윤성이형네', 'p2': '4veo36t0onqopf7lfhmbqu6h7c_20170303T010000Z', 'p0': '262226c438fa939f9e4d00e333d60d8cbc8e2084083c0cd09c8dcea2'}
2017-02-21 23:31:42 INFO: COMMIT
2017-02-21 23:31:42 DEBUG: event_id=>u8phd1slvdrj1jds965h25ujd4_20170131T223000Z
2017-02-21 23:31:42 INFO: INSERT INTO EVENT (event_hashkey,calendar_hashkey,event_id,summary,start_dt,end_dt,created_dt,updated_dt,location) VALUES (%(p0)s, %(p1)s, %(p2)s, %(p3)s, %(p4)s, %(p5)s, %(p6)s, %(p7)s, %(p8)s) 
2017-02-21 23:31:42 INFO: {'p6': '2017-02-07T16:00:11.000', 'p8': 'noLocation', 'p1': '466561a44ac70a3e589c57c445f8be0b5ef56039afdfb7a1edcb831a', 'p7': '2017-02-07T16:08:22.403', 'p3': 'dddefevvvbee', 'p5': '2017-02-02', 'p4': '2017-02-01', 'p2': 'u8phd1slvdrj1jds965h25ujd4_20170131T223000Z', 'p0': '51c14935fa3aff2e1a4ff8a20013d467a6cefe8fd882c19ab411bcdf'}
2017-02-21 23:31:42 INFO: COMMIT
2017-02-21 23:31:42 DEBUG: sync==>CJiB_vnpntICEJiB_vnpntICGAU=
2017-02-21 23:31:42 INFO: INSERT INTO SYNC (calendar_hashkey,sync_token,ctime) VALUES (%(p0)s, %(p1)s, now()) 
2017-02-21 23:31:42 INFO: {'p0': '466561a44ac70a3e589c57c445f8be0b5ef56039afdfb7a1edcb831a', 'p1': 'CJiB_vnpntICEJiB_vnpntICGAU='}
2017-02-21 23:31:42 INFO: COMMIT
2017-02-21 23:31:42 INFO: UPDATE CALENDAR SET google_push_complete = 2 WHERE google_channel_id = %(p0)s
2017-02-21 23:31:42 INFO: {'p0': '70bf54c8f2c8d68be2cb9442607b52ea4c8bec727a17f0b30afeae70'}
2017-02-21 23:31:42 INFO: COMMIT
2017-02-21 23:31:42 INFO: SELECT * from CALENDAR where account_hashkey = %(p0)s AND google_push_complete > 0
2017-02-21 23:31:42 INFO: {'p0': '121b24aa0f5d4272db80dcd9052742dc4aa14af68373a9a5a62ad82f'}
2017-02-21 23:31:42 INFO: COMMIT
2017-02-21 23:31:42 DEBUG: calendarSync =>2
2017-02-21 23:31:42 DEBUG: calendarSync =>[{'account_hashkey': '121b24aa0f5d4272db80dcd9052742dc4aa14af68373a9a5a62ad82f', 'google_synctoken': None, 'calendar_name': 'cpg0504@gmail.com', 'caldav_calendar_url': None, 'google_push_complete': 2, 'calendar_hashkey': '466561a44ac70a3e589c57c445f8be0b5ef56039afdfb7a1edcb831a', 'calendar_id': 'cpg0504@gmail.com', 'google_channel_id': '70bf54c8f2c8d68be2cb9442607b52ea4c8bec727a17f0b30afeae70', 'caldav_ctag': None}, {'account_hashkey': '121b24aa0f5d4272db80dcd9052742dc4aa14af68373a9a5a62ad82f', 'google_synctoken': None, 'calendar_name': 'cpg0504@gmail.com', 'caldav_calendar_url': None, 'google_push_complete': 2, 'calendar_hashkey': '5d509a8ea62d0154170aee11c6e0f0c27be95c46e517fc48c1a81186', 'calendar_id': 'cpg0504@gmail.com', 'google_channel_id': 'f484c8beaa7065424c0b743e45de6b310d7adfd900f3d7af2be2ae00', 'caldav_ctag': None}, {'account_hashkey': '121b24aa0f5d4272db80dcd9052742dc4aa14af68373a9a5a62ad82f', 'google_synctoken': None, 'calendar_name': '유니톤', 'caldav_calendar_url': None, 'google_push_complete': 2, 'calendar_hashkey': '6e7869205f777c1f2ce17bee1088b9cb3f87b991f54b22dbb0626196', 'calendar_id': '6bku0pgm84k5h5a4bcoahntp78@group.calendar.google.com', 'google_channel_id': '90390f963694bf9aca65f36b411578d160dc2a2a0c1082f3f7a79c8f', 'caldav_ctag': None}, {'account_hashkey': '121b24aa0f5d4272db80dcd9052742dc4aa14af68373a9a5a62ad82f', 'google_synctoken': None, 'calendar_name': 'test', 'caldav_calendar_url': None, 'google_push_complete': 2, 'calendar_hashkey': '8f19aa78f94f074a77450ee4d0ff51a5add776d9eb3e9f7e41504a7e', 'calendar_id': 'm8am4m7vmd27251vlnkai28tv8@group.calendar.google.com', 'google_channel_id': '6f70caa0531b66f9365fa5d15aa2f7d625a8887bbdf62c48b650fa1b', 'caldav_ctag': None}, {'account_hashkey': '121b24aa0f5d4272db80dcd9052742dc4aa14af68373a9a5a62ad82f', 'google_synctoken': None, 'calendar_name': 'test', 'caldav_calendar_url': None, 'google_push_complete': 2, 'calendar_hashkey': 'a5b01e72cb0eb3540be736d474e6a21b874f0199a6452780a2b82048', 'calendar_id': 'm8am4m7vmd27251vlnkai28tv8@group.calendar.google.com', 'google_channel_id': 'fbcdbde0d33c5de4c6f768c39102a64ad14a548caa08f629ee28d83a', 'caldav_ctag': None}, {'account_hashkey': '121b24aa0f5d4272db80dcd9052742dc4aa14af68373a9a5a62ad82f', 'google_synctoken': None, 'calendar_name': '유니톤', 'caldav_calendar_url': None, 'google_push_complete': 2, 'calendar_hashkey': 'b342307ed81f9178eb2f577e0adc61781d6c01162a0b9b012e247e12', 'calendar_id': '6bku0pgm84k5h5a4bcoahntp78@group.calendar.google.com', 'google_channel_id': '27e11bb4d93947445fd0cf1e0f01a8919d2ecb34318b273e41eb0604', 'caldav_ctag': None}, {'account_hashkey': '121b24aa0f5d4272db80dcd9052742dc4aa14af68373a9a5a62ad82f', 'google_synctoken': None, 'calendar_name': 'cpg0504@gmail.com', 'caldav_calendar_url': None, 'google_push_complete': 2, 'calendar_hashkey': 'be4b3efd2e4fb696d3ad7a9612671b957972bbd2a609f12f9bc97921', 'calendar_id': 'cpg0504@gmail.com', 'google_channel_id': '5a6d0f65ec078abca2fe9c18f326851da0e5ebaa63f36f74f5b089fa', 'caldav_ctag': None}, {'account_hashkey': '121b24aa0f5d4272db80dcd9052742dc4aa14af68373a9a5a62ad82f', 'google_synctoken': None, 'calendar_name': '유니톤', 'caldav_calendar_url': None, 'google_push_complete': 2, 'calendar_hashkey': 'ccd006b7aea89a7266e095d63b1f2fb1d728609a7fa21f3faf2c0bf9', 'calendar_id': '6bku0pgm84k5h5a4bcoahntp78@group.calendar.google.com', 'google_channel_id': 'f924686a8ddb87a968e9c580f1f21e0803d4c74ff96710a01bcc988d', 'caldav_ctag': None}, {'account_hashkey': '121b24aa0f5d4272db80dcd9052742dc4aa14af68373a9a5a62ad82f', 'google_synctoken': None, 'calendar_name': 'cpg0504@gmail.com', 'caldav_calendar_url': None, 'google_push_complete': 2, 'calendar_hashkey': 'df7d31ba7ff7437fc5053f807bf1f45b35656ea9d26cbdd1f08dab65', 'calendar_id': 'cpg0504@gmail.com', 'google_channel_id': 'af5c48667e5a0dcba681bc9a4454f74543669d724b45f67cad068512', 'caldav_ctag': None}, {'account_hashkey': '121b24aa0f5d4272db80dcd9052742dc4aa14af68373a9a5a62ad82f', 'google_synctoken': None, 'calendar_name': '유니톤', 'caldav_calendar_url': None, 'google_push_complete': 2, 'calendar_hashkey': 'f30e53ed5e8873649e49a34835e601ce02fe8eb54deac12adbc2307d', 'calendar_id': '6bku0pgm84k5h5a4bcoahntp78@group.calendar.google.com', 'google_channel_id': '80785e501a7a0be11e90818e20ace304af8ac28d69abf7de8d676930', 'caldav_ctag': None}, {'account_hashkey': '121b24aa0f5d4272db80dcd9052742dc4aa14af68373a9a5a62ad82f', 'google_synctoken': None, 'calendar_name': 'test', 'caldav_calendar_url': None, 'google_push_complete': 2, 'calendar_hashkey': 'f6e5052ffb04b73186f297a209020b12dd3e8a1fa3bbba66e110e721', 'calendar_id': 'm8am4m7vmd27251vlnkai28tv8@group.calendar.google.com', 'google_channel_id': '747c476246d12f91b3ab07b40564d5c0c77a9fce980d6c6828a53bc7', 'caldav_ctag': None}]
2017-02-21 23:31:42 INFO: sync success
2017-02-21 23:31:42 INFO: INSERT INTO SYNC_END (account_hashkey) VALUES (%(p0)s) 
2017-02-21 23:31:42 INFO: {'p0': '121b24aa0f5d4272db80dcd9052742dc4aa14af68373a9a5a62ad82f'}
2017-02-21 23:31:42 INFO: COMMIT
2017-02-21 23:31:42 INFO: SELECT push_token FROM USERDEVICE WHERE account_hashkey = %(p0)s 
2017-02-21 23:31:42 INFO: {'p0': '121b24aa0f5d4272db80dcd9052742dc4aa14af68373a9a5a62ad82f'}
2017-02-21 23:31:42 INFO: COMMIT
2017-02-21 23:31:42 DEBUG: pushtoken =>tokkken
2017-02-21 23:31:42 DEBUG: [push Single]
2017-02-21 23:31:42 INFO: Starting new HTTPS connection (1): fcm.googleapis.com
2017-02-21 23:31:42 DEBUG: "POST /fcm/send HTTP/1.1" 200 None
2017-02-21 23:31:42 INFO: 66.249.84.223 - - [21/Feb/2017 23:31:42] "POST /v1.0/sync/watchReciver HTTP/1.1" 200 -
2017-02-21 23:31:43 DEBUG: "POST /calendar/v3/calendars/m8am4m7vmd27251vlnkai28tv8@group.calendar.google.com/events/watch HTTP/1.1" 200 None
2017-02-21 23:31:43 DEBUG: calender id =>#contacts@group.v.calendar.google.com
2017-02-21 23:31:43 INFO: checkValidAccesToken
2017-02-21 23:31:43 INFO: SELECT * FROM USERACCOUNT WHERE access_token = %(p0)s 
2017-02-21 23:31:43 INFO: {'p0': 'ya29.GmT5A2Tx2S6f1iWZxBRwhx-53bBZxWPxPeGb1LfbYY5cy-7JKwGVq6QiwBxKXlX1Dbbyy6ABAvyWSKj3S4-_UE2158IvN1OLgJ8Aa79t5Ly7Kqsphnl20hI6RCa8QU_yI0EPLY8q'}
2017-02-21 23:31:43 INFO: COMMIT
2017-02-21 23:31:43 DEBUG: [{'account_hashkey': '121b24aa0f5d4272db80dcd9052742dc4aa14af68373a9a5a62ad82f', 'access_token': 'ya29.GmT5A2Tx2S6f1iWZxBRwhx-53bBZxWPxPeGb1LfbYY5cy-7JKwGVq6QiwBxKXlX1Dbbyy6ABAvyWSKj3S4-_UE2158IvN1OLgJ8Aa79t5Ly7Kqsphnl20hI6RCa8QU_yI0EPLY8q', 'create_datetime': '2017-02-21 23:15:47', 'login_platform': 'google', 'subject': '100309767722512756707', 'user_id': 'cpg0504@gmail.com', 'is_active': 1, 'user_hashkey': '5f023d3fb1a18e4b130d763394fd05e369646c307f70b536e0b10822', 'caldav_homeset': None, 'google_expire_time': '2017-02-22 00:12:29', 'refresh_token': None}]
2017-02-21 23:31:43 INFO: valid date
2017-02-21 23:31:43 DEBUG: newacces=>None
2017-02-21 23:31:43 INFO: Starting new HTTPS connection (1): www.googleapis.com
2017-02-21 23:31:44 DEBUG: "POST /calendar/v3/calendars/ HTTP/1.1" 400 None
2017-02-21 23:31:44 DEBUG: calender id =>ko.south_korea#holiday@group.v.calendar.google.com
2017-02-21 23:31:44 INFO: checkValidAccesToken
2017-02-21 23:31:44 INFO: SELECT * FROM USERACCOUNT WHERE access_token = %(p0)s 
2017-02-21 23:31:44 INFO: {'p0': 'ya29.GmT5A2Tx2S6f1iWZxBRwhx-53bBZxWPxPeGb1LfbYY5cy-7JKwGVq6QiwBxKXlX1Dbbyy6ABAvyWSKj3S4-_UE2158IvN1OLgJ8Aa79t5Ly7Kqsphnl20hI6RCa8QU_yI0EPLY8q'}
2017-02-21 23:31:44 INFO: COMMIT
2017-02-21 23:31:44 DEBUG: [{'account_hashkey': '121b24aa0f5d4272db80dcd9052742dc4aa14af68373a9a5a62ad82f', 'access_token': 'ya29.GmT5A2Tx2S6f1iWZxBRwhx-53bBZxWPxPeGb1LfbYY5cy-7JKwGVq6QiwBxKXlX1Dbbyy6ABAvyWSKj3S4-_UE2158IvN1OLgJ8Aa79t5Ly7Kqsphnl20hI6RCa8QU_yI0EPLY8q', 'create_datetime': '2017-02-21 23:15:47', 'login_platform': 'google', 'subject': '100309767722512756707', 'user_id': 'cpg0504@gmail.com', 'is_active': 1, 'user_hashkey': '5f023d3fb1a18e4b130d763394fd05e369646c307f70b536e0b10822', 'caldav_homeset': None, 'google_expire_time': '2017-02-22 00:12:29', 'refresh_token': None}]
2017-02-21 23:31:44 INFO: valid date
2017-02-21 23:31:44 DEBUG: newacces=>None
2017-02-21 23:31:44 INFO: Starting new HTTPS connection (1): www.googleapis.com
2017-02-21 23:31:44 DEBUG: "POST /calendar/v3/calendars/ko.south_korea HTTP/1.1" 404 None
2017-02-21 23:31:44 INFO: 61.43.139.4 - - [21/Feb/2017 23:31:44] "POST /v1.0/sync HTTP/1.1" 200 -
2017-02-21 23:31:45 INFO: watch
2017-02-21 23:31:45 INFO: Accept: */*
X-Goog-Channel-Expiration: Tue, 28 Feb 2017 14:31:39 GMT
X-Goog-Resource-State: sync
Content-Length: 0
X-Goog-Message-Number: 1
X-Goog-Channel-Id: ad36b42b7c8312a8e1cc1e98f6feaa6d90000fccae94db2bd830c3a1
Connection: Keep-alive
Content-Type: 
Host: ssoma.xyz:55566
Accept-Encoding: gzip,deflate,br
User-Agent: APIs-Google; (+https://developers.google.com/webmasters/APIs-Google.html)
X-Goog-Resource-Id: 5yZorsH36T2RLOYpixKfLTi1HkA
X-Goog-Resource-Uri: https://www.googleapis.com/calendar/v3/calendars/m8am4m7vmd27251vlnkai28tv8@group.calendar.google.com/events?maxResults=250&alt=json


2017-02-21 23:31:45 INFO: SELECT access_token,CALENDAR.account_hashkey from CALENDAR INNER JOIN USERACCOUNT on CALENDAR.account_hashkey = USERACCOUNT.account_hashkey WHERE CALENDAR.google_channel_id = %(p0)s
2017-02-21 23:31:45 INFO: {'p0': 'ad36b42b7c8312a8e1cc1e98f6feaa6d90000fccae94db2bd830c3a1'}
2017-02-21 23:31:45 INFO: COMMIT
2017-02-21 23:31:45 INFO: SELECT * FROM CALENDAR WHERE google_channel_id = %(p0)s
2017-02-21 23:31:45 INFO: {'p0': 'ad36b42b7c8312a8e1cc1e98f6feaa6d90000fccae94db2bd830c3a1'}
2017-02-21 23:31:45 INFO: COMMIT
2017-02-21 23:31:45 DEBUG: calender id =>[{'account_hashkey': '121b24aa0f5d4272db80dcd9052742dc4aa14af68373a9a5a62ad82f', 'google_synctoken': None, 'calendar_name': 'test', 'caldav_calendar_url': None, 'google_push_complete': 0, 'calendar_hashkey': '0ad93e367450231b638d8cd5f6a264c99a8d3f672561b17ae2353231', 'calendar_id': 'm8am4m7vmd27251vlnkai28tv8@group.calendar.google.com', 'google_channel_id': 'ad36b42b7c8312a8e1cc1e98f6feaa6d90000fccae94db2bd830c3a1', 'caldav_ctag': None}]
2017-02-21 23:31:45 INFO: UPDATE CALENDAR SET google_push_complete = 1 WHERE google_channel_id = %(p0)s
2017-02-21 23:31:45 INFO: {'p0': 'ad36b42b7c8312a8e1cc1e98f6feaa6d90000fccae94db2bd830c3a1'}
2017-02-21 23:31:45 INFO: COMMIT
2017-02-21 23:31:45 INFO: checkValidAccesToken
2017-02-21 23:31:45 INFO: SELECT * FROM USERACCOUNT WHERE access_token = %(p0)s 
2017-02-21 23:31:45 INFO: {'p0': 'ya29.GmT5A2Tx2S6f1iWZxBRwhx-53bBZxWPxPeGb1LfbYY5cy-7JKwGVq6QiwBxKXlX1Dbbyy6ABAvyWSKj3S4-_UE2158IvN1OLgJ8Aa79t5Ly7Kqsphnl20hI6RCa8QU_yI0EPLY8q'}
2017-02-21 23:31:45 INFO: COMMIT
2017-02-21 23:31:45 DEBUG: [{'account_hashkey': '121b24aa0f5d4272db80dcd9052742dc4aa14af68373a9a5a62ad82f', 'access_token': 'ya29.GmT5A2Tx2S6f1iWZxBRwhx-53bBZxWPxPeGb1LfbYY5cy-7JKwGVq6QiwBxKXlX1Dbbyy6ABAvyWSKj3S4-_UE2158IvN1OLgJ8Aa79t5Ly7Kqsphnl20hI6RCa8QU_yI0EPLY8q', 'create_datetime': '2017-02-21 23:15:47', 'login_platform': 'google', 'subject': '100309767722512756707', 'user_id': 'cpg0504@gmail.com', 'is_active': 1, 'user_hashkey': '5f023d3fb1a18e4b130d763394fd05e369646c307f70b536e0b10822', 'caldav_homeset': None, 'google_expire_time': '2017-02-22 00:12:29', 'refresh_token': None}]
2017-02-21 23:31:45 INFO: valid date
2017-02-21 23:31:45 DEBUG: newacces=>None
2017-02-21 23:31:45 INFO: Starting new HTTPS connection (1): www.googleapis.com
2017-02-21 23:31:46 DEBUG: "GET /calendar/v3/calendars/m8am4m7vmd27251vlnkai28tv8%40group.calendar.google.com/events?maxResults=10 HTTP/1.1" 200 7971
2017-02-21 23:31:46 DEBUG: ress=>{'etag': '"p334dnvuds7st20g"', 'updated': '2017-02-05T20:10:04.397Z', 'items': [{'htmlLink': 'https://www.google.com/calendar/event?eid=aTU2MW5rODZhcHE3Y3RlamdqN25zZTl0dmsgbThhbTRtN3ZtZDI3MjUxdmxua2FpMjh0djhAZw', 'updated': '2017-01-23T06:18:03.060Z', 'start': {'dateTime': '2017-01-25T09:30:00+09:00'}, 'organizer': {'displayName': 'test', 'email': 'm8am4m7vmd27251vlnkai28tv8@group.calendar.google.com', 'self': True}, 'end': {'dateTime': '2017-01-25T10:30:00+09:00'}, 'iCalUID': 'i561nk86apq7ctejgj7nse9tvk@google.com', 'reminders': {'useDefault': True}, 'summary': 'vvv', 'status': 'confirmed', 'created': '2017-01-23T06:18:03.000Z', 'etag': '"2970304566120000"', 'sequence': 0, 'id': 'i561nk86apq7ctejgj7nse9tvk', 'creator': {'displayName': 'Choi yenos', 'email': 'cpg0504@gmail.com'}, 'kind': 'calendar#event'}, {'htmlLink': 'https://www.google.com/calendar/event?eid=ZGs4c3Nya29uajdoYXBncmF0aGw4M2xicGcgbThhbTRtN3ZtZDI3MjUxdmxua2FpMjh0djhAZw', 'updated': '2017-01-30T17:43:37.761Z', 'start': {'dateTime': '2017-02-03T04:00:00+09:00'}, 'organizer': {'displayName': 'test', 'email': 'm8am4m7vmd27251vlnkai28tv8@group.calendar.google.com', 'self': True}, 'end': {'dateTime': '2017-02-03T05:00:00+09:00'}, 'iCalUID': 'dk8ssrkonj7hapgrathl83lbpg@google.com', 'reminders': {'useDefault': True}, 'summary': '테에스트', 'status': 'confirmed', 'created': '2017-01-30T17:43:37.000Z', 'etag': '"2971596435522000"', 'sequence': 0, 'id': 'dk8ssrkonj7hapgrathl83lbpg', 'creator': {'displayName': 'Choi yenos', 'email': 'cpg0504@gmail.com'}, 'kind': 'calendar#event'}, {'htmlLink': 'https://www.google.com/calendar/event?eid=c2o0bDgzaTRwYzZlODNzNmthNjdrdmw4NGsgbThhbTRtN3ZtZDI3MjUxdmxua2FpMjh0djhAZw', 'updated': '2017-01-30T19:14:35.200Z', 'start': {'dateTime': '2017-02-03T06:30:00+09:00'}, 'organizer': {'displayName': 'test', 'email': 'm8am4m7vmd27251vlnkai28tv8@group.calendar.google.com', 'self': True}, 'end': {'dateTime': '2017-02-03T07:30:00+09:00'}, 'iCalUID': 'sj4l83i4pc6e83s6ka67kvl84k@google.com', 'reminders': {'useDefault': True}, 'summary': 'gg', 'status': 'confirmed', 'created': '2017-01-30T19:14:35.000Z', 'etag': '"2971607350400000"', 'sequence': 0, 'id': 'sj4l83i4pc6e83s6ka67kvl84k', 'creator': {'displayName': 'Choi yenos', 'email': 'cpg0504@gmail.com'}, 'kind': 'calendar#event'}, {'htmlLink': 'https://www.google.com/calendar/event?eid=OWE4Zm1wbGtoN21uZm5lczEyb2l0MHNucjQgbThhbTRtN3ZtZDI3MjUxdmxua2FpMjh0djhAZw', 'updated': '2017-01-31T03:06:37.761Z', 'start': {'dateTime': '2017-02-03T08:00:00+09:00'}, 'organizer': {'displayName': 'test', 'email': 'm8am4m7vmd27251vlnkai28tv8@group.calendar.google.com', 'self': True}, 'end': {'dateTime': '2017-02-03T09:00:00+09:00'}, 'iCalUID': '9a8fmplkh7mnfnes12oit0snr4@google.com', 'reminders': {'useDefault': True}, 'summary': 'testt', 'status': 'confirmed', 'created': '2017-01-31T03:06:37.000Z', 'etag': '"2971663995522000"', 'sequence': 0, 'id': '9a8fmplkh7mnfnes12oit0snr4', 'creator': {'displayName': 'Choi yenos', 'email': 'cpg0504@gmail.com'}, 'kind': 'calendar#event'}, {'htmlLink': 'https://www.google.com/calendar/event?eid=aWtubmlhZGc4b2xuMDM1aTc5amxqOW1ucmsgbThhbTRtN3ZtZDI3MjUxdmxua2FpMjh0djhAZw', 'updated': '2017-01-31T03:08:53.730Z', 'start': {'dateTime': '2017-02-03T09:30:00+09:00'}, 'organizer': {'displayName': 'test', 'email': 'm8am4m7vmd27251vlnkai28tv8@group.calendar.google.com', 'self': True}, 'end': {'dateTime': '2017-02-03T10:30:00+09:00'}, 'iCalUID': 'iknniadg8oln035i79jlj9mnrk@google.com', 'reminders': {'useDefault': True}, 'summary': 'go', 'status': 'confirmed', 'created': '2017-01-31T03:08:53.000Z', 'etag': '"2971664267460000"', 'sequence': 0, 'id': 'iknniadg8oln035i79jlj9mnrk', 'creator': {'displayName': 'Choi yenos', 'email': 'cpg0504@gmail.com'}, 'kind': 'calendar#event'}, {'htmlLink': 'https://www.google.com/calendar/event?eid=MmtvMjlvYzg5cDBxamhqMzgzdmNiYXAzZTAgbThhbTRtN3ZtZDI3MjUxdmxua2FpMjh0djhAZw', 'updated': '2017-01-31T03:09:50.088Z', 'start': {'dateTime': '2017-02-03T11:00:00+09:00'}, 'organizer': {'displayName': 'test', 'email': 'm8am4m7vmd27251vlnkai28tv8@group.calendar.google.com', 'self': True}, 'end': {'dateTime': '2017-02-03T12:00:00+09:00'}, 'iCalUID': '2ko29oc89p0qjhj383vcbap3e0@google.com', 'reminders': {'useDefault': True}, 'summary': 'd', 'status': 'confirmed', 'created': '2017-01-31T03:09:50.000Z', 'etag': '"2971664380176000"', 'sequence': 0, 'id': '2ko29oc89p0qjhj383vcbap3e0', 'creator': {'displayName': 'Choi yenos', 'email': 'cpg0504@gmail.com'}, 'kind': 'calendar#event'}, {'htmlLink': 'https://www.google.com/calendar/event?eid=bnA3aW9vczlhMzI1dG91a2IwNTVlNTQ2Y2MgbThhbTRtN3ZtZDI3MjUxdmxua2FpMjh0djhAZw', 'updated': '2017-01-31T03:11:47.457Z', 'start': {'dateTime': '2017-02-03T12:30:00+09:00'}, 'organizer': {'displayName': 'test', 'email': 'm8am4m7vmd27251vlnkai28tv8@group.calendar.google.com', 'self': True}, 'end': {'dateTime': '2017-02-03T13:30:00+09:00'}, 'iCalUID': 'np7ioos9a325toukb055e546cc@google.com', 'reminders': {'useDefault': True}, 'summary': 'g', 'status': 'confirmed', 'created': '2017-01-31T03:11:47.000Z', 'etag': '"2971664614914000"', 'sequence': 0, 'id': 'np7ioos9a325toukb055e546cc', 'creator': {'displayName': 'Choi yenos', 'email': 'cpg0504@gmail.com'}, 'kind': 'calendar#event'}, {'htmlLink': 'https://www.google.com/calendar/event?eid=czd1NWozajEzN2l2b2ttOGsyN3Btb2RkbjAgbThhbTRtN3ZtZDI3MjUxdmxua2FpMjh0djhAZw', 'updated': '2017-01-31T09:04:27.847Z', 'start': {'dateTime': '2017-02-03T03:00:00+09:00'}, 'organizer': {'displayName': 'test', 'email': 'm8am4m7vmd27251vlnkai28tv8@group.calendar.google.com', 'self': True}, 'end': {'dateTime': '2017-02-03T04:00:00+09:00'}, 'iCalUID': 's7u5j3j137ivokm8k27pmoddn0@google.com', 'reminders': {'useDefault': True}, 'summary': 't01', 'status': 'confirmed', 'created': '2017-01-31T09:04:27.000Z', 'etag': '"2971706935694000"', 'sequence': 0, 'id': 's7u5j3j137ivokm8k27pmoddn0', 'creator': {'displayName': 'Choi yenos', 'email': 'cpg0504@gmail.com'}, 'kind': 'calendar#event'}, {'htmlLink': 'https://www.google.com/calendar/event?eid=ZWo0ZG10NjJlaW1kOG5pcGg3bjlyaDVqNzAgbThhbTRtN3ZtZDI3MjUxdmxua2FpMjh0djhAZw', 'updated': '2017-01-31T09:07:17.354Z', 'start': {'dateTime': '2017-02-03T01:30:00+09:00'}, 'organizer': {'displayName': 'test', 'email': 'm8am4m7vmd27251vlnkai28tv8@group.calendar.google.com', 'self': True}, 'end': {'dateTime': '2017-02-03T02:30:00+09:00'}, 'iCalUID': 'ej4dmt62eimd8niph7n9rh5j70@google.com', 'reminders': {'useDefault': True}, 'summary': 'te02', 'status': 'confirmed', 'created': '2017-01-31T09:07:17.000Z', 'etag': '"2971707274708000"', 'sequence': 0, 'id': 'ej4dmt62eimd8niph7n9rh5j70', 'creator': {'displayName': 'Choi yenos', 'email': 'cpg0504@gmail.com'}, 'kind': 'calendar#event'}], 'nextPageToken': 'CigKGmVqNGRtdDYyZWltZDhuaXBoN245cmg1ajcwGAEggICA9bqOz88VGg0IABIAGMjb_83h-dEC', 'accessRole': 'owner', 'timeZone': 'Asia/Seoul', 'kind': 'calendar#events', 'description': '', 'summary': 'test', 'defaultReminders': []}
2017-02-21 23:31:46 DEBUG: event_id=>i561nk86apq7ctejgj7nse9tvk
2017-02-21 23:31:46 INFO: INSERT INTO EVENT (event_hashkey,calendar_hashkey,event_id,summary,start_dt,end_dt,created_dt,updated_dt,location) VALUES (%(p0)s, %(p1)s, %(p2)s, %(p3)s, %(p4)s, %(p5)s, %(p6)s, %(p7)s, %(p8)s) 
2017-02-21 23:31:46 INFO: {'p6': '2017-01-23T06:18:03.000', 'p8': 'noLocation', 'p1': '0ad93e367450231b638d8cd5f6a264c99a8d3f672561b17ae2353231', 'p7': '2017-01-23T06:18:03.060', 'p4': '2017-01-25T09:30:00', 'p5': '2017-01-25T10:30:00', 'p3': 'vvv', 'p2': 'i561nk86apq7ctejgj7nse9tvk', 'p0': '9ce98d2ad83911376bee563e66ebcf6a47ff3b065a3bad474160e90d'}
2017-02-21 23:31:46 INFO: COMMIT
2017-02-21 23:31:46 DEBUG: event_id=>dk8ssrkonj7hapgrathl83lbpg
2017-02-21 23:31:46 INFO: INSERT INTO EVENT (event_hashkey,calendar_hashkey,event_id,summary,start_dt,end_dt,created_dt,updated_dt,location) VALUES (%(p0)s, %(p1)s, %(p2)s, %(p3)s, %(p4)s, %(p5)s, %(p6)s, %(p7)s, %(p8)s) 
2017-02-21 23:31:46 INFO: {'p6': '2017-01-30T17:43:37.000', 'p8': 'noLocation', 'p4': '2017-02-03T04:00:00', 'p7': '2017-01-30T17:43:37.761', 'p5': '2017-02-03T05:00:00', 'p1': '0ad93e367450231b638d8cd5f6a264c99a8d3f672561b17ae2353231', 'p3': '테에스트', 'p2': 'dk8ssrkonj7hapgrathl83lbpg', 'p0': '5f989f97ab7f970a2112045673b71b12f0fbbeff8b0c02c402142c24'}
2017-02-21 23:31:46 INFO: COMMIT
2017-02-21 23:31:46 DEBUG: event_id=>sj4l83i4pc6e83s6ka67kvl84k
2017-02-21 23:31:46 INFO: INSERT INTO EVENT (event_hashkey,calendar_hashkey,event_id,summary,start_dt,end_dt,created_dt,updated_dt,location) VALUES (%(p0)s, %(p1)s, %(p2)s, %(p3)s, %(p4)s, %(p5)s, %(p6)s, %(p7)s, %(p8)s) 
2017-02-21 23:31:46 INFO: {'p6': '2017-01-30T19:14:35.000', 'p8': 'noLocation', 'p3': 'gg', 'p7': '2017-01-30T19:14:35.200', 'p5': '2017-02-03T07:30:00', 'p1': '0ad93e367450231b638d8cd5f6a264c99a8d3f672561b17ae2353231', 'p4': '2017-02-03T06:30:00', 'p2': 'sj4l83i4pc6e83s6ka67kvl84k', 'p0': '8812773f93540582f1103de491ffb735f63b38470d67719dbfa19446'}
2017-02-21 23:31:46 INFO: COMMIT
2017-02-21 23:31:46 DEBUG: event_id=>9a8fmplkh7mnfnes12oit0snr4
2017-02-21 23:31:46 INFO: INSERT INTO EVENT (event_hashkey,calendar_hashkey,event_id,summary,start_dt,end_dt,created_dt,updated_dt,location) VALUES (%(p0)s, %(p1)s, %(p2)s, %(p3)s, %(p4)s, %(p5)s, %(p6)s, %(p7)s, %(p8)s) 
2017-02-21 23:31:46 INFO: {'p6': '2017-01-31T03:06:37.000', 'p8': 'noLocation', 'p2': '9a8fmplkh7mnfnes12oit0snr4', 'p7': '2017-01-31T03:06:37.761', 'p4': '2017-02-03T08:00:00', 'p5': '2017-02-03T09:00:00', 'p1': '0ad93e367450231b638d8cd5f6a264c99a8d3f672561b17ae2353231', 'p3': 'testt', 'p0': '2a84a036ab83a2c57fd52f69bba0847847accbf4793cead415ae63f4'}
2017-02-21 23:31:46 INFO: COMMIT
2017-02-21 23:31:46 DEBUG: event_id=>iknniadg8oln035i79jlj9mnrk
2017-02-21 23:31:46 INFO: INSERT INTO EVENT (event_hashkey,calendar_hashkey,event_id,summary,start_dt,end_dt,created_dt,updated_dt,location) VALUES (%(p0)s, %(p1)s, %(p2)s, %(p3)s, %(p4)s, %(p5)s, %(p6)s, %(p7)s, %(p8)s) 
2017-02-21 23:31:46 INFO: {'p6': '2017-01-31T03:08:53.000', 'p8': 'noLocation', 'p3': 'go', 'p7': '2017-01-31T03:08:53.730', 'p5': '2017-02-03T10:30:00', 'p1': '0ad93e367450231b638d8cd5f6a264c99a8d3f672561b17ae2353231', 'p4': '2017-02-03T09:30:00', 'p2': 'iknniadg8oln035i79jlj9mnrk', 'p0': 'ea4a833d35be604a44b0a6ad2a1188213df3dd225e0852a1d62990ec'}
2017-02-21 23:31:46 INFO: COMMIT
2017-02-21 23:31:46 DEBUG: event_id=>2ko29oc89p0qjhj383vcbap3e0
2017-02-21 23:31:46 INFO: INSERT INTO EVENT (event_hashkey,calendar_hashkey,event_id,summary,start_dt,end_dt,created_dt,updated_dt,location) VALUES (%(p0)s, %(p1)s, %(p2)s, %(p3)s, %(p4)s, %(p5)s, %(p6)s, %(p7)s, %(p8)s) 
2017-02-21 23:31:46 INFO: {'p5': '2017-02-03T12:00:00', 'p6': '2017-01-31T03:09:50.000', 'p8': 'noLocation', 'p4': '2017-02-03T11:00:00', 'p7': '2017-01-31T03:09:50.088', 'p2': '2ko29oc89p0qjhj383vcbap3e0', 'p1': '0ad93e367450231b638d8cd5f6a264c99a8d3f672561b17ae2353231', 'p3': 'd', 'p0': '360a13e1fcef9d050b992e3c57adef68b2ccb962b116be6993bcde62'}
2017-02-21 23:31:46 INFO: COMMIT
2017-02-21 23:31:46 DEBUG: event_id=>np7ioos9a325toukb055e546cc
2017-02-21 23:31:46 INFO: INSERT INTO EVENT (event_hashkey,calendar_hashkey,event_id,summary,start_dt,end_dt,created_dt,updated_dt,location) VALUES (%(p0)s, %(p1)s, %(p2)s, %(p3)s, %(p4)s, %(p5)s, %(p6)s, %(p7)s, %(p8)s) 
2017-02-21 23:31:46 INFO: {'p6': '2017-01-31T03:11:47.000', 'p8': 'noLocation', 'p4': '2017-02-03T12:30:00', 'p7': '2017-01-31T03:11:47.457', 'p5': '2017-02-03T13:30:00', 'p1': '0ad93e367450231b638d8cd5f6a264c99a8d3f672561b17ae2353231', 'p3': 'g', 'p2': 'np7ioos9a325toukb055e546cc', 'p0': '2947e35ffe567b89dd5625ae57893fdb5edaa4277a133e7915c83107'}
2017-02-21 23:31:46 INFO: COMMIT
2017-02-21 23:31:46 DEBUG: event_id=>s7u5j3j137ivokm8k27pmoddn0
2017-02-21 23:31:46 INFO: INSERT INTO EVENT (event_hashkey,calendar_hashkey,event_id,summary,start_dt,end_dt,created_dt,updated_dt,location) VALUES (%(p0)s, %(p1)s, %(p2)s, %(p3)s, %(p4)s, %(p5)s, %(p6)s, %(p7)s, %(p8)s) 
2017-02-21 23:31:46 INFO: {'p6': '2017-01-31T09:04:27.000', 'p8': 'noLocation', 'p4': '2017-02-03T03:00:00', 'p7': '2017-01-31T09:04:27.847', 'p5': '2017-02-03T04:00:00', 'p1': '0ad93e367450231b638d8cd5f6a264c99a8d3f672561b17ae2353231', 'p3': 't01', 'p2': 's7u5j3j137ivokm8k27pmoddn0', 'p0': 'fb1a8b3334e700a64d7319f17f91a8b5c2f725542e54a68b10def835'}
2017-02-21 23:31:46 INFO: COMMIT
2017-02-21 23:31:46 DEBUG: event_id=>ej4dmt62eimd8niph7n9rh5j70
2017-02-21 23:31:46 INFO: INSERT INTO EVENT (event_hashkey,calendar_hashkey,event_id,summary,start_dt,end_dt,created_dt,updated_dt,location) VALUES (%(p0)s, %(p1)s, %(p2)s, %(p3)s, %(p4)s, %(p5)s, %(p6)s, %(p7)s, %(p8)s) 
2017-02-21 23:31:46 INFO: {'p6': '2017-01-31T09:07:17.000', 'p8': 'noLocation', 'p4': '2017-02-03T01:30:00', 'p7': '2017-01-31T09:07:17.354', 'p5': '2017-02-03T02:30:00', 'p1': '0ad93e367450231b638d8cd5f6a264c99a8d3f672561b17ae2353231', 'p3': 'te02', 'p2': 'ej4dmt62eimd8niph7n9rh5j70', 'p0': '22499d5c9f48d77f933afe7a1bbfb8b8887b3b5b250c4966e5e0d18c'}
2017-02-21 23:31:46 INFO: COMMIT
2017-02-21 23:31:46 INFO: checkValidAccesToken
2017-02-21 23:31:46 INFO: SELECT * FROM USERACCOUNT WHERE access_token = %(p0)s 
2017-02-21 23:31:46 INFO: {'p0': 'ya29.GmT5A2Tx2S6f1iWZxBRwhx-53bBZxWPxPeGb1LfbYY5cy-7JKwGVq6QiwBxKXlX1Dbbyy6ABAvyWSKj3S4-_UE2158IvN1OLgJ8Aa79t5Ly7Kqsphnl20hI6RCa8QU_yI0EPLY8q'}
2017-02-21 23:31:46 INFO: COMMIT
2017-02-21 23:31:46 DEBUG: [{'account_hashkey': '121b24aa0f5d4272db80dcd9052742dc4aa14af68373a9a5a62ad82f', 'access_token': 'ya29.GmT5A2Tx2S6f1iWZxBRwhx-53bBZxWPxPeGb1LfbYY5cy-7JKwGVq6QiwBxKXlX1Dbbyy6ABAvyWSKj3S4-_UE2158IvN1OLgJ8Aa79t5Ly7Kqsphnl20hI6RCa8QU_yI0EPLY8q', 'create_datetime': '2017-02-21 23:15:47', 'login_platform': 'google', 'subject': '100309767722512756707', 'user_id': 'cpg0504@gmail.com', 'is_active': 1, 'user_hashkey': '5f023d3fb1a18e4b130d763394fd05e369646c307f70b536e0b10822', 'caldav_homeset': None, 'google_expire_time': '2017-02-22 00:12:29', 'refresh_token': None}]
2017-02-21 23:31:46 INFO: valid date
2017-02-21 23:31:46 DEBUG: newacces=>None
2017-02-21 23:31:46 INFO: Starting new HTTPS connection (1): www.googleapis.com
2017-02-21 23:31:47 DEBUG: "GET /calendar/v3/calendars/m8am4m7vmd27251vlnkai28tv8%40group.calendar.google.com/events?maxResults=10&pageToken=CigKGmVqNGRtdDYyZWltZDhuaXBoN245cmg1ajcwGAEggICA9bqOz88VGg0IABIAGMjb_83h-dEC HTTP/1.1" 200 4545
2017-02-21 23:31:47 DEBUG: ress=>{'etag': '"p334dnvuds7st20g"', 'updated': '2017-02-05T20:10:04.397Z', 'nextSyncToken': 'CMjb_83h-dECEMjb_83h-dECGAU=', 'items': [{'htmlLink': 'https://www.google.com/calendar/event?eid=OW5sOG4wbDhtNm5mdHJzYWNtOXJ2c2NvMWsgbThhbTRtN3ZtZDI3MjUxdmxua2FpMjh0djhAZw', 'updated': '2017-01-31T09:08:48.682Z', 'start': {'dateTime': '2017-02-03T05:00:00+09:00'}, 'organizer': {'displayName': 'test', 'email': 'm8am4m7vmd27251vlnkai28tv8@group.calendar.google.com', 'self': True}, 'end': {'dateTime': '2017-02-03T06:00:00+09:00'}, 'iCalUID': '9nl8n0l8m6nftrsacm9rvsco1k@google.com', 'reminders': {'useDefault': True}, 'summary': 'te03', 'status': 'confirmed', 'created': '2017-01-31T09:08:48.000Z', 'etag': '"2971707457364000"', 'sequence': 0, 'id': '9nl8n0l8m6nftrsacm9rvsco1k', 'creator': {'displayName': 'Choi yenos', 'email': 'cpg0504@gmail.com'}, 'kind': 'calendar#event'}, {'htmlLink': 'https://www.google.com/calendar/event?eid=OW01azhpYmh1c212ODZwcjJvc21wYjlsdnMgbThhbTRtN3ZtZDI3MjUxdmxua2FpMjh0djhAZw', 'updated': '2017-01-31T09:10:09.571Z', 'start': {'dateTime': '2017-02-03T14:00:00+09:00'}, 'organizer': {'displayName': 'test', 'email': 'm8am4m7vmd27251vlnkai28tv8@group.calendar.google.com', 'self': True}, 'end': {'dateTime': '2017-02-03T15:00:00+09:00'}, 'iCalUID': '9m5k8ibhusmv86pr2osmpb9lvs@google.com', 'reminders': {'useDefault': True}, 'summary': 'te4', 'status': 'confirmed', 'created': '2017-01-31T09:10:09.000Z', 'etag': '"2971707619142000"', 'sequence': 0, 'id': '9m5k8ibhusmv86pr2osmpb9lvs', 'creator': {'displayName': 'Choi yenos', 'email': 'cpg0504@gmail.com'}, 'kind': 'calendar#event'}, {'htmlLink': 'https://www.google.com/calendar/event?eid=MmYzcmQ1bmgzamdpMnRuMnZ2aGpianVhdTQgbThhbTRtN3ZtZDI3MjUxdmxua2FpMjh0djhAZw', 'updated': '2017-01-31T09:10:51.387Z', 'start': {'dateTime': '2017-02-03T15:30:00+09:00'}, 'organizer': {'displayName': 'test', 'email': 'm8am4m7vmd27251vlnkai28tv8@group.calendar.google.com', 'self': True}, 'end': {'dateTime': '2017-02-03T16:30:00+09:00'}, 'iCalUID': '2f3rd5nh3jgi2tn2vvhjbjuau4@google.com', 'reminders': {'useDefault': True}, 'summary': 'te', 'status': 'confirmed', 'created': '2017-01-31T09:10:51.000Z', 'etag': '"2971707702774000"', 'sequence': 0, 'id': '2f3rd5nh3jgi2tn2vvhjbjuau4', 'creator': {'displayName': 'Choi yenos', 'email': 'cpg0504@gmail.com'}, 'kind': 'calendar#event'}, {'htmlLink': 'https://www.google.com/calendar/event?eid=YzU4c29uaTl1aXJwajV2YmViYTc5OHFva2sgbThhbTRtN3ZtZDI3MjUxdmxua2FpMjh0djhAZw', 'updated': '2017-01-31T09:12:48.022Z', 'start': {'dateTime': '2017-02-03T17:00:00+09:00'}, 'organizer': {'displayName': 'test', 'email': 'm8am4m7vmd27251vlnkai28tv8@group.calendar.google.com', 'self': True}, 'end': {'dateTime': '2017-02-03T18:00:00+09:00'}, 'iCalUID': 'c58soni9uirpj5vbeba798qokk@google.com', 'reminders': {'useDefault': True}, 'summary': 'te6->te8->99', 'status': 'confirmed', 'created': '2017-01-31T09:11:53.000Z', 'etag': '"2971707936044000"', 'sequence': 0, 'id': 'c58soni9uirpj5vbeba798qokk', 'creator': {'displayName': 'Choi yenos', 'email': 'cpg0504@gmail.com'}, 'kind': 'calendar#event'}, {'htmlLink': 'https://www.google.com/calendar/event?eid=NDRtOWk1MWRxamc4bHQ0N2cwMnZ1YXY5cmMgbThhbTRtN3ZtZDI3MjUxdmxua2FpMjh0djhAZw', 'updated': '2017-01-31T09:20:50.987Z', 'start': {'dateTime': '2017-02-03T18:30:00+09:00'}, 'organizer': {'displayName': 'test', 'email': 'm8am4m7vmd27251vlnkai28tv8@group.calendar.google.com', 'self': True}, 'end': {'dateTime': '2017-02-03T19:30:00+09:00'}, 'iCalUID': '44m9i51dqjg8lt47g02vuav9rc@google.com', 'reminders': {'useDefault': True}, 'summary': 'te10', 'status': 'confirmed', 'created': '2017-01-31T09:20:50.000Z', 'etag': '"2971708901974000"', 'sequence': 0, 'id': '44m9i51dqjg8lt47g02vuav9rc', 'creator': {'displayName': 'Choi yenos', 'email': 'cpg0504@gmail.com'}, 'kind': 'calendar#event'}], 'accessRole': 'owner', 'timeZone': 'Asia/Seoul', 'kind': 'calendar#events', 'description': '', 'summary': 'test', 'defaultReminders': []}
2017-02-21 23:31:47 DEBUG: event_id=>9nl8n0l8m6nftrsacm9rvsco1k
2017-02-21 23:31:47 INFO: INSERT INTO EVENT (event_hashkey,calendar_hashkey,event_id,summary,start_dt,end_dt,created_dt,updated_dt,location) VALUES (%(p0)s, %(p1)s, %(p2)s, %(p3)s, %(p4)s, %(p5)s, %(p6)s, %(p7)s, %(p8)s) 
2017-02-21 23:31:47 INFO: {'p6': '2017-01-31T09:08:48.000', 'p8': 'noLocation', 'p1': '0ad93e367450231b638d8cd5f6a264c99a8d3f672561b17ae2353231', 'p7': '2017-01-31T09:08:48.682', 'p3': 'te03', 'p5': '2017-02-03T06:00:00', 'p4': '2017-02-03T05:00:00', 'p2': '9nl8n0l8m6nftrsacm9rvsco1k', 'p0': 'd0a26f26c2a98ca7109e1f9de8abdfeac342a282d16b88879608954c'}
2017-02-21 23:31:47 INFO: COMMIT
2017-02-21 23:31:47 DEBUG: event_id=>9m5k8ibhusmv86pr2osmpb9lvs
2017-02-21 23:31:47 INFO: INSERT INTO EVENT (event_hashkey,calendar_hashkey,event_id,summary,start_dt,end_dt,created_dt,updated_dt,location) VALUES (%(p0)s, %(p1)s, %(p2)s, %(p3)s, %(p4)s, %(p5)s, %(p6)s, %(p7)s, %(p8)s) 
2017-02-21 23:31:47 INFO: {'p6': '2017-01-31T09:10:09.000', 'p8': 'noLocation', 'p3': 'te4', 'p7': '2017-01-31T09:10:09.571', 'p5': '2017-02-03T15:00:00', 'p1': '0ad93e367450231b638d8cd5f6a264c99a8d3f672561b17ae2353231', 'p4': '2017-02-03T14:00:00', 'p2': '9m5k8ibhusmv86pr2osmpb9lvs', 'p0': '484b67f0a4604addfd3fe808daad558c631e7f78dd553c612811d5f2'}
2017-02-21 23:31:47 INFO: COMMIT
2017-02-21 23:31:47 DEBUG: event_id=>2f3rd5nh3jgi2tn2vvhjbjuau4
2017-02-21 23:31:47 INFO: INSERT INTO EVENT (event_hashkey,calendar_hashkey,event_id,summary,start_dt,end_dt,created_dt,updated_dt,location) VALUES (%(p0)s, %(p1)s, %(p2)s, %(p3)s, %(p4)s, %(p5)s, %(p6)s, %(p7)s, %(p8)s) 
2017-02-21 23:31:47 INFO: {'p6': '2017-01-31T09:10:51.000', 'p8': 'noLocation', 'p2': '2f3rd5nh3jgi2tn2vvhjbjuau4', 'p7': '2017-01-31T09:10:51.387', 'p4': '2017-02-03T15:30:00', 'p5': '2017-02-03T16:30:00', 'p1': '0ad93e367450231b638d8cd5f6a264c99a8d3f672561b17ae2353231', 'p3': 'te', 'p0': '0b710085bb6569a70ba2afd6bfc786536ac5a7c90b9a1aa3149e1cf9'}
2017-02-21 23:31:47 INFO: COMMIT
2017-02-21 23:31:47 DEBUG: event_id=>c58soni9uirpj5vbeba798qokk
2017-02-21 23:31:47 INFO: INSERT INTO EVENT (event_hashkey,calendar_hashkey,event_id,summary,start_dt,end_dt,created_dt,updated_dt,location) VALUES (%(p0)s, %(p1)s, %(p2)s, %(p3)s, %(p4)s, %(p5)s, %(p6)s, %(p7)s, %(p8)s) 
2017-02-21 23:31:47 INFO: {'p6': '2017-01-31T09:11:53.000', 'p8': 'noLocation', 'p3': 'te6->te8->99', 'p7': '2017-01-31T09:12:48.022', 'p5': '2017-02-03T18:00:00', 'p1': '0ad93e367450231b638d8cd5f6a264c99a8d3f672561b17ae2353231', 'p4': '2017-02-03T17:00:00', 'p2': 'c58soni9uirpj5vbeba798qokk', 'p0': '42935b037b0e391486a52bb42d8eae8cc199f04c45c283fb8d301acb'}
2017-02-21 23:31:47 INFO: COMMIT
2017-02-21 23:31:47 DEBUG: event_id=>44m9i51dqjg8lt47g02vuav9rc
2017-02-21 23:31:47 INFO: INSERT INTO EVENT (event_hashkey,calendar_hashkey,event_id,summary,start_dt,end_dt,created_dt,updated_dt,location) VALUES (%(p0)s, %(p1)s, %(p2)s, %(p3)s, %(p4)s, %(p5)s, %(p6)s, %(p7)s, %(p8)s) 
2017-02-21 23:31:47 INFO: {'p6': '2017-01-31T09:20:50.000', 'p8': 'noLocation', 'p4': '2017-02-03T18:30:00', 'p7': '2017-01-31T09:20:50.987', 'p5': '2017-02-03T19:30:00', 'p1': '0ad93e367450231b638d8cd5f6a264c99a8d3f672561b17ae2353231', 'p3': 'te10', 'p2': '44m9i51dqjg8lt47g02vuav9rc', 'p0': '53faadae59d82147097c08935d5f16c6915c96ed6dcf929c386f04b8'}
2017-02-21 23:31:47 INFO: COMMIT
2017-02-21 23:31:47 DEBUG: sync==>CMjb_83h-dECEMjb_83h-dECGAU=
2017-02-21 23:31:47 INFO: INSERT INTO SYNC (calendar_hashkey,sync_token,ctime) VALUES (%(p0)s, %(p1)s, now()) 
2017-02-21 23:31:47 INFO: {'p0': '0ad93e367450231b638d8cd5f6a264c99a8d3f672561b17ae2353231', 'p1': 'CMjb_83h-dECEMjb_83h-dECGAU='}
2017-02-21 23:31:47 INFO: COMMIT
2017-02-21 23:31:47 INFO: UPDATE CALENDAR SET google_push_complete = 2 WHERE google_channel_id = %(p0)s
2017-02-21 23:31:47 INFO: {'p0': 'ad36b42b7c8312a8e1cc1e98f6feaa6d90000fccae94db2bd830c3a1'}
2017-02-21 23:31:47 INFO: COMMIT
2017-02-21 23:31:47 INFO: SELECT * from CALENDAR where account_hashkey = %(p0)s AND google_push_complete > 0
2017-02-21 23:31:47 INFO: {'p0': '121b24aa0f5d4272db80dcd9052742dc4aa14af68373a9a5a62ad82f'}
2017-02-21 23:31:47 INFO: COMMIT
2017-02-21 23:31:47 DEBUG: calendarSync =>2
2017-02-21 23:31:47 DEBUG: calendarSync =>[{'account_hashkey': '121b24aa0f5d4272db80dcd9052742dc4aa14af68373a9a5a62ad82f', 'google_synctoken': None, 'calendar_name': 'test', 'caldav_calendar_url': None, 'google_push_complete': 2, 'calendar_hashkey': '0ad93e367450231b638d8cd5f6a264c99a8d3f672561b17ae2353231', 'calendar_id': 'm8am4m7vmd27251vlnkai28tv8@group.calendar.google.com', 'google_channel_id': 'ad36b42b7c8312a8e1cc1e98f6feaa6d90000fccae94db2bd830c3a1', 'caldav_ctag': None}, {'account_hashkey': '121b24aa0f5d4272db80dcd9052742dc4aa14af68373a9a5a62ad82f', 'google_synctoken': None, 'calendar_name': 'cpg0504@gmail.com', 'caldav_calendar_url': None, 'google_push_complete': 2, 'calendar_hashkey': '466561a44ac70a3e589c57c445f8be0b5ef56039afdfb7a1edcb831a', 'calendar_id': 'cpg0504@gmail.com', 'google_channel_id': '70bf54c8f2c8d68be2cb9442607b52ea4c8bec727a17f0b30afeae70', 'caldav_ctag': None}, {'account_hashkey': '121b24aa0f5d4272db80dcd9052742dc4aa14af68373a9a5a62ad82f', 'google_synctoken': None, 'calendar_name': 'cpg0504@gmail.com', 'caldav_calendar_url': None, 'google_push_complete': 2, 'calendar_hashkey': '5d509a8ea62d0154170aee11c6e0f0c27be95c46e517fc48c1a81186', 'calendar_id': 'cpg0504@gmail.com', 'google_channel_id': 'f484c8beaa7065424c0b743e45de6b310d7adfd900f3d7af2be2ae00', 'caldav_ctag': None}, {'account_hashkey': '121b24aa0f5d4272db80dcd9052742dc4aa14af68373a9a5a62ad82f', 'google_synctoken': None, 'calendar_name': '유니톤', 'caldav_calendar_url': None, 'google_push_complete': 2, 'calendar_hashkey': '6e7869205f777c1f2ce17bee1088b9cb3f87b991f54b22dbb0626196', 'calendar_id': '6bku0pgm84k5h5a4bcoahntp78@group.calendar.google.com', 'google_channel_id': '90390f963694bf9aca65f36b411578d160dc2a2a0c1082f3f7a79c8f', 'caldav_ctag': None}, {'account_hashkey': '121b24aa0f5d4272db80dcd9052742dc4aa14af68373a9a5a62ad82f', 'google_synctoken': None, 'calendar_name': 'test', 'caldav_calendar_url': None, 'google_push_complete': 2, 'calendar_hashkey': '8f19aa78f94f074a77450ee4d0ff51a5add776d9eb3e9f7e41504a7e', 'calendar_id': 'm8am4m7vmd27251vlnkai28tv8@group.calendar.google.com', 'google_channel_id': '6f70caa0531b66f9365fa5d15aa2f7d625a8887bbdf62c48b650fa1b', 'caldav_ctag': None}, {'account_hashkey': '121b24aa0f5d4272db80dcd9052742dc4aa14af68373a9a5a62ad82f', 'google_synctoken': None, 'calendar_name': 'test', 'caldav_calendar_url': None, 'google_push_complete': 2, 'calendar_hashkey': 'a5b01e72cb0eb3540be736d474e6a21b874f0199a6452780a2b82048', 'calendar_id': 'm8am4m7vmd27251vlnkai28tv8@group.calendar.google.com', 'google_channel_id': 'fbcdbde0d33c5de4c6f768c39102a64ad14a548caa08f629ee28d83a', 'caldav_ctag': None}, {'account_hashkey': '121b24aa0f5d4272db80dcd9052742dc4aa14af68373a9a5a62ad82f', 'google_synctoken': None, 'calendar_name': '유니톤', 'caldav_calendar_url': None, 'google_push_complete': 2, 'calendar_hashkey': 'b342307ed81f9178eb2f577e0adc61781d6c01162a0b9b012e247e12', 'calendar_id': '6bku0pgm84k5h5a4bcoahntp78@group.calendar.google.com', 'google_channel_id': '27e11bb4d93947445fd0cf1e0f01a8919d2ecb34318b273e41eb0604', 'caldav_ctag': None}, {'account_hashkey': '121b24aa0f5d4272db80dcd9052742dc4aa14af68373a9a5a62ad82f', 'google_synctoken': None, 'calendar_name': 'cpg0504@gmail.com', 'caldav_calendar_url': None, 'google_push_complete': 2, 'calendar_hashkey': 'be4b3efd2e4fb696d3ad7a9612671b957972bbd2a609f12f9bc97921', 'calendar_id': 'cpg0504@gmail.com', 'google_channel_id': '5a6d0f65ec078abca2fe9c18f326851da0e5ebaa63f36f74f5b089fa', 'caldav_ctag': None}, {'account_hashkey': '121b24aa0f5d4272db80dcd9052742dc4aa14af68373a9a5a62ad82f', 'google_synctoken': None, 'calendar_name': '유니톤', 'caldav_calendar_url': None, 'google_push_complete': 2, 'calendar_hashkey': 'ccd006b7aea89a7266e095d63b1f2fb1d728609a7fa21f3faf2c0bf9', 'calendar_id': '6bku0pgm84k5h5a4bcoahntp78@group.calendar.google.com', 'google_channel_id': 'f924686a8ddb87a968e9c580f1f21e0803d4c74ff96710a01bcc988d', 'caldav_ctag': None}, {'account_hashkey': '121b24aa0f5d4272db80dcd9052742dc4aa14af68373a9a5a62ad82f', 'google_synctoken': None, 'calendar_name': 'cpg0504@gmail.com', 'caldav_calendar_url': None, 'google_push_complete': 2, 'calendar_hashkey': 'df7d31ba7ff7437fc5053f807bf1f45b35656ea9d26cbdd1f08dab65', 'calendar_id': 'cpg0504@gmail.com', 'google_channel_id': 'af5c48667e5a0dcba681bc9a4454f74543669d724b45f67cad068512', 'caldav_ctag': None}, {'account_hashkey': '121b24aa0f5d4272db80dcd9052742dc4aa14af68373a9a5a62ad82f', 'google_synctoken': None, 'calendar_name': '유니톤', 'caldav_calendar_url': None, 'google_push_complete': 2, 'calendar_hashkey': 'f30e53ed5e8873649e49a34835e601ce02fe8eb54deac12adbc2307d', 'calendar_id': '6bku0pgm84k5h5a4bcoahntp78@group.calendar.google.com', 'google_channel_id': '80785e501a7a0be11e90818e20ace304af8ac28d69abf7de8d676930', 'caldav_ctag': None}, {'account_hashkey': '121b24aa0f5d4272db80dcd9052742dc4aa14af68373a9a5a62ad82f', 'google_synctoken': None, 'calendar_name': 'test', 'caldav_calendar_url': None, 'google_push_complete': 2, 'calendar_hashkey': 'f6e5052ffb04b73186f297a209020b12dd3e8a1fa3bbba66e110e721', 'calendar_id': 'm8am4m7vmd27251vlnkai28tv8@group.calendar.google.com', 'google_channel_id': '747c476246d12f91b3ab07b40564d5c0c77a9fce980d6c6828a53bc7', 'caldav_ctag': None}]
2017-02-21 23:31:47 INFO: sync success
2017-02-21 23:31:47 INFO: INSERT INTO SYNC_END (account_hashkey) VALUES (%(p0)s) 
2017-02-21 23:31:47 INFO: {'p0': '121b24aa0f5d4272db80dcd9052742dc4aa14af68373a9a5a62ad82f'}
2017-02-21 23:31:47 INFO: ROLLBACK
2017-02-21 23:31:47 INFO: 66.102.6.10 - - [21/Feb/2017 23:31:47] "POST /v1.0/sync/watchReciver HTTP/1.1" 200 -
2017-02-21 23:32:10 DEBUG: currentServerTime=>2017-02-21 23:32:10.964521
2017-02-21 23:32:10 INFO:  * Running on https://0.0.0.0:55566/ (Press CTRL+C to quit)
2017-02-21 23:32:10 INFO:  * Restarting with stat
2017-02-21 23:32:11 DEBUG: currentServerTime=>2017-02-21 23:32:11.257936
2017-02-21 23:32:11 WARNING:  * Debugger is active!
2017-02-21 23:32:11 INFO:  * Debugger pin code: 263-167-387
2017-02-21 23:32:16 INFO: watch
2017-02-21 23:32:16 INFO: X-Goog-Channel-Id: 509be32c56138e37f89f8db378a7785816ea12a07b9e79510fb7e3c7
X-Goog-Resource-State: sync
X-Goog-Message-Number: 1
X-Goog-Resource-Id: ZzM7FdYxboLGRZbXRm-zz-fQSsI
User-Agent: APIs-Google; (+https://developers.google.com/webmasters/APIs-Google.html)
Accept: */*
X-Goog-Channel-Expiration: Tue, 28 Feb 2017 13:19:06 GMT
X-Goog-Resource-Uri: https://www.googleapis.com/calendar/v3/calendars/6bku0pgm84k5h5a4bcoahntp78@group.calendar.google.com/events?maxResults=250&alt=json
Content-Length: 0
Host: ssoma.xyz:55566
Content-Type: 
Accept-Encoding: gzip,deflate,br
Connection: Keep-alive


2017-02-21 23:32:16 INFO: SHOW VARIABLES LIKE 'sql_mode'
2017-02-21 23:32:16 INFO: {}
2017-02-21 23:32:16 INFO: SELECT DATABASE()
2017-02-21 23:32:16 INFO: {}
2017-02-21 23:32:16 INFO: show collation where `Charset` = 'utf8' and `Collation` = 'utf8_bin'
2017-02-21 23:32:16 INFO: {}
2017-02-21 23:32:16 INFO: SELECT CAST('test plain returns' AS CHAR(60)) AS anon_1
2017-02-21 23:32:16 INFO: {}
2017-02-21 23:32:16 INFO: SELECT CAST('test unicode returns' AS CHAR(60)) AS anon_1
2017-02-21 23:32:16 INFO: {}
2017-02-21 23:32:16 INFO: SELECT CAST('test collated returns' AS CHAR CHARACTER SET utf8) COLLATE utf8_bin AS anon_1
2017-02-21 23:32:16 INFO: {}
2017-02-21 23:32:16 INFO: SELECT access_token,CALENDAR.account_hashkey from CALENDAR INNER JOIN USERACCOUNT on CALENDAR.account_hashkey = USERACCOUNT.account_hashkey WHERE CALENDAR.google_channel_id = %(p0)s
2017-02-21 23:32:16 INFO: {'p0': '509be32c56138e37f89f8db378a7785816ea12a07b9e79510fb7e3c7'}
2017-02-21 23:32:16 INFO: COMMIT
2017-02-21 23:32:16 INFO: SELECT * FROM CALENDAR WHERE google_channel_id = %(p0)s
2017-02-21 23:32:16 INFO: {'p0': '509be32c56138e37f89f8db378a7785816ea12a07b9e79510fb7e3c7'}
2017-02-21 23:32:16 INFO: COMMIT
2017-02-21 23:32:16 DEBUG: calender id =>[{'caldav_calendar_url': None, 'google_channel_id': '509be32c56138e37f89f8db378a7785816ea12a07b9e79510fb7e3c7', 'calendar_hashkey': 'b30f36790752bffdc42ccde425ca11bb7c4fbcc8889b092a4908e3d1', 'account_hashkey': 'ca72b90ef71c4af82bf1e7236fd804d5318837eafeb62832e03e7361', 'caldav_ctag': None, 'google_push_complete': 2, 'calendar_name': '유니톤', 'google_synctoken': None, 'calendar_id': '6bku0pgm84k5h5a4bcoahntp78@group.calendar.google.com'}]
2017-02-21 23:32:16 INFO: select * from CALENDAR left join SYNC on SYNC.calendar_hashkey = CALENDAR.calendar_hashkey  where SYNC.calendar_hashkey = %(p0)s order by SYNC.ctime desc limit 1
2017-02-21 23:32:16 INFO: {'p0': 'b30f36790752bffdc42ccde425ca11bb7c4fbcc8889b092a4908e3d1'}
2017-02-21 23:32:16 INFO: COMMIT
2017-02-21 23:32:16 DEBUG: synctoken =>CJiLhovqg9ICEJiLhovqg9ICGAU=
2017-02-21 23:32:16 DEBUG: calendar_id = >6bku0pgm84k5h5a4bcoahntp78@group.calendar.google.com
2017-02-21 23:32:16 INFO: checkValidAccesToken
2017-02-21 23:32:16 INFO: SELECT * FROM USERACCOUNT WHERE access_token = %(p0)s 
2017-02-21 23:32:16 INFO: {'p0': 'ya29.Glv5AydioZPRxIiQCFWVExQEGsAj93bmkFD6XSthnVm0LhlNYpS5JPwYijRvAAPz01AFv4N2u1ddB9TCA-ToWtD_jkdH_8PlRtO4sQCBhJg_sUWAwltz5IZjSlnH'}
2017-02-21 23:32:16 INFO: COMMIT
2017-02-21 23:32:16 DEBUG: [{'login_platform': 'google', 'subject': '107970840164475731173', 'user_hashkey': '883a52145f54ec6536b452483bdf3272bf7cc771a1e85401a899b878', 'google_expire_time': '2017-02-21 23:54:27', 'account_hashkey': 'ca72b90ef71c4af82bf1e7236fd804d5318837eafeb62832e03e7361', 'caldav_homeset': None, 'is_active': 1, 'user_id': 'calyfactory@gmail.com', 'create_datetime': '2017-02-21 21:05:43', 'access_token': 'ya29.Glv5AydioZPRxIiQCFWVExQEGsAj93bmkFD6XSthnVm0LhlNYpS5JPwYijRvAAPz01AFv4N2u1ddB9TCA-ToWtD_jkdH_8PlRtO4sQCBhJg_sUWAwltz5IZjSlnH', 'refresh_token': '1/No6qlWwdym2oQwQhZigMGpe9TBUGVfBTbXIeYG5oZWTPzNspUf8VhnVXVMJO7Ohf'}]
2017-02-21 23:32:16 INFO: valid date
2017-02-21 23:32:16 DEBUG: newacces=>None
2017-02-21 23:32:16 INFO: Starting new HTTPS connection (1): www.googleapis.com
2017-02-21 23:32:17 DEBUG: "GET /calendar/v3/calendars/6bku0pgm84k5h5a4bcoahntp78%40group.calendar.google.com/events?syncToken=CJiLhovqg9ICEJiLhovqg9ICGAU%3D HTTP/1.1" 404 None
2017-02-21 23:32:17 DEBUG: nextPage{'error': {'message': 'Not Found', 'code': 404, 'errors': [{'message': 'Not Found', 'domain': 'global', 'reason': 'notFound'}]}}
2017-02-21 23:32:17 INFO: 66.249.84.222 - - [21/Feb/2017 23:32:17] "POST /v1.0/sync/watchReciver HTTP/1.1" 500 -
2017-02-21 23:33:24 DEBUG: currentServerTime=>2017-02-21 23:33:24.211269
2017-02-21 23:33:24 INFO:  * Running on https://0.0.0.0:55566/ (Press CTRL+C to quit)
2017-02-21 23:33:24 INFO:  * Restarting with stat
2017-02-21 23:33:24 DEBUG: currentServerTime=>2017-02-21 23:33:24.515310
2017-02-21 23:33:24 WARNING:  * Debugger is active!
2017-02-21 23:33:24 INFO:  * Debugger pin code: 263-167-387
2017-02-21 23:33:30 DEBUG: sessionkey = >4fd57421f0a68e118ea80cd68be3ddb0b134c7711802ed2497d6b8be
2017-02-21 23:33:30 DEBUG: hashkey = >5f023d3fb1a18e4b130d763394fd05e369646c307f70b536e0b10822
2017-02-21 23:33:30 INFO: SHOW VARIABLES LIKE 'sql_mode'
2017-02-21 23:33:30 INFO: {}
2017-02-21 23:33:30 INFO: SELECT DATABASE()
2017-02-21 23:33:30 INFO: {}
2017-02-21 23:33:30 INFO: show collation where `Charset` = 'utf8' and `Collation` = 'utf8_bin'
2017-02-21 23:33:30 INFO: {}
2017-02-21 23:33:30 INFO: SELECT CAST('test plain returns' AS CHAR(60)) AS anon_1
2017-02-21 23:33:30 INFO: {}
2017-02-21 23:33:30 INFO: SELECT CAST('test unicode returns' AS CHAR(60)) AS anon_1
2017-02-21 23:33:30 INFO: {}
2017-02-21 23:33:30 INFO: SELECT CAST('test collated returns' AS CHAR CHARACTER SET utf8) COLLATE utf8_bin AS anon_1
2017-02-21 23:33:30 INFO: {}
2017-02-21 23:33:30 INFO: SELECT * FROM USERACCOUNT WHERE user_hashkey = %(p0)s 
2017-02-21 23:33:30 INFO: {'p0': '5f023d3fb1a18e4b130d763394fd05e369646c307f70b536e0b10822'}
2017-02-21 23:33:30 INFO: COMMIT
2017-02-21 23:33:30 INFO: checkValidAccesToken
2017-02-21 23:33:30 INFO: SELECT * FROM USERACCOUNT WHERE access_token = %(p0)s 
2017-02-21 23:33:30 INFO: {'p0': 'ya29.GmT5A2Tx2S6f1iWZxBRwhx-53bBZxWPxPeGb1LfbYY5cy-7JKwGVq6QiwBxKXlX1Dbbyy6ABAvyWSKj3S4-_UE2158IvN1OLgJ8Aa79t5Ly7Kqsphnl20hI6RCa8QU_yI0EPLY8q'}
2017-02-21 23:33:30 INFO: COMMIT
2017-02-21 23:33:30 DEBUG: [{'login_platform': 'google', 'user_id': 'cpg0504@gmail.com', 'caldav_homeset': None, 'is_active': 1, 'create_datetime': '2017-02-21 23:15:47', 'access_token': 'ya29.GmT5A2Tx2S6f1iWZxBRwhx-53bBZxWPxPeGb1LfbYY5cy-7JKwGVq6QiwBxKXlX1Dbbyy6ABAvyWSKj3S4-_UE2158IvN1OLgJ8Aa79t5Ly7Kqsphnl20hI6RCa8QU_yI0EPLY8q', 'user_hashkey': '5f023d3fb1a18e4b130d763394fd05e369646c307f70b536e0b10822', 'google_expire_time': '2017-02-22 00:12:29', 'refresh_token': None, 'subject': '100309767722512756707', 'account_hashkey': '121b24aa0f5d4272db80dcd9052742dc4aa14af68373a9a5a62ad82f'}]
2017-02-21 23:33:30 INFO: valid date
2017-02-21 23:33:30 DEBUG: newacces=>None
2017-02-21 23:33:30 INFO: Starting new HTTPS connection (1): www.googleapis.com
2017-02-21 23:33:31 DEBUG: "GET /calendar/v3/users/me/calendarList HTTP/1.1" 200 2536
2017-02-21 23:33:31 DEBUG: calendarList=>{'items': [{'backgroundColor': '#9a9cff', 'timeZone': 'Asia/Seoul', 'kind': 'calendar#calendarListEntry', 'accessRole': 'owner', 'primary': True, 'foregroundColor': '#000000', 'summary': 'cpg0504@gmail.com', 'notificationSettings': {'notifications': [{'type': 'eventCreation', 'method': 'email'}, {'type': 'eventChange', 'method': 'email'}, {'type': 'eventCancellation', 'method': 'email'}, {'type': 'eventResponse', 'method': 'email'}]}, 'id': 'cpg0504@gmail.com', 'etag': '"1484739563010000"', 'selected': True, 'colorId': '17', 'defaultReminders': [{'minutes': 30, 'method': 'popup'}]}, {'backgroundColor': '#4986e7', 'timeZone': 'Asia/Seoul', 'kind': 'calendar#calendarListEntry', 'accessRole': 'owner', 'description': '유니톤행사를 위한 일정관리 캘린더입니다.\n각 파트별로 일정 기입해주시면 됩니다.\n근사한 파티를 벌여보자 구욧', 'defaultReminders': [], 'foregroundColor': '#000000', 'summary': '유니톤', 'id': '6bku0pgm84k5h5a4bcoahntp78@group.calendar.google.com', 'selected': True, 'colorId': '16', 'etag': '"1484888300467000"'}, {'backgroundColor': '#fa573c', 'timeZone': 'Asia/Seoul', 'summary': 'test', 'kind': 'calendar#calendarListEntry', 'accessRole': 'owner', 'id': 'm8am4m7vmd27251vlnkai28tv8@group.calendar.google.com', 'defaultReminders': [], 'selected': True, 'foregroundColor': '#000000', 'colorId': '4', 'etag': '"1485166157330000"'}, {'backgroundColor': '#9a9cff', 'timeZone': 'Asia/Seoul', 'summary': 'Contacts', 'kind': 'calendar#calendarListEntry', 'accessRole': 'reader', 'id': '#contacts@group.v.calendar.google.com', 'defaultReminders': [], 'selected': True, 'foregroundColor': '#000000', 'colorId': '17', 'etag': '"1484882992781000"'}, {'backgroundColor': '#9a9cff', 'timeZone': 'Asia/Seoul', 'summary': '대한민국의 휴일', 'kind': 'calendar#calendarListEntry', 'accessRole': 'reader', 'id': 'ko.south_korea#holiday@group.v.calendar.google.com', 'defaultReminders': [], 'selected': True, 'foregroundColor': '#000000', 'colorId': '17', 'etag': '"1453202521138000"'}], 'nextSyncToken': 'CJiB_vnpntICEhFjcGcwNTA0QGdtYWlsLmNvbQ==', 'kind': 'calendar#calendarList', 'etag': '"p32c83vnpt6fd40g"'}
2017-02-21 23:33:31 DEBUG: channl=> ['8f35472148545fa4ab42ff13f4f04bf506f0489d46656d19bb1e7724', '23a1221e27c0c8f1657025682facac34b39ac37eae18c5149ce208c3', '6a5e8603e67799586a22e08529837fd82a2c83880271d4c8de55d613', '75cfbb7f9458dd61c8167f7a306046bafa20ea2124fda3d62ae44c55', 'e8ca3c308d2a86909fa60348409abcb97bf4d9e8bef9f5c5b66be8e3']
2017-02-21 23:33:31 INFO: INSERT INTO CALENDAR (calendar_hashkey,account_hashkey,calendar_id,calendar_name,google_channel_id) values ("bfe3480c04d79caba89bfd815c45d15448d4b8b37ab5ddd379452e18","121b24aa0f5d4272db80dcd9052742dc4aa14af68373a9a5a62ad82f","cpg0504@gmail.com","cpg0504@gmail.com","8f35472148545fa4ab42ff13f4f04bf506f0489d46656d19bb1e7724"),("0a56cd9e3d78e1cc095c2db10203c546e76e48aabd6752e867abe954","121b24aa0f5d4272db80dcd9052742dc4aa14af68373a9a5a62ad82f","6bku0pgm84k5h5a4bcoahntp78@group.calendar.google.com","유니톤","23a1221e27c0c8f1657025682facac34b39ac37eae18c5149ce208c3"),("a92a0acc37e20786fdf3ec07cb00f4cf90ab759f773c13d4f576cb1f","121b24aa0f5d4272db80dcd9052742dc4aa14af68373a9a5a62ad82f","m8am4m7vmd27251vlnkai28tv8@group.calendar.google.com","test","6a5e8603e67799586a22e08529837fd82a2c83880271d4c8de55d613"),("9733d0e76c90e5bc54e3a0ff03a478f086167d83b7d9ed2576314e42","121b24aa0f5d4272db80dcd9052742dc4aa14af68373a9a5a62ad82f","#contacts@group.v.calendar.google.com","Contacts","75cfbb7f9458dd61c8167f7a306046bafa20ea2124fda3d62ae44c55"),("5ad5ad55efe09b948b3ee4febb1b5bb3d1411bbbd00d4d73fabac90d","121b24aa0f5d4272db80dcd9052742dc4aa14af68373a9a5a62ad82f","ko.south_korea#holiday@group.v.calendar.google.com","대한민국의 휴일","e8ca3c308d2a86909fa60348409abcb97bf4d9e8bef9f5c5b66be8e3")
2017-02-21 23:33:31 INFO: {}
2017-02-21 23:33:31 INFO: COMMIT
2017-02-21 23:33:31 DEBUG: calender id =>cpg0504@gmail.com
2017-02-21 23:33:31 INFO: checkValidAccesToken
2017-02-21 23:33:31 INFO: SELECT * FROM USERACCOUNT WHERE access_token = %(p0)s 
2017-02-21 23:33:31 INFO: {'p0': 'ya29.GmT5A2Tx2S6f1iWZxBRwhx-53bBZxWPxPeGb1LfbYY5cy-7JKwGVq6QiwBxKXlX1Dbbyy6ABAvyWSKj3S4-_UE2158IvN1OLgJ8Aa79t5Ly7Kqsphnl20hI6RCa8QU_yI0EPLY8q'}
2017-02-21 23:33:31 INFO: COMMIT
2017-02-21 23:33:31 DEBUG: [{'login_platform': 'google', 'user_id': 'cpg0504@gmail.com', 'caldav_homeset': None, 'is_active': 1, 'create_datetime': '2017-02-21 23:15:47', 'access_token': 'ya29.GmT5A2Tx2S6f1iWZxBRwhx-53bBZxWPxPeGb1LfbYY5cy-7JKwGVq6QiwBxKXlX1Dbbyy6ABAvyWSKj3S4-_UE2158IvN1OLgJ8Aa79t5Ly7Kqsphnl20hI6RCa8QU_yI0EPLY8q', 'user_hashkey': '5f023d3fb1a18e4b130d763394fd05e369646c307f70b536e0b10822', 'google_expire_time': '2017-02-22 00:12:29', 'refresh_token': None, 'subject': '100309767722512756707', 'account_hashkey': '121b24aa0f5d4272db80dcd9052742dc4aa14af68373a9a5a62ad82f'}]
2017-02-21 23:33:31 INFO: valid date
2017-02-21 23:33:31 DEBUG: newacces=>None
2017-02-21 23:33:31 INFO: Starting new HTTPS connection (1): www.googleapis.com
2017-02-21 23:33:35 DEBUG: "POST /calendar/v3/calendars/cpg0504@gmail.com/events/watch HTTP/1.1" 200 None
2017-02-21 23:33:35 DEBUG: calender id =>6bku0pgm84k5h5a4bcoahntp78@group.calendar.google.com
2017-02-21 23:33:35 INFO: checkValidAccesToken
2017-02-21 23:33:35 INFO: SELECT * FROM USERACCOUNT WHERE access_token = %(p0)s 
2017-02-21 23:33:35 INFO: {'p0': 'ya29.GmT5A2Tx2S6f1iWZxBRwhx-53bBZxWPxPeGb1LfbYY5cy-7JKwGVq6QiwBxKXlX1Dbbyy6ABAvyWSKj3S4-_UE2158IvN1OLgJ8Aa79t5Ly7Kqsphnl20hI6RCa8QU_yI0EPLY8q'}
2017-02-21 23:33:35 INFO: COMMIT
2017-02-21 23:33:35 DEBUG: [{'login_platform': 'google', 'user_id': 'cpg0504@gmail.com', 'caldav_homeset': None, 'is_active': 1, 'create_datetime': '2017-02-21 23:15:47', 'access_token': 'ya29.GmT5A2Tx2S6f1iWZxBRwhx-53bBZxWPxPeGb1LfbYY5cy-7JKwGVq6QiwBxKXlX1Dbbyy6ABAvyWSKj3S4-_UE2158IvN1OLgJ8Aa79t5Ly7Kqsphnl20hI6RCa8QU_yI0EPLY8q', 'user_hashkey': '5f023d3fb1a18e4b130d763394fd05e369646c307f70b536e0b10822', 'google_expire_time': '2017-02-22 00:12:29', 'refresh_token': None, 'subject': '100309767722512756707', 'account_hashkey': '121b24aa0f5d4272db80dcd9052742dc4aa14af68373a9a5a62ad82f'}]
2017-02-21 23:33:35 INFO: valid date
2017-02-21 23:33:35 DEBUG: newacces=>None
2017-02-21 23:33:35 INFO: Starting new HTTPS connection (1): www.googleapis.com
2017-02-21 23:33:36 INFO: watch
2017-02-21 23:33:36 INFO: X-Goog-Resource-State: sync
User-Agent: APIs-Google; (+https://developers.google.com/webmasters/APIs-Google.html)
Connection: Keep-alive
Content-Type: 
X-Goog-Channel-Expiration: Tue, 28 Feb 2017 14:33:31 GMT
Content-Length: 0
Accept-Encoding: gzip,deflate,br
Host: ssoma.xyz:55566
X-Goog-Message-Number: 1
X-Goog-Channel-Id: 8f35472148545fa4ab42ff13f4f04bf506f0489d46656d19bb1e7724
Accept: */*
X-Goog-Resource-Id: ys7KYKezacLOGhMhcOqVHeR2W28
X-Goog-Resource-Uri: https://www.googleapis.com/calendar/v3/calendars/cpg0504@gmail.com/events?maxResults=250&alt=json


2017-02-21 23:33:36 INFO: SELECT access_token,CALENDAR.account_hashkey from CALENDAR INNER JOIN USERACCOUNT on CALENDAR.account_hashkey = USERACCOUNT.account_hashkey WHERE CALENDAR.google_channel_id = %(p0)s
2017-02-21 23:33:36 INFO: {'p0': '8f35472148545fa4ab42ff13f4f04bf506f0489d46656d19bb1e7724'}
2017-02-21 23:33:36 INFO: COMMIT
2017-02-21 23:33:36 INFO: SELECT * FROM CALENDAR WHERE google_channel_id = %(p0)s
2017-02-21 23:33:36 INFO: {'p0': '8f35472148545fa4ab42ff13f4f04bf506f0489d46656d19bb1e7724'}
2017-02-21 23:33:36 INFO: COMMIT
2017-02-21 23:33:36 DEBUG: calender id =>[{'caldav_calendar_url': None, 'caldav_ctag': None, 'calendar_name': 'cpg0504@gmail.com', 'google_synctoken': None, 'calendar_hashkey': 'bfe3480c04d79caba89bfd815c45d15448d4b8b37ab5ddd379452e18', 'calendar_id': 'cpg0504@gmail.com', 'google_channel_id': '8f35472148545fa4ab42ff13f4f04bf506f0489d46656d19bb1e7724', 'google_push_complete': 0, 'account_hashkey': '121b24aa0f5d4272db80dcd9052742dc4aa14af68373a9a5a62ad82f'}]
2017-02-21 23:33:36 INFO: UPDATE CALENDAR SET google_push_complete = 1 WHERE google_channel_id = %(p0)s
2017-02-21 23:33:36 INFO: {'p0': '8f35472148545fa4ab42ff13f4f04bf506f0489d46656d19bb1e7724'}
2017-02-21 23:33:36 INFO: COMMIT
2017-02-21 23:33:36 INFO: checkValidAccesToken
2017-02-21 23:33:36 INFO: SELECT * FROM USERACCOUNT WHERE access_token = %(p0)s 
2017-02-21 23:33:36 INFO: {'p0': 'ya29.GmT5A2Tx2S6f1iWZxBRwhx-53bBZxWPxPeGb1LfbYY5cy-7JKwGVq6QiwBxKXlX1Dbbyy6ABAvyWSKj3S4-_UE2158IvN1OLgJ8Aa79t5Ly7Kqsphnl20hI6RCa8QU_yI0EPLY8q'}
2017-02-21 23:33:36 INFO: COMMIT
2017-02-21 23:33:36 DEBUG: [{'login_platform': 'google', 'user_id': 'cpg0504@gmail.com', 'caldav_homeset': None, 'is_active': 1, 'create_datetime': '2017-02-21 23:15:47', 'access_token': 'ya29.GmT5A2Tx2S6f1iWZxBRwhx-53bBZxWPxPeGb1LfbYY5cy-7JKwGVq6QiwBxKXlX1Dbbyy6ABAvyWSKj3S4-_UE2158IvN1OLgJ8Aa79t5Ly7Kqsphnl20hI6RCa8QU_yI0EPLY8q', 'user_hashkey': '5f023d3fb1a18e4b130d763394fd05e369646c307f70b536e0b10822', 'google_expire_time': '2017-02-22 00:12:29', 'refresh_token': None, 'subject': '100309767722512756707', 'account_hashkey': '121b24aa0f5d4272db80dcd9052742dc4aa14af68373a9a5a62ad82f'}]
2017-02-21 23:33:36 INFO: valid date
2017-02-21 23:33:36 DEBUG: newacces=>None
2017-02-21 23:33:36 INFO: Starting new HTTPS connection (1): www.googleapis.com
2017-02-21 23:33:37 DEBUG: "GET /calendar/v3/calendars/cpg0504%40gmail.com/events?maxResults=10 HTTP/1.1" 200 10739
2017-02-21 23:33:37 DEBUG: ress=>{'updated': '2017-02-20T13:55:54.447Z', 'timeZone': 'Asia/Seoul', 'items': [{'htmlLink': 'https://www.google.com/calendar/event?eid=N3ZoMG1tcDlkcTZuNjkyaWE1MmlqMWkwazAgY3BnMDUwNEBt', 'updated': '2013-09-23T10:49:47.719Z', 'organizer': {'email': 'cpg0504@gmail.com', 'displayName': 'Choi yenos', 'self': True}, 'status': 'confirmed', 'reminders': {'useDefault': False}, 'kind': 'calendar#event', 'sequence': 0, 'start': {'date': '2013-10-21'}, 'creator': {'email': 'cpg0504@gmail.com', 'displayName': 'Choi yenos', 'self': True}, 'end': {'date': '2013-10-22'}, 'iCalUID': '7vh0mmp9dq6n692ia52ij1i0k0@google.com', 'summary': '지급요청서제출', 'transparency': 'transparent', 'id': '7vh0mmp9dq6n692ia52ij1i0k0', 'created': '2013-09-23T10:49:47.000Z', 'etag': '"2759866775438000"'}, {'htmlLink': 'https://www.google.com/calendar/event?eid=b3ZuZGcwZ2Fqczc2ajRvYzZ1bDVib20zNmcgY3BnMDUwNEBt', 'updated': '2013-09-23T10:50:06.000Z', 'organizer': {'email': 'cpg0504@gmail.com', 'displayName': 'Choi yenos', 'self': True}, 'status': 'confirmed', 'reminders': {'useDefault': False}, 'kind': 'calendar#event', 'sequence': 0, 'start': {'date': '2013-09-23'}, 'creator': {'email': 'cpg0504@gmail.com', 'displayName': 'Choi yenos', 'self': True}, 'end': {'date': '2013-09-24'}, 'iCalUID': 'ovndg0gajs76j4oc6ul5bom36g@google.com', 'summary': '회의', 'transparency': 'transparent', 'id': 'ovndg0gajs76j4oc6ul5bom36g', 'created': '2013-09-23T10:50:05.000Z', 'etag': '"2759866812000000"'}, {'htmlLink': 'https://www.google.com/calendar/event?eid=OGtsampxMW51bmo1dXZ2dDZham5xOWtvM2MgY3BnMDUwNEBt', 'updated': '2013-09-23T10:52:04.571Z', 'organizer': {'email': 'cpg0504@gmail.com', 'displayName': 'Choi yenos', 'self': True}, 'status': 'confirmed', 'reminders': {'useDefault': False}, 'kind': 'calendar#event', 'sequence': 0, 'start': {'date': '2013-09-30'}, 'creator': {'email': 'cpg0504@gmail.com', 'displayName': 'Choi yenos', 'self': True}, 'end': {'date': '2013-10-01'}, 'iCalUID': '8kljjq1nunj5uvvt6ajnq9ko3c@google.com', 'summary': '회의', 'transparency': 'transparent', 'id': '8kljjq1nunj5uvvt6ajnq9ko3c', 'created': '2013-09-23T10:52:04.000Z', 'etag': '"2759867049142000"'}, {'htmlLink': 'https://www.google.com/calendar/event?eid=MjdjZmc0Z3EzMWQ2OWpmamJmZTRyN2UybXMgY3BnMDUwNEBt', 'updated': '2013-09-23T11:00:14.785Z', 'organizer': {'email': 'cpg0504@gmail.com', 'displayName': 'Choi yenos', 'self': True}, 'status': 'confirmed', 'reminders': {'useDefault': False}, 'kind': 'calendar#event', 'sequence': 0, 'start': {'date': '2013-09-23'}, 'creator': {'email': 'cpg0504@gmail.com', 'displayName': 'Choi yenos', 'self': True}, 'end': {'date': '2013-09-26'}, 'iCalUID': '27cfg4gq31d69jfjbfe4r7e2ms@google.com', 'summary': '[안드로이드]2-1-4엔딩', 'transparency': 'transparent', 'id': '27cfg4gq31d69jfjbfe4r7e2ms', 'created': '2013-09-23T10:59:20.000Z', 'etag': '"2759868029570000"'}, {'htmlLink': 'https://www.google.com/calendar/event?eid=cDF2bDRidDducTh2bGhoczU5MjZhNW1tMDAgY3BnMDUwNEBt', 'updated': '2013-09-23T11:05:44.558Z', 'organizer': {'email': 'cpg0504@gmail.com', 'displayName': 'Choi yenos', 'self': True}, 'status': 'confirmed', 'reminders': {'useDefault': False}, 'kind': 'calendar#event', 'sequence': 0, 'start': {'date': '2013-09-26'}, 'creator': {'email': 'cpg0504@gmail.com', 'displayName': 'Choi yenos', 'self': True}, 'end': {'date': '2013-10-03'}, 'iCalUID': 'p1vl4bt7nq8vlhhs5926a5mm00@google.com', 'summary': '[안드로이드]3,4,5,6View', 'transparency': 'transparent', 'id': 'p1vl4bt7nq8vlhhs5926a5mm00', 'created': '2013-09-23T11:05:29.000Z', 'etag': '"2759868689116000"'}, {'htmlLink': 'https://www.google.com/calendar/event?eid=N3AybTgzbGVhNDJyaXNqYWFiaDFrNnNrczAgY3BnMDUwNEBt', 'updated': '2013-10-28T12:43:19.963Z', 'organizer': {'email': 'junyoung.plum@gmail.com', 'displayName': '이준영'}, 'status': 'confirmed', 'kind': 'calendar#event', 'location': '부산', 'start': {'date': '2013-11-30'}, 'creator': {'email': 'junyoung.plum@gmail.com', 'displayName': '이준영'}, 'end': {'date': '2013-12-02'}, 'iCalUID': '7p2m83lea42risjaabh1k6sks0@google.com', 'summary': '최평강 부산', 'reminders': {'useDefault': False}, 'sequence': 0, 'attendees': [{'email': 'cpg0504@gmail.com', 'responseStatus': 'needsAction', 'displayName': 'Choi yenos', 'self': True}, {'email': 'junyoung.plum@gmail.com', 'organizer': True, 'displayName': '이준영', 'responseStatus': 'accepted'}], 'id': '7p2m83lea42risjaabh1k6sks0', 'created': '2013-10-28T12:43:19.000Z', 'etag': '"2765928399926000"'}, {'htmlLink': 'https://plus.google.com/events/coo5dvq220vm0oc408c4d98j1nk', 'updated': '2015-09-20T11:07:38.428Z', 'organizer': {'id': '108466558467124953919', 'displayName': 'Toby Lee'}, 'status': 'confirmed', 'kind': 'calendar#event', 'sequence': 0, 'start': {'dateTime': '2015-09-20T20:00:00+09:00'}, 'creator': {'id': '108466558467124953919', 'displayName': 'Toby Lee'}, 'end': {'dateTime': '2015-09-20T21:00:00+09:00'}, 'iCalUID': 'oo5dvq220vm0oc408c4d98j1nk@google.com', 'summary': '토비의 봄  (1) - 조영호 님', 'reminders': {'useDefault': True}, 'attendeesOmitted': True, 'attendees': [{'responseStatus': 'accepted', 'id': '108466558467124953919', 'displayName': 'Toby Lee', 'organizer': True}, {'id': '100309767722512756707', 'displayName': 'Choi yenos', 'responseStatus': 'accepted', 'self': True}], 'id': 'oo5dvq220vm0oc408c4d98j1nk', 'locked': True, 'created': '2015-09-20T01:20:53.000Z', 'etag': '"2885494516856000"'}, {'htmlLink': 'https://www.google.com/calendar/event?eid=YWM4OHBsZzQ4aGwyaW5pZGx0Z2dqYjNwMW8gY3BnMDUwNEBt', 'updated': '2016-01-19T11:21:32.700Z', 'organizer': {'email': 'cpg0504@gmail.com', 'displayName': 'Choi yenos', 'self': True}, 'status': 'confirmed', 'kind': 'calendar#event', 'sequence': 0, 'start': {'dateTime': '2016-01-19T20:30:00+09:00'}, 'creator': {'email': 'cpg0504@gmail.com', 'displayName': 'Choi yenos', 'self': True}, 'end': {'dateTime': '2016-01-19T21:30:00+09:00'}, 'iCalUID': 'ac88plg48hl2inidltggjb3p1o@google.com', 'summary': 'ㅆ', 'reminders': {'useDefault': True}, 'id': 'ac88plg48hl2inidltggjb3p1o', 'created': '2016-01-19T11:21:32.000Z', 'etag': '"2906404985400000"'}, {'htmlLink': 'https://www.google.com/calendar/event?eid=XzV0cW1zcWJrZDFubXNjaGc2NHIydSBjcGcwNTA0QG0', 'updated': '2016-02-10T11:02:19.084Z', 'organizer': {'email': 'aws-webcasts@amazon.com', 'displayName': 'Webinars AWS'}, 'status': 'confirmed', 'kind': 'calendar#event', 'sequence': 0, 'description': 'Unithon 참가자와 함께하는 AWS 세미나에 등록되었음을 확인합니다. 귀하의 참여를 기대합니다.\n\n이벤트: Unithon 참가자와 함께하는 AWS 세미나\n설명: AWS코리아에서는 대학생 연합 동아리 해커톤인 ‘유니톤’ 2기를 지원하는 의미에서  온라인 세미나를 마련하였습니다. 아마존 웹 서비스와 클라우드 컴퓨팅에 대한 소개와 AWS Activate 가입 방법 및 크레딧 활용 방법에 대해 알려드립니다. \n\n여러분의 많은 참여 바랍니다.\n\n주최자: AWS Webinars\n시간: 2016년 2월 11일 목요일, 오후 07:00 - 오후 10:00\n표준 시간대: (GMT+09:00) 서울\n\n이벤트에 액세스하려면 해당 이벤트 시간에 다음 링크로 이동하여 이 이벤트에 등록된 사용자 이름과 암호(필요한 경우)로 로그인하십시오.\nhttps://connect.awswebcasts.com/unithon2016/event/login.html?login=cpg0504%40gmail.com\n\n \n\n감사합니다.\nAWS Webinars\n----------------\nAdobe Connect를 처음 사용하는 경우 다음 위치에서 간단한 개요를 볼 수 있습니다.\nhttp://www.adobe.com/kr/products/adobeconnect.html\n\nAdobe, the Adobe logo, Acrobat and Adobe Connect are either registered trademarks or trademarks of Adobe Systems Incorporated in the United States and/or other countries.', 'start': {'dateTime': '2016-02-11T19:00:00+09:00'}, 'guestsCanInviteOthers': False, 'creator': {'email': 'cpg0504@gmail.com', 'displayName': 'Choi yenos', 'self': True}, 'end': {'dateTime': '2016-02-11T22:00:00+09:00'}, 'iCalUID': '/unithon2016/', 'summary': 'Unithon 참가자와 함께하는 AWS 세미나 Confirmation', 'reminders': {'useDefault': True}, 'attendees': [{'email': 'cpg0504@gmail.com', 'responseStatus': 'needsAction', 'displayName': 'Choi yenos', 'self': True}], 'privateCopy': True, 'id': '_5tqmsqbkd1nmschg64r2u', 'created': '2016-02-10T11:02:13.000Z', 'etag': '"2910204278168000"'}, {'htmlLink': 'https://www.google.com/calendar/event?eid=cWxlb25mYXJhMmxkaThtZXVtZzJkcTIzZzQgY3BnMDUwNEBt', 'updated': '2017-01-20T03:28:50.500Z', 'organizer': {'email': 'cpg0504@gmail.com', 'displayName': 'Choi yenos', 'self': True}, 'status': 'confirmed', 'reminders': {'useDefault': False}, 'kind': 'calendar#event', 'sequence': 0, 'start': {'date': '2017-01-20'}, 'creator': {'email': 'cpg0504@gmail.com', 'displayName': 'Choi yenos', 'self': True}, 'end': {'date': '2017-01-21'}, 'iCalUID': 'qleonfara2ldi8meumg2dq23g4@google.com', 'summary': 'test', 'transparency': 'transparent', 'id': 'qleonfara2ldi8meumg2dq23g4', 'created': '2017-01-20T03:28:50.000Z', 'etag': '"2969765861000000"'}], 'summary': 'cpg0504@gmail.com', 'kind': 'calendar#events', 'accessRole': 'owner', 'nextPageToken': 'CigKGnFsZW9uZmFyYTJsZGk4bWV1bWcyZHEyM2c0GAEggICAouvW580VGg0IABIAGJiB_vnpntIC', 'defaultReminders': [{'minutes': 30, 'method': 'popup'}], 'etag': '"p32c83vnpt6fd40g"'}
2017-02-21 23:33:37 DEBUG: event_id=>7vh0mmp9dq6n692ia52ij1i0k0
2017-02-21 23:33:37 INFO: INSERT INTO EVENT (event_hashkey,calendar_hashkey,event_id,summary,start_dt,end_dt,created_dt,updated_dt,location) VALUES (%(p0)s, %(p1)s, %(p2)s, %(p3)s, %(p4)s, %(p5)s, %(p6)s, %(p7)s, %(p8)s) 
2017-02-21 23:33:37 INFO: {'p3': '지급요청서제출', 'p1': 'bfe3480c04d79caba89bfd815c45d15448d4b8b37ab5ddd379452e18', 'p4': '2013-10-21', 'p8': 'noLocation', 'p6': '2013-09-23T10:49:47.000', 'p7': '2013-09-23T10:49:47.719', 'p0': '909c938b7e324c8176b88979390e0dfb1889d642ebc2bf1be8a789dc', 'p5': '2013-10-22', 'p2': '7vh0mmp9dq6n692ia52ij1i0k0'}
2017-02-21 23:33:37 INFO: COMMIT
2017-02-21 23:33:37 DEBUG: event_id=>ovndg0gajs76j4oc6ul5bom36g
2017-02-21 23:33:37 INFO: INSERT INTO EVENT (event_hashkey,calendar_hashkey,event_id,summary,start_dt,end_dt,created_dt,updated_dt,location) VALUES (%(p0)s, %(p1)s, %(p2)s, %(p3)s, %(p4)s, %(p5)s, %(p6)s, %(p7)s, %(p8)s) 
2017-02-21 23:33:37 INFO: {'p7': '2013-09-23T10:50:06.000', 'p1': 'bfe3480c04d79caba89bfd815c45d15448d4b8b37ab5ddd379452e18', 'p0': 'e656b679d200ccebd7fc52b7da5de66f6b5587bea5f813a587c4dde8', 'p8': 'noLocation', 'p3': '회의', 'p6': '2013-09-23T10:50:05.000', 'p4': '2013-09-23', 'p5': '2013-09-24', 'p2': 'ovndg0gajs76j4oc6ul5bom36g'}
2017-02-21 23:33:37 INFO: COMMIT
2017-02-21 23:33:37 DEBUG: event_id=>8kljjq1nunj5uvvt6ajnq9ko3c
2017-02-21 23:33:37 INFO: INSERT INTO EVENT (event_hashkey,calendar_hashkey,event_id,summary,start_dt,end_dt,created_dt,updated_dt,location) VALUES (%(p0)s, %(p1)s, %(p2)s, %(p3)s, %(p4)s, %(p5)s, %(p6)s, %(p7)s, %(p8)s) 
2017-02-21 23:33:37 INFO: {'p1': 'bfe3480c04d79caba89bfd815c45d15448d4b8b37ab5ddd379452e18', 'p3': '회의', 'p4': '2013-09-30', 'p0': 'f1760cb586628558e197e935fd0234d68212697a61e3f288f7d4739b', 'p7': '2013-09-23T10:52:04.571', 'p6': '2013-09-23T10:52:04.000', 'p2': '8kljjq1nunj5uvvt6ajnq9ko3c', 'p5': '2013-10-01', 'p8': 'noLocation'}
2017-02-21 23:33:37 INFO: COMMIT
2017-02-21 23:33:37 DEBUG: event_id=>27cfg4gq31d69jfjbfe4r7e2ms
2017-02-21 23:33:37 INFO: INSERT INTO EVENT (event_hashkey,calendar_hashkey,event_id,summary,start_dt,end_dt,created_dt,updated_dt,location) VALUES (%(p0)s, %(p1)s, %(p2)s, %(p3)s, %(p4)s, %(p5)s, %(p6)s, %(p7)s, %(p8)s) 
2017-02-21 23:33:37 INFO: {'p7': '2013-09-23T11:00:14.785', 'p1': 'bfe3480c04d79caba89bfd815c45d15448d4b8b37ab5ddd379452e18', 'p4': '2013-09-23', 'p8': 'noLocation', 'p3': '[안드로이드]2-1-4엔딩', 'p6': '2013-09-23T10:59:20.000', 'p0': 'd804036e8ae7f3eab4f9e4c017ddba0cea3d88069a647b978ac59657', 'p5': '2013-09-26', 'p2': '27cfg4gq31d69jfjbfe4r7e2ms'}
2017-02-21 23:33:37 INFO: COMMIT
2017-02-21 23:33:37 DEBUG: event_id=>p1vl4bt7nq8vlhhs5926a5mm00
2017-02-21 23:33:37 INFO: INSERT INTO EVENT (event_hashkey,calendar_hashkey,event_id,summary,start_dt,end_dt,created_dt,updated_dt,location) VALUES (%(p0)s, %(p1)s, %(p2)s, %(p3)s, %(p4)s, %(p5)s, %(p6)s, %(p7)s, %(p8)s) 
2017-02-21 23:33:37 INFO: {'p7': '2013-09-23T11:05:44.558', 'p1': 'bfe3480c04d79caba89bfd815c45d15448d4b8b37ab5ddd379452e18', 'p4': '2013-09-26', 'p8': 'noLocation', 'p3': '[안드로이드]3,4,5,6View', 'p6': '2013-09-23T11:05:29.000', 'p0': '1cd646f1f913390267f7d970ce8a18117437773d3806251af68b8395', 'p5': '2013-10-03', 'p2': 'p1vl4bt7nq8vlhhs5926a5mm00'}
2017-02-21 23:33:37 INFO: COMMIT
2017-02-21 23:33:37 DEBUG: event_id=>7p2m83lea42risjaabh1k6sks0
2017-02-21 23:33:37 INFO: INSERT INTO EVENT (event_hashkey,calendar_hashkey,event_id,summary,start_dt,end_dt,created_dt,updated_dt,location) VALUES (%(p0)s, %(p1)s, %(p2)s, %(p3)s, %(p4)s, %(p5)s, %(p6)s, %(p7)s, %(p8)s) 
2017-02-21 23:33:37 INFO: {'p3': '최평강 부산', 'p1': 'bfe3480c04d79caba89bfd815c45d15448d4b8b37ab5ddd379452e18', 'p4': '2013-11-30', 'p7': '2013-10-28T12:43:19.963', 'p6': '2013-10-28T12:43:19.000', 'p8': '부산', 'p0': 'a85d645b12ed69a30d632e56a265818854e253601079762b58d26310', 'p5': '2013-12-02', 'p2': '7p2m83lea42risjaabh1k6sks0'}
2017-02-21 23:33:37 INFO: COMMIT
2017-02-21 23:33:37 DEBUG: event_id=>oo5dvq220vm0oc408c4d98j1nk
2017-02-21 23:33:37 INFO: INSERT INTO EVENT (event_hashkey,calendar_hashkey,event_id,summary,start_dt,end_dt,created_dt,updated_dt,location) VALUES (%(p0)s, %(p1)s, %(p2)s, %(p3)s, %(p4)s, %(p5)s, %(p6)s, %(p7)s, %(p8)s) 
2017-02-21 23:33:37 INFO: {'p7': '2015-09-20T11:07:38.428', 'p3': '토비의 봄  (1) - 조영호 님', 'p4': '2015-09-20T20:00:00', 'p1': 'bfe3480c04d79caba89bfd815c45d15448d4b8b37ab5ddd379452e18', 'p8': 'noLocation', 'p6': '2015-09-20T01:20:53.000', 'p0': '94f40ad427516e898b6cddd33c8b4e35bb6c9b01dfb3bd90d1707aef', 'p5': '2015-09-20T21:00:00', 'p2': 'oo5dvq220vm0oc408c4d98j1nk'}
2017-02-21 23:33:37 INFO: COMMIT
2017-02-21 23:33:37 DEBUG: event_id=>ac88plg48hl2inidltggjb3p1o
2017-02-21 23:33:37 INFO: INSERT INTO EVENT (event_hashkey,calendar_hashkey,event_id,summary,start_dt,end_dt,created_dt,updated_dt,location) VALUES (%(p0)s, %(p1)s, %(p2)s, %(p3)s, %(p4)s, %(p5)s, %(p6)s, %(p7)s, %(p8)s) 
2017-02-21 23:33:37 INFO: {'p7': '2016-01-19T11:21:32.700', 'p1': 'bfe3480c04d79caba89bfd815c45d15448d4b8b37ab5ddd379452e18', 'p0': '15198e533ee8199ec97f3ec7123bad854b27354d94e30140e4b0c7c2', 'p8': 'noLocation', 'p3': 'ㅆ', 'p6': '2016-01-19T11:21:32.000', 'p4': '2016-01-19T20:30:00', 'p5': '2016-01-19T21:30:00', 'p2': 'ac88plg48hl2inidltggjb3p1o'}
2017-02-21 23:33:37 INFO: COMMIT
2017-02-21 23:33:37 DEBUG: event_id=>_5tqmsqbkd1nmschg64r2u
2017-02-21 23:33:37 INFO: INSERT INTO EVENT (event_hashkey,calendar_hashkey,event_id,summary,start_dt,end_dt,created_dt,updated_dt,location) VALUES (%(p0)s, %(p1)s, %(p2)s, %(p3)s, %(p4)s, %(p5)s, %(p6)s, %(p7)s, %(p8)s) 
2017-02-21 23:33:37 INFO: {'p3': 'Unithon 참가자와 함께하는 AWS 세미나 Confirmation', 'p7': '2016-02-10T11:02:19.084', 'p4': '2016-02-11T19:00:00', 'p1': 'bfe3480c04d79caba89bfd815c45d15448d4b8b37ab5ddd379452e18', 'p8': 'noLocation', 'p6': '2016-02-10T11:02:13.000', 'p0': 'b8358637be75ffbe5ba663d804289f30f86ae92bb839a1b20a5073d6', 'p5': '2016-02-11T22:00:00', 'p2': '_5tqmsqbkd1nmschg64r2u'}
2017-02-21 23:33:37 INFO: COMMIT
2017-02-21 23:33:37 DEBUG: event_id=>qleonfara2ldi8meumg2dq23g4
2017-02-21 23:33:37 INFO: INSERT INTO EVENT (event_hashkey,calendar_hashkey,event_id,summary,start_dt,end_dt,created_dt,updated_dt,location) VALUES (%(p0)s, %(p1)s, %(p2)s, %(p3)s, %(p4)s, %(p5)s, %(p6)s, %(p7)s, %(p8)s) 
2017-02-21 23:33:37 INFO: {'p1': 'bfe3480c04d79caba89bfd815c45d15448d4b8b37ab5ddd379452e18', 'p7': '2017-01-20T03:28:50.500', 'p4': '2017-01-20', 'p8': 'noLocation', 'p3': 'test', 'p6': '2017-01-20T03:28:50.000', 'p0': '61ae425c558aa335862ae1c01f06a8dcef41eb0592d7277e93f311a0', 'p5': '2017-01-21', 'p2': 'qleonfara2ldi8meumg2dq23g4'}
2017-02-21 23:33:37 INFO: COMMIT
2017-02-21 23:33:37 INFO: checkValidAccesToken
2017-02-21 23:33:37 INFO: SELECT * FROM USERACCOUNT WHERE access_token = %(p0)s 
2017-02-21 23:33:37 INFO: {'p0': 'ya29.GmT5A2Tx2S6f1iWZxBRwhx-53bBZxWPxPeGb1LfbYY5cy-7JKwGVq6QiwBxKXlX1Dbbyy6ABAvyWSKj3S4-_UE2158IvN1OLgJ8Aa79t5Ly7Kqsphnl20hI6RCa8QU_yI0EPLY8q'}
2017-02-21 23:33:37 INFO: COMMIT
2017-02-21 23:33:37 DEBUG: [{'login_platform': 'google', 'user_id': 'cpg0504@gmail.com', 'caldav_homeset': None, 'is_active': 1, 'create_datetime': '2017-02-21 23:15:47', 'access_token': 'ya29.GmT5A2Tx2S6f1iWZxBRwhx-53bBZxWPxPeGb1LfbYY5cy-7JKwGVq6QiwBxKXlX1Dbbyy6ABAvyWSKj3S4-_UE2158IvN1OLgJ8Aa79t5Ly7Kqsphnl20hI6RCa8QU_yI0EPLY8q', 'user_hashkey': '5f023d3fb1a18e4b130d763394fd05e369646c307f70b536e0b10822', 'google_expire_time': '2017-02-22 00:12:29', 'refresh_token': None, 'subject': '100309767722512756707', 'account_hashkey': '121b24aa0f5d4272db80dcd9052742dc4aa14af68373a9a5a62ad82f'}]
2017-02-21 23:33:37 INFO: valid date
2017-02-21 23:33:37 DEBUG: newacces=>None
2017-02-21 23:33:37 INFO: Starting new HTTPS connection (1): www.googleapis.com
2017-02-21 23:33:37 DEBUG: "GET /calendar/v3/calendars/cpg0504%40gmail.com/events?maxResults=10&pageToken=CigKGnFsZW9uZmFyYTJsZGk4bWV1bWcyZHEyM2c0GAEggICAouvW580VGg0IABIAGJiB_vnpntIC HTTP/1.1" 200 8505
2017-02-21 23:33:37 DEBUG: ress=>{'updated': '2017-02-20T13:55:54.447Z', 'timeZone': 'Asia/Seoul', 'items': [{'htmlLink': 'https://www.google.com/calendar/event?eid=cXQ2Ym4zbTUzMGsyYzM1ZGtxY2x0OHE2Zm8gY3BnMDUwNEBt', 'updated': '2017-01-20T06:13:30.592Z', 'organizer': {'email': 'cpg0504@gmail.com', 'displayName': 'Choi yenos', 'self': True}, 'status': 'confirmed', 'kind': 'calendar#event', 'sequence': 0, 'start': {'dateTime': '2017-01-20T15:30:00+09:00'}, 'creator': {'email': 'cpg0504@gmail.com', 'displayName': 'Choi yenos', 'self': True}, 'end': {'dateTime': '2017-01-20T16:30:00+09:00'}, 'iCalUID': 'qt6bn3m530k2c35dkqclt8q6fo@google.com', 'summary': 'test22', 'reminders': {'useDefault': True}, 'id': 'qt6bn3m530k2c35dkqclt8q6fo', 'created': '2017-01-20T06:13:30.000Z', 'etag': '"2969785621184000"'}, {'htmlLink': 'https://www.google.com/calendar/event?eid=NnBhbjQybWcyY2tmaHJmNWQyZmtxcTI0ZmsgY3BnMDUwNEBt', 'updated': '2017-01-20T06:18:33.858Z', 'organizer': {'email': 'cpg0504@gmail.com', 'displayName': 'Choi yenos', 'self': True}, 'status': 'confirmed', 'kind': 'calendar#event', 'sequence': 0, 'start': {'dateTime': '2017-01-20T15:30:00+09:00'}, 'creator': {'email': 'cpg0504@gmail.com', 'displayName': 'Choi yenos', 'self': True}, 'end': {'dateTime': '2017-01-20T16:30:00+09:00'}, 'iCalUID': '6pan42mg2ckfhrf5d2fkqq24fk@google.com', 'summary': 'test4', 'reminders': {'useDefault': True}, 'id': '6pan42mg2ckfhrf5d2fkqq24fk', 'created': '2017-01-20T06:18:33.000Z', 'etag': '"2969786227716000"'}, {'htmlLink': 'https://www.google.com/calendar/event?eid=NnVhYWNmajRwYnVmdjUwYWprNnZqYjd0dmMgY3BnMDUwNEBt', 'updated': '2017-01-20T06:26:08.678Z', 'organizer': {'email': 'cpg0504@gmail.com', 'displayName': 'Choi yenos', 'self': True}, 'status': 'confirmed', 'kind': 'calendar#event', 'sequence': 0, 'start': {'dateTime': '2017-01-20T11:30:00+09:00'}, 'creator': {'email': 'cpg0504@gmail.com', 'displayName': 'Choi yenos', 'self': True}, 'end': {'dateTime': '2017-01-20T12:30:00+09:00'}, 'iCalUID': '6uaacfj4pbufv50ajk6vjb7tvc@google.com', 'summary': 'test5', 'reminders': {'useDefault': True}, 'id': '6uaacfj4pbufv50ajk6vjb7tvc', 'created': '2017-01-20T06:26:08.000Z', 'etag': '"2969787137356000"'}, {'htmlLink': 'https://www.google.com/calendar/event?eid=OGw0NzQ4OTVya2tpZDFnMXAzNnZ0a3VpdWsgY3BnMDUwNEBt', 'updated': '2017-01-20T06:29:46.257Z', 'organizer': {'email': 'cpg0504@gmail.com', 'displayName': 'Choi yenos', 'self': True}, 'status': 'confirmed', 'kind': 'calendar#event', 'sequence': 0, 'start': {'dateTime': '2017-01-20T08:30:00+09:00'}, 'creator': {'email': 'cpg0504@gmail.com', 'displayName': 'Choi yenos', 'self': True}, 'end': {'dateTime': '2017-01-20T09:30:00+09:00'}, 'iCalUID': '8l474895rkkid1g1p36vtkuiuk@google.com', 'summary': 'TEST6', 'reminders': {'useDefault': True}, 'id': '8l474895rkkid1g1p36vtkuiuk', 'created': '2017-01-20T06:29:46.000Z', 'etag': '"2969787572514000"'}, {'htmlLink': 'https://www.google.com/calendar/event?eid=NnNyZDg0NjhpcWZtcm9xbTAwbjcxcWRsZDAgY3BnMDUwNEBt', 'updated': '2017-01-20T06:30:04.714Z', 'organizer': {'email': 'cpg0504@gmail.com', 'displayName': 'Choi yenos', 'self': True}, 'status': 'confirmed', 'kind': 'calendar#event', 'sequence': 0, 'start': {'dateTime': '2017-01-20T13:00:00+09:00'}, 'creator': {'email': 'cpg0504@gmail.com', 'displayName': 'Choi yenos', 'self': True}, 'end': {'dateTime': '2017-01-20T14:00:00+09:00'}, 'iCalUID': '6srd8468iqfmroqm00n71qdld0@google.com', 'summary': 'TEST5', 'reminders': {'useDefault': True}, 'id': '6srd8468iqfmroqm00n71qdld0', 'created': '2017-01-20T06:30:04.000Z', 'etag': '"2969787609428000"'}, {'htmlLink': 'https://www.google.com/calendar/event?eid=bzhvMTFlaWRscnE1YnIzODQ1bjQ5M2owcWsgY3BnMDUwNEBt', 'updated': '2017-01-20T06:30:27.294Z', 'organizer': {'email': 'cpg0504@gmail.com', 'displayName': 'Choi yenos', 'self': True}, 'status': 'confirmed', 'kind': 'calendar#event', 'sequence': 0, 'start': {'dateTime': '2017-01-20T10:30:00+09:00'}, 'creator': {'email': 'cpg0504@gmail.com', 'displayName': 'Choi yenos', 'self': True}, 'end': {'dateTime': '2017-01-20T11:30:00+09:00'}, 'iCalUID': 'o8o11eidlrq5br3845n493j0qk@google.com', 'summary': 'TEST7', 'reminders': {'useDefault': True}, 'id': 'o8o11eidlrq5br3845n493j0qk', 'created': '2017-01-20T06:30:27.000Z', 'etag': '"2969787654588000"'}, {'htmlLink': 'https://www.google.com/calendar/event?eid=aWcxZDl1M2YyMHQ2bWFsc2s3aTk5OTJ2NTQgY3BnMDUwNEBt', 'updated': '2017-01-20T06:30:45.629Z', 'organizer': {'email': 'cpg0504@gmail.com', 'displayName': 'Choi yenos', 'self': True}, 'status': 'confirmed', 'kind': 'calendar#event', 'sequence': 0, 'start': {'dateTime': '2017-01-20T14:00:00+09:00'}, 'creator': {'email': 'cpg0504@gmail.com', 'displayName': 'Choi yenos', 'self': True}, 'end': {'dateTime': '2017-01-20T15:00:00+09:00'}, 'iCalUID': 'ig1d9u3f20t6malsk7i9992v54@google.com', 'summary': 'TEST77', 'reminders': {'useDefault': True}, 'id': 'ig1d9u3f20t6malsk7i9992v54', 'created': '2017-01-20T06:30:45.000Z', 'etag': '"2969787691258000"'}, {'htmlLink': 'https://www.google.com/calendar/event?eid=aHU4dnNmdDY4NnVjazl1Z3RpM244cnVqM2cgY3BnMDUwNEBt', 'updated': '2017-01-20T06:31:54.212Z', 'organizer': {'email': 'cpg0504@gmail.com', 'displayName': 'Choi yenos', 'self': True}, 'status': 'confirmed', 'kind': 'calendar#event', 'sequence': 0, 'start': {'dateTime': '2017-01-20T17:30:00+09:00'}, 'creator': {'email': 'cpg0504@gmail.com', 'displayName': 'Choi yenos', 'self': True}, 'end': {'dateTime': '2017-01-20T18:30:00+09:00'}, 'iCalUID': 'hu8vsft686uck9ugti3n8ruj3g@google.com', 'summary': 'testttt', 'reminders': {'useDefault': True}, 'id': 'hu8vsft686uck9ugti3n8ruj3g', 'created': '2017-01-20T06:31:54.000Z', 'etag': '"2969787828424000"'}, {'htmlLink': 'https://www.google.com/calendar/event?eid=bm03c25qamFkYm91MG9pNDNrOTg3YjB1dWMgY3BnMDUwNEBt', 'updated': '2017-01-20T06:32:07.244Z', 'organizer': {'email': 'cpg0504@gmail.com', 'displayName': 'Choi yenos', 'self': True}, 'status': 'confirmed', 'kind': 'calendar#event', 'sequence': 0, 'start': {'dateTime': '2017-01-20T08:00:00+09:00'}, 'creator': {'email': 'cpg0504@gmail.com', 'displayName': 'Choi yenos', 'self': True}, 'end': {'dateTime': '2017-01-20T09:00:00+09:00'}, 'iCalUID': 'nm7snjjadbou0oi43k987b0uuc@google.com', 'summary': 'test', 'reminders': {'useDefault': True}, 'id': 'nm7snjjadbou0oi43k987b0uuc', 'created': '2017-01-20T06:32:07.000Z', 'etag': '"2969787854488000"'}, {'htmlLink': 'https://www.google.com/calendar/event?eid=aTloOWJodjIzYjc4bnZmZmdvY2s3ODJzZmsgY3BnMDUwNEBt', 'updated': '2017-01-20T06:32:18.772Z', 'organizer': {'email': 'cpg0504@gmail.com', 'displayName': 'Choi yenos', 'self': True}, 'status': 'confirmed', 'kind': 'calendar#event', 'sequence': 0, 'start': {'dateTime': '2017-01-20T10:00:00+09:00'}, 'creator': {'email': 'cpg0504@gmail.com', 'displayName': 'Choi yenos', 'self': True}, 'end': {'dateTime': '2017-01-20T11:00:00+09:00'}, 'iCalUID': 'i9h9bhv23b78nvffgock782sfk@google.com', 'summary': 'gg', 'reminders': {'useDefault': True}, 'id': 'i9h9bhv23b78nvffgock782sfk', 'created': '2017-01-20T06:32:18.000Z', 'etag': '"2969787877544000"'}], 'summary': 'cpg0504@gmail.com', 'kind': 'calendar#events', 'accessRole': 'owner', 'nextPageToken': 'CigKGmk5aDliaHYyM2I3OG52ZmZnb2NrNzgyc2ZrGAEggICAquSm6s0VGg0IABIAGJiB_vnpntIC', 'defaultReminders': [{'minutes': 30, 'method': 'popup'}], 'etag': '"p32c83vnpt6fd40g"'}
2017-02-21 23:33:37 DEBUG: event_id=>qt6bn3m530k2c35dkqclt8q6fo
2017-02-21 23:33:37 INFO: INSERT INTO EVENT (event_hashkey,calendar_hashkey,event_id,summary,start_dt,end_dt,created_dt,updated_dt,location) VALUES (%(p0)s, %(p1)s, %(p2)s, %(p3)s, %(p4)s, %(p5)s, %(p6)s, %(p7)s, %(p8)s) 
2017-02-21 23:33:37 INFO: {'p1': 'bfe3480c04d79caba89bfd815c45d15448d4b8b37ab5ddd379452e18', 'p3': 'test22', 'p0': 'dfd268a8369865531996a71745f92df8acc3e77900549789ec9565d6', 'p7': '2017-01-20T06:13:30.592', 'p6': '2017-01-20T06:13:30.000', 'p8': 'noLocation', 'p4': '2017-01-20T15:30:00', 'p5': '2017-01-20T16:30:00', 'p2': 'qt6bn3m530k2c35dkqclt8q6fo'}
2017-02-21 23:33:37 INFO: COMMIT
2017-02-21 23:33:37 DEBUG: event_id=>6pan42mg2ckfhrf5d2fkqq24fk
2017-02-21 23:33:37 INFO: INSERT INTO EVENT (event_hashkey,calendar_hashkey,event_id,summary,start_dt,end_dt,created_dt,updated_dt,location) VALUES (%(p0)s, %(p1)s, %(p2)s, %(p3)s, %(p4)s, %(p5)s, %(p6)s, %(p7)s, %(p8)s) 
2017-02-21 23:33:37 INFO: {'p3': 'test4', 'p1': 'bfe3480c04d79caba89bfd815c45d15448d4b8b37ab5ddd379452e18', 'p4': '2017-01-20T15:30:00', 'p5': '2017-01-20T16:30:00', 'p7': '2017-01-20T06:18:33.858', 'p6': '2017-01-20T06:18:33.000', 'p0': '98fed8c9666fd53442f62ab004372f82c4f96635b4c78c5c1111b75f', 'p8': 'noLocation', 'p2': '6pan42mg2ckfhrf5d2fkqq24fk'}
2017-02-21 23:33:37 INFO: COMMIT
2017-02-21 23:33:37 DEBUG: event_id=>6uaacfj4pbufv50ajk6vjb7tvc
2017-02-21 23:33:37 INFO: INSERT INTO EVENT (event_hashkey,calendar_hashkey,event_id,summary,start_dt,end_dt,created_dt,updated_dt,location) VALUES (%(p0)s, %(p1)s, %(p2)s, %(p3)s, %(p4)s, %(p5)s, %(p6)s, %(p7)s, %(p8)s) 
2017-02-21 23:33:37 INFO: {'p7': '2017-01-20T06:26:08.678', 'p1': 'bfe3480c04d79caba89bfd815c45d15448d4b8b37ab5ddd379452e18', 'p0': 'b96b0dc1728eab8411946b6a078761f534351070952d0f054edd453e', 'p8': 'noLocation', 'p3': 'test5', 'p6': '2017-01-20T06:26:08.000', 'p4': '2017-01-20T11:30:00', 'p5': '2017-01-20T12:30:00', 'p2': '6uaacfj4pbufv50ajk6vjb7tvc'}
2017-02-21 23:33:37 INFO: COMMIT
2017-02-21 23:33:37 DEBUG: event_id=>8l474895rkkid1g1p36vtkuiuk
2017-02-21 23:33:37 INFO: INSERT INTO EVENT (event_hashkey,calendar_hashkey,event_id,summary,start_dt,end_dt,created_dt,updated_dt,location) VALUES (%(p0)s, %(p1)s, %(p2)s, %(p3)s, %(p4)s, %(p5)s, %(p6)s, %(p7)s, %(p8)s) 
2017-02-21 23:33:37 INFO: {'p7': '2017-01-20T06:29:46.257', 'p1': 'bfe3480c04d79caba89bfd815c45d15448d4b8b37ab5ddd379452e18', 'p4': '2017-01-20T08:30:00', 'p8': 'noLocation', 'p3': 'TEST6', 'p6': '2017-01-20T06:29:46.000', 'p0': 'ca55fa882f038c25f69578184fdec61dd5c3413f92862af7a24f56ee', 'p5': '2017-01-20T09:30:00', 'p2': '8l474895rkkid1g1p36vtkuiuk'}
2017-02-21 23:33:37 INFO: COMMIT
2017-02-21 23:33:37 DEBUG: event_id=>6srd8468iqfmroqm00n71qdld0
2017-02-21 23:33:37 INFO: INSERT INTO EVENT (event_hashkey,calendar_hashkey,event_id,summary,start_dt,end_dt,created_dt,updated_dt,location) VALUES (%(p0)s, %(p1)s, %(p2)s, %(p3)s, %(p4)s, %(p5)s, %(p6)s, %(p7)s, %(p8)s) 
2017-02-21 23:33:37 INFO: {'p7': '2017-01-20T06:30:04.714', 'p1': 'bfe3480c04d79caba89bfd815c45d15448d4b8b37ab5ddd379452e18', 'p4': '2017-01-20T13:00:00', 'p8': 'noLocation', 'p3': 'TEST5', 'p6': '2017-01-20T06:30:04.000', 'p0': '515d5d9f221bc0f9889fefa384e0fe2524b58b2563c6a4f68281baa3', 'p5': '2017-01-20T14:00:00', 'p2': '6srd8468iqfmroqm00n71qdld0'}
2017-02-21 23:33:37 INFO: COMMIT
2017-02-21 23:33:37 DEBUG: event_id=>o8o11eidlrq5br3845n493j0qk
2017-02-21 23:33:37 INFO: INSERT INTO EVENT (event_hashkey,calendar_hashkey,event_id,summary,start_dt,end_dt,created_dt,updated_dt,location) VALUES (%(p0)s, %(p1)s, %(p2)s, %(p3)s, %(p4)s, %(p5)s, %(p6)s, %(p7)s, %(p8)s) 
2017-02-21 23:33:37 INFO: {'p1': 'bfe3480c04d79caba89bfd815c45d15448d4b8b37ab5ddd379452e18', 'p7': '2017-01-20T06:30:27.294', 'p4': '2017-01-20T10:30:00', 'p8': 'noLocation', 'p3': 'TEST7', 'p6': '2017-01-20T06:30:27.000', 'p0': 'a9bd1ca8afe70d620f9d738e6d4b7ca452c524981bcfc5897b57c49f', 'p5': '2017-01-20T11:30:00', 'p2': 'o8o11eidlrq5br3845n493j0qk'}
2017-02-21 23:33:37 INFO: COMMIT
2017-02-21 23:33:37 DEBUG: event_id=>ig1d9u3f20t6malsk7i9992v54
2017-02-21 23:33:37 INFO: INSERT INTO EVENT (event_hashkey,calendar_hashkey,event_id,summary,start_dt,end_dt,created_dt,updated_dt,location) VALUES (%(p0)s, %(p1)s, %(p2)s, %(p3)s, %(p4)s, %(p5)s, %(p6)s, %(p7)s, %(p8)s) 
2017-02-21 23:33:37 INFO: {'p3': 'TEST77', 'p7': '2017-01-20T06:30:45.629', 'p4': '2017-01-20T14:00:00', 'p1': 'bfe3480c04d79caba89bfd815c45d15448d4b8b37ab5ddd379452e18', 'p8': 'noLocation', 'p6': '2017-01-20T06:30:45.000', 'p0': 'e72dc0f8d208f63262747627defe9619466c999efbebf981262b6232', 'p5': '2017-01-20T15:00:00', 'p2': 'ig1d9u3f20t6malsk7i9992v54'}
2017-02-21 23:33:37 INFO: COMMIT
2017-02-21 23:33:37 DEBUG: event_id=>hu8vsft686uck9ugti3n8ruj3g
2017-02-21 23:33:37 INFO: INSERT INTO EVENT (event_hashkey,calendar_hashkey,event_id,summary,start_dt,end_dt,created_dt,updated_dt,location) VALUES (%(p0)s, %(p1)s, %(p2)s, %(p3)s, %(p4)s, %(p5)s, %(p6)s, %(p7)s, %(p8)s) 
2017-02-21 23:33:37 INFO: {'p1': 'bfe3480c04d79caba89bfd815c45d15448d4b8b37ab5ddd379452e18', 'p3': 'testttt', 'p4': '2017-01-20T17:30:00', 'p0': '6fc4d7d2c58fddf6eac25c06f8dac6975fb92677e4a6bd2ebfa1b746', 'p8': 'noLocation', 'p6': '2017-01-20T06:31:54.000', 'p7': '2017-01-20T06:31:54.212', 'p5': '2017-01-20T18:30:00', 'p2': 'hu8vsft686uck9ugti3n8ruj3g'}
2017-02-21 23:33:37 INFO: COMMIT
2017-02-21 23:33:37 DEBUG: event_id=>nm7snjjadbou0oi43k987b0uuc
2017-02-21 23:33:37 INFO: INSERT INTO EVENT (event_hashkey,calendar_hashkey,event_id,summary,start_dt,end_dt,created_dt,updated_dt,location) VALUES (%(p0)s, %(p1)s, %(p2)s, %(p3)s, %(p4)s, %(p5)s, %(p6)s, %(p7)s, %(p8)s) 
2017-02-21 23:33:37 INFO: {'p7': '2017-01-20T06:32:07.244', 'p1': 'bfe3480c04d79caba89bfd815c45d15448d4b8b37ab5ddd379452e18', 'p0': '3fb2a897061875269a866fb5e9393ac3785b0ded846a0b0c3401e64f', 'p8': 'noLocation', 'p3': 'test', 'p6': '2017-01-20T06:32:07.000', 'p4': '2017-01-20T08:00:00', 'p5': '2017-01-20T09:00:00', 'p2': 'nm7snjjadbou0oi43k987b0uuc'}
2017-02-21 23:33:37 INFO: COMMIT
2017-02-21 23:33:37 DEBUG: event_id=>i9h9bhv23b78nvffgock782sfk
2017-02-21 23:33:37 INFO: INSERT INTO EVENT (event_hashkey,calendar_hashkey,event_id,summary,start_dt,end_dt,created_dt,updated_dt,location) VALUES (%(p0)s, %(p1)s, %(p2)s, %(p3)s, %(p4)s, %(p5)s, %(p6)s, %(p7)s, %(p8)s) 
2017-02-21 23:33:37 INFO: {'p7': '2017-01-20T06:32:18.772', 'p1': 'bfe3480c04d79caba89bfd815c45d15448d4b8b37ab5ddd379452e18', 'p4': '2017-01-20T10:00:00', 'p8': 'noLocation', 'p3': 'gg', 'p6': '2017-01-20T06:32:18.000', 'p0': 'e7ced24c0985fc1eb37e5e9bd225d637a4ee8d7354c2c1a312fb5c58', 'p5': '2017-01-20T11:00:00', 'p2': 'i9h9bhv23b78nvffgock782sfk'}
2017-02-21 23:33:37 INFO: COMMIT
2017-02-21 23:33:37 INFO: checkValidAccesToken
2017-02-21 23:33:37 INFO: SELECT * FROM USERACCOUNT WHERE access_token = %(p0)s 
2017-02-21 23:33:37 INFO: {'p0': 'ya29.GmT5A2Tx2S6f1iWZxBRwhx-53bBZxWPxPeGb1LfbYY5cy-7JKwGVq6QiwBxKXlX1Dbbyy6ABAvyWSKj3S4-_UE2158IvN1OLgJ8Aa79t5Ly7Kqsphnl20hI6RCa8QU_yI0EPLY8q'}
2017-02-21 23:33:37 INFO: COMMIT
2017-02-21 23:33:37 DEBUG: [{'login_platform': 'google', 'user_id': 'cpg0504@gmail.com', 'caldav_homeset': None, 'is_active': 1, 'create_datetime': '2017-02-21 23:15:47', 'access_token': 'ya29.GmT5A2Tx2S6f1iWZxBRwhx-53bBZxWPxPeGb1LfbYY5cy-7JKwGVq6QiwBxKXlX1Dbbyy6ABAvyWSKj3S4-_UE2158IvN1OLgJ8Aa79t5Ly7Kqsphnl20hI6RCa8QU_yI0EPLY8q', 'user_hashkey': '5f023d3fb1a18e4b130d763394fd05e369646c307f70b536e0b10822', 'google_expire_time': '2017-02-22 00:12:29', 'refresh_token': None, 'subject': '100309767722512756707', 'account_hashkey': '121b24aa0f5d4272db80dcd9052742dc4aa14af68373a9a5a62ad82f'}]
2017-02-21 23:33:37 INFO: valid date
2017-02-21 23:33:37 DEBUG: newacces=>None
2017-02-21 23:33:37 INFO: Starting new HTTPS connection (1): www.googleapis.com
2017-02-21 23:33:38 DEBUG: "GET /calendar/v3/calendars/cpg0504%40gmail.com/events?maxResults=10&pageToken=CigKGmk5aDliaHYyM2I3OG52ZmZnb2NrNzgyc2ZrGAEggICAquSm6s0VGg0IABIAGJiB_vnpntIC HTTP/1.1" 200 3619
2017-02-21 23:33:38 DEBUG: ress=>{'updated': '2017-02-20T13:55:54.447Z', 'timeZone': 'Asia/Seoul', 'items': [{'htmlLink': 'https://www.google.com/calendar/event?eid=aGwydGEydTRzOTVxZnAyaG9uZHF0bThtMW8gY3BnMDUwNEBt', 'updated': '2017-01-20T06:33:15.836Z', 'organizer': {'email': 'cpg0504@gmail.com', 'displayName': 'Choi yenos', 'self': True}, 'status': 'confirmed', 'kind': 'calendar#event', 'sequence': 0, 'start': {'dateTime': '2017-01-20T19:00:00+09:00'}, 'creator': {'email': 'cpg0504@gmail.com', 'displayName': 'Choi yenos', 'self': True}, 'end': {'dateTime': '2017-01-20T20:00:00+09:00'}, 'iCalUID': 'hl2ta2u4s95qfp2hondqtm8m1o@google.com', 'summary': 'dd', 'reminders': {'useDefault': True}, 'id': 'hl2ta2u4s95qfp2hondqtm8m1o', 'created': '2017-01-20T06:33:15.000Z', 'etag': '"2969787991672000"'}, {'htmlLink': 'https://www.google.com/calendar/event?eid=ZDNvNjNyMnRsY3VsN29nYjk1djcxc3VyYjggY3BnMDUwNEBt', 'updated': '2017-01-20T06:33:44.895Z', 'organizer': {'email': 'cpg0504@gmail.com', 'displayName': 'Choi yenos', 'self': True}, 'status': 'confirmed', 'kind': 'calendar#event', 'sequence': 0, 'start': {'dateTime': '2017-01-20T17:00:00+09:00'}, 'creator': {'email': 'cpg0504@gmail.com', 'displayName': 'Choi yenos', 'self': True}, 'end': {'dateTime': '2017-01-20T18:00:00+09:00'}, 'iCalUID': 'd3o63r2tlcul7ogb95v71surb8@google.com', 'summary': 'ge', 'reminders': {'useDefault': True}, 'id': 'd3o63r2tlcul7ogb95v71surb8', 'created': '2017-01-20T06:33:44.000Z', 'etag': '"2969788049790000"'}, {'htmlLink': 'https://www.google.com/calendar/event?eid=Zm12czJpNWMyMmE2ZDE2bzJuc2E2NXI0Y2cgY3BnMDUwNEBt', 'updated': '2017-01-20T06:34:00.229Z', 'organizer': {'email': 'cpg0504@gmail.com', 'displayName': 'Choi yenos', 'self': True}, 'status': 'confirmed', 'kind': 'calendar#event', 'sequence': 0, 'start': {'dateTime': '2017-01-20T21:30:00+09:00'}, 'creator': {'email': 'cpg0504@gmail.com', 'displayName': 'Choi yenos', 'self': True}, 'end': {'dateTime': '2017-01-20T22:30:00+09:00'}, 'iCalUID': 'fmvs2i5c22a6d16o2nsa65r4cg@google.com', 'summary': 'bd', 'reminders': {'useDefault': True}, 'id': 'fmvs2i5c22a6d16o2nsa65r4cg', 'created': '2017-01-20T06:34:00.000Z', 'etag': '"2969788080458000"'}, {'htmlLink': 'https://www.google.com/calendar/event?eid=b2sycmx0Z3Nvbmk0OGJvb2hiMXI1dDhwbG8gY3BnMDUwNEBt', 'updated': '2017-01-20T06:34:27.090Z', 'organizer': {'email': 'cpg0504@gmail.com', 'displayName': 'Choi yenos', 'self': True}, 'status': 'confirmed', 'kind': 'calendar#event', 'sequence': 0, 'start': {'dateTime': '2017-01-20T15:30:00+09:00'}, 'creator': {'email': 'cpg0504@gmail.com', 'displayName': 'Choi yenos', 'self': True}, 'end': {'dateTime': '2017-01-20T16:30:00+09:00'}, 'iCalUID': 'ok2rltgsoni48boohb1r5t8plo@google.com', 'summary': 'test3g', 'reminders': {'useDefault': True}, 'id': 'ok2rltgsoni48boohb1r5t8plo', 'created': '2017-01-20T06:13:40.000Z', 'etag': '"2969788134180000"'}], 'summary': 'cpg0504@gmail.com', 'kind': 'calendar#events', 'accessRole': 'owner', 'nextPageToken': 'CigKGjZ2cmJhZWU3bTVjM3EwYThxbGFpOWFjb29vGAEggIDA6p6FiM4VGg0IABIAGJiB_vnpntIC', 'defaultReminders': [{'minutes': 30, 'method': 'popup'}], 'etag': '"p32c83vnpt6fd40g"'}
2017-02-21 23:33:38 DEBUG: event_id=>hl2ta2u4s95qfp2hondqtm8m1o
2017-02-21 23:33:38 INFO: INSERT INTO EVENT (event_hashkey,calendar_hashkey,event_id,summary,start_dt,end_dt,created_dt,updated_dt,location) VALUES (%(p0)s, %(p1)s, %(p2)s, %(p3)s, %(p4)s, %(p5)s, %(p6)s, %(p7)s, %(p8)s) 
2017-02-21 23:33:38 INFO: {'p7': '2017-01-20T06:33:15.836', 'p3': 'dd', 'p4': '2017-01-20T19:00:00', 'p1': 'bfe3480c04d79caba89bfd815c45d15448d4b8b37ab5ddd379452e18', 'p8': 'noLocation', 'p6': '2017-01-20T06:33:15.000', 'p0': '64f27e267a92addab345e790eed03c40d4294653bec7bcf9325a01c9', 'p5': '2017-01-20T20:00:00', 'p2': 'hl2ta2u4s95qfp2hondqtm8m1o'}
2017-02-21 23:33:38 INFO: COMMIT
2017-02-21 23:33:38 DEBUG: event_id=>d3o63r2tlcul7ogb95v71surb8
2017-02-21 23:33:38 INFO: INSERT INTO EVENT (event_hashkey,calendar_hashkey,event_id,summary,start_dt,end_dt,created_dt,updated_dt,location) VALUES (%(p0)s, %(p1)s, %(p2)s, %(p3)s, %(p4)s, %(p5)s, %(p6)s, %(p7)s, %(p8)s) 
2017-02-21 23:33:38 INFO: {'p1': 'bfe3480c04d79caba89bfd815c45d15448d4b8b37ab5ddd379452e18', 'p3': 'ge', 'p0': '6f2e57a5140d219859df243f0d21d676cb3d74172a63cb1cb5a0dc50', 'p5': '2017-01-20T18:00:00', 'p7': '2017-01-20T06:33:44.895', 'p6': '2017-01-20T06:33:44.000', 'p4': '2017-01-20T17:00:00', 'p8': 'noLocation', 'p2': 'd3o63r2tlcul7ogb95v71surb8'}
2017-02-21 23:33:38 INFO: COMMIT
2017-02-21 23:33:38 DEBUG: event_id=>fmvs2i5c22a6d16o2nsa65r4cg
2017-02-21 23:33:38 INFO: INSERT INTO EVENT (event_hashkey,calendar_hashkey,event_id,summary,start_dt,end_dt,created_dt,updated_dt,location) VALUES (%(p0)s, %(p1)s, %(p2)s, %(p3)s, %(p4)s, %(p5)s, %(p6)s, %(p7)s, %(p8)s) 
2017-02-21 23:33:38 INFO: {'p7': '2017-01-20T06:34:00.229', 'p3': 'bd', 'p0': 'd323c9c734e136ec049622b40d0cbfe14692b5267d78b3c3acfdf037', 'p8': 'noLocation', 'p6': '2017-01-20T06:34:00.000', 'p4': '2017-01-20T21:30:00', 'p1': 'bfe3480c04d79caba89bfd815c45d15448d4b8b37ab5ddd379452e18', 'p5': '2017-01-20T22:30:00', 'p2': 'fmvs2i5c22a6d16o2nsa65r4cg'}
2017-02-21 23:33:38 INFO: COMMIT
2017-02-21 23:33:38 DEBUG: event_id=>ok2rltgsoni48boohb1r5t8plo
2017-02-21 23:33:38 INFO: INSERT INTO EVENT (event_hashkey,calendar_hashkey,event_id,summary,start_dt,end_dt,created_dt,updated_dt,location) VALUES (%(p0)s, %(p1)s, %(p2)s, %(p3)s, %(p4)s, %(p5)s, %(p6)s, %(p7)s, %(p8)s) 
2017-02-21 23:33:38 INFO: {'p1': 'bfe3480c04d79caba89bfd815c45d15448d4b8b37ab5ddd379452e18', 'p7': '2017-01-20T06:34:27.090', 'p0': '6efbec128731a7c59fa33a98482183824fdfc5c7226379c80d1ea3e8', 'p8': 'noLocation', 'p3': 'test3g', 'p6': '2017-01-20T06:13:40.000', 'p4': '2017-01-20T15:30:00', 'p5': '2017-01-20T16:30:00', 'p2': 'ok2rltgsoni48boohb1r5t8plo'}
2017-02-21 23:33:38 INFO: COMMIT
2017-02-21 23:33:38 INFO: checkValidAccesToken
2017-02-21 23:33:38 INFO: SELECT * FROM USERACCOUNT WHERE access_token = %(p0)s 
2017-02-21 23:33:38 INFO: {'p0': 'ya29.GmT5A2Tx2S6f1iWZxBRwhx-53bBZxWPxPeGb1LfbYY5cy-7JKwGVq6QiwBxKXlX1Dbbyy6ABAvyWSKj3S4-_UE2158IvN1OLgJ8Aa79t5Ly7Kqsphnl20hI6RCa8QU_yI0EPLY8q'}
2017-02-21 23:33:38 INFO: COMMIT
2017-02-21 23:33:38 DEBUG: [{'login_platform': 'google', 'user_id': 'cpg0504@gmail.com', 'caldav_homeset': None, 'is_active': 1, 'create_datetime': '2017-02-21 23:15:47', 'access_token': 'ya29.GmT5A2Tx2S6f1iWZxBRwhx-53bBZxWPxPeGb1LfbYY5cy-7JKwGVq6QiwBxKXlX1Dbbyy6ABAvyWSKj3S4-_UE2158IvN1OLgJ8Aa79t5Ly7Kqsphnl20hI6RCa8QU_yI0EPLY8q', 'user_hashkey': '5f023d3fb1a18e4b130d763394fd05e369646c307f70b536e0b10822', 'google_expire_time': '2017-02-22 00:12:29', 'refresh_token': None, 'subject': '100309767722512756707', 'account_hashkey': '121b24aa0f5d4272db80dcd9052742dc4aa14af68373a9a5a62ad82f'}]
2017-02-21 23:33:38 INFO: valid date
2017-02-21 23:33:38 DEBUG: newacces=>None
2017-02-21 23:33:38 INFO: Starting new HTTPS connection (1): www.googleapis.com
2017-02-21 23:33:39 DEBUG: "GET /calendar/v3/calendars/cpg0504%40gmail.com/events?maxResults=10&pageToken=CigKGjZ2cmJhZWU3bTVjM3EwYThxbGFpOWFjb29vGAEggIDA6p6FiM4VGg0IABIAGJiB_vnpntIC HTTP/1.1" 200 1190
2017-02-21 23:33:39 DEBUG: ress=>{'updated': '2017-02-20T13:55:54.447Z', 'timeZone': 'Asia/Seoul', 'items': [{'htmlLink': 'https://www.google.com/calendar/event?eid=M3R1ZTRxMjVlNGQ2dGxsYTc4dWduZnVmZmsgY3BnMDUwNEBt', 'updated': '2017-01-21T17:37:23.762Z', 'organizer': {'email': 'cpg0504@gmail.com', 'displayName': 'Choi yenos', 'self': True}, 'status': 'confirmed', 'kind': 'calendar#event', 'sequence': 0, 'start': {'dateTime': '2017-01-20T06:00:00+09:00'}, 'creator': {'email': 'cpg0504@gmail.com', 'displayName': 'Choi yenos', 'self': True}, 'end': {'dateTime': '2017-01-20T07:00:00+09:00'}, 'iCalUID': '3tue4q25e4d6tlla78ugnfuffk@google.com', 'summary': 'ggggood', 'reminders': {'useDefault': True}, 'id': '3tue4q25e4d6tlla78ugnfuffk', 'created': '2017-01-21T17:37:23.000Z', 'etag': '"2970040487524000"'}], 'summary': 'cpg0504@gmail.com', 'kind': 'calendar#events', 'accessRole': 'owner', 'nextPageToken': 'CigKGnBxdWJtYW04bjZ0bmJoZTA4aDg4MTBlMHAwGAEggICA8q2Bic4VGg0IABIAGJiB_vnpntIC', 'defaultReminders': [{'minutes': 30, 'method': 'popup'}], 'etag': '"p32c83vnpt6fd40g"'}
2017-02-21 23:33:39 DEBUG: event_id=>3tue4q25e4d6tlla78ugnfuffk
2017-02-21 23:33:39 INFO: INSERT INTO EVENT (event_hashkey,calendar_hashkey,event_id,summary,start_dt,end_dt,created_dt,updated_dt,location) VALUES (%(p0)s, %(p1)s, %(p2)s, %(p3)s, %(p4)s, %(p5)s, %(p6)s, %(p7)s, %(p8)s) 
2017-02-21 23:33:39 INFO: {'p1': 'bfe3480c04d79caba89bfd815c45d15448d4b8b37ab5ddd379452e18', 'p3': 'ggggood', 'p0': '9089bee50899e2dcba9692e03ed5b2d13a573eecb7407b272f7cf025', 'p8': 'noLocation', 'p6': '2017-01-21T17:37:23.000', 'p7': '2017-01-21T17:37:23.762', 'p4': '2017-01-20T06:00:00', 'p5': '2017-01-20T07:00:00', 'p2': '3tue4q25e4d6tlla78ugnfuffk'}
2017-02-21 23:33:39 INFO: COMMIT
2017-02-21 23:33:39 INFO: checkValidAccesToken
2017-02-21 23:33:39 INFO: SELECT * FROM USERACCOUNT WHERE access_token = %(p0)s 
2017-02-21 23:33:39 INFO: {'p0': 'ya29.GmT5A2Tx2S6f1iWZxBRwhx-53bBZxWPxPeGb1LfbYY5cy-7JKwGVq6QiwBxKXlX1Dbbyy6ABAvyWSKj3S4-_UE2158IvN1OLgJ8Aa79t5Ly7Kqsphnl20hI6RCa8QU_yI0EPLY8q'}
2017-02-21 23:33:39 INFO: COMMIT
2017-02-21 23:33:39 DEBUG: [{'login_platform': 'google', 'user_id': 'cpg0504@gmail.com', 'caldav_homeset': None, 'is_active': 1, 'create_datetime': '2017-02-21 23:15:47', 'access_token': 'ya29.GmT5A2Tx2S6f1iWZxBRwhx-53bBZxWPxPeGb1LfbYY5cy-7JKwGVq6QiwBxKXlX1Dbbyy6ABAvyWSKj3S4-_UE2158IvN1OLgJ8Aa79t5Ly7Kqsphnl20hI6RCa8QU_yI0EPLY8q', 'user_hashkey': '5f023d3fb1a18e4b130d763394fd05e369646c307f70b536e0b10822', 'google_expire_time': '2017-02-22 00:12:29', 'refresh_token': None, 'subject': '100309767722512756707', 'account_hashkey': '121b24aa0f5d4272db80dcd9052742dc4aa14af68373a9a5a62ad82f'}]
2017-02-21 23:33:39 INFO: valid date
2017-02-21 23:33:39 DEBUG: newacces=>None
2017-02-21 23:33:39 INFO: Starting new HTTPS connection (1): www.googleapis.com
2017-02-21 23:33:39 DEBUG: "GET /calendar/v3/calendars/cpg0504%40gmail.com/events?maxResults=10&pageToken=CigKGnBxdWJtYW04bjZ0bmJoZTA4aDg4MTBlMHAwGAEggICA8q2Bic4VGg0IABIAGJiB_vnpntIC HTTP/1.1" 200 4390
2017-02-21 23:33:39 DEBUG: ress=>{'updated': '2017-02-20T13:55:54.447Z', 'timeZone': 'Asia/Seoul', 'items': [{'htmlLink': 'https://www.google.com/calendar/event?eid=aWsxcjVvcWpwcmhjMnFkbGY2ZWRwaHVubGMgY3BnMDUwNEBt', 'updated': '2017-01-21T19:31:54.007Z', 'organizer': {'email': 'cpg0504@gmail.com', 'displayName': 'Choi yenos', 'self': True}, 'status': 'confirmed', 'kind': 'calendar#event', 'sequence': 0, 'start': {'dateTime': '2017-01-20T04:00:00+09:00'}, 'creator': {'email': 'cpg0504@gmail.com', 'displayName': 'Choi yenos', 'self': True}, 'end': {'dateTime': '2017-01-20T05:00:00+09:00'}, 'iCalUID': 'ik1r5oqjprhc2qdlf6edphunlc@google.com', 'reminders': {'useDefault': True}, 'id': 'ik1r5oqjprhc2qdlf6edphunlc', 'created': '2017-01-21T19:31:53.000Z', 'etag': '"2970054228014000"'}, {'htmlLink': 'https://www.google.com/calendar/event?eid=b2U1YTVkY2poMnZnazczNGZ1azdidXN1aDQgY3BnMDUwNEBt', 'updated': '2017-01-22T05:16:40.898Z', 'organizer': {'email': 'cpg0504@gmail.com', 'displayName': 'Choi yenos', 'self': True}, 'status': 'confirmed', 'kind': 'calendar#event', 'sequence': 0, 'start': {'dateTime': '2017-01-19T05:00:00+09:00'}, 'creator': {'email': 'cpg0504@gmail.com', 'displayName': 'Choi yenos', 'self': True}, 'end': {'dateTime': '2017-01-19T06:00:00+09:00'}, 'iCalUID': 'oe5a5dcjh2vgk734fuk7busuh4@google.com', 'summary': 'uuuuu', 'reminders': {'useDefault': True}, 'id': 'oe5a5dcjh2vgk734fuk7busuh4', 'created': '2017-01-22T05:16:12.000Z', 'etag': '"2970124401796000"'}, {'htmlLink': 'https://www.google.com/calendar/event?eid=OWJxM2hqNWpraW5hNTN0cDc0MmR2NzhmNG8gY3BnMDUwNEBt', 'updated': '2017-01-29T05:10:29.214Z', 'organizer': {'email': 'cpg0504@gmail.com', 'displayName': 'Choi yenos', 'self': True}, 'status': 'confirmed', 'kind': 'calendar#event', 'sequence': 0, 'start': {'dateTime': '2017-01-26T09:00:00+09:00'}, 'creator': {'email': 'cpg0504@gmail.com', 'displayName': 'Choi yenos', 'self': True}, 'end': {'dateTime': '2017-01-26T10:00:00+09:00'}, 'iCalUID': '9bq3hj5jkina53tp742dv78f4o@google.com', 'reminders': {'useDefault': True}, 'id': '9bq3hj5jkina53tp742dv78f4o', 'created': '2017-01-29T05:10:29.000Z', 'etag': '"2971333258428000"'}, {'htmlLink': 'https://www.google.com/calendar/event?eid=NmgxcXZxZHV0YmxxN24xMWYzcmJnZWFyZDQgY3BnMDUwNEBt', 'updated': '2017-01-30T16:45:43.490Z', 'organizer': {'email': 'cpg0504@gmail.com', 'displayName': 'Choi yenos', 'self': True}, 'status': 'confirmed', 'kind': 'calendar#event', 'sequence': 0, 'start': {'dateTime': '2017-02-02T04:00:00+09:00'}, 'creator': {'email': 'cpg0504@gmail.com', 'displayName': 'Choi yenos', 'self': True}, 'end': {'dateTime': '2017-02-02T05:00:00+09:00'}, 'iCalUID': '6h1qvqdutblq7n11f3rbgeard4@google.com', 'summary': 'test', 'reminders': {'useDefault': True}, 'id': '6h1qvqdutblq7n11f3rbgeard4', 'created': '2017-01-30T16:45:43.000Z', 'etag': '"2971589486980000"'}, {'htmlLink': 'https://www.google.com/calendar/event?eid=djQyamF0ZjZuOGQ0cWp1bGp0ZXRuOTNqbnMgY3BnMDUwNEBt', 'updated': '2017-01-30T19:14:24.087Z', 'organizer': {'email': 'cpg0504@gmail.com', 'displayName': 'Choi yenos', 'self': True}, 'status': 'confirmed', 'kind': 'calendar#event', 'sequence': 0, 'start': {'dateTime': '2017-02-02T08:00:00+09:00'}, 'creator': {'email': 'cpg0504@gmail.com', 'displayName': 'Choi yenos', 'self': True}, 'end': {'dateTime': '2017-02-02T09:00:00+09:00'}, 'iCalUID': 'v42jatf6n8d4qjuljtetn93jns@google.com', 'summary': 'dd', 'reminders': {'useDefault': True}, 'id': 'v42jatf6n8d4qjuljtetn93jns', 'created': '2017-01-30T19:14:24.000Z', 'etag': '"2971607328174000"'}], 'summary': 'cpg0504@gmail.com', 'kind': 'calendar#events', 'accessRole': 'owner', 'nextPageToken': 'CigKGnY0MmphdGY2bjhkNHFqdWxqdGV0bjkzam5zGAEggIDA67KZw88VGg0IABIAGJiB_vnpntIC', 'defaultReminders': [{'minutes': 30, 'method': 'popup'}], 'etag': '"p32c83vnpt6fd40g"'}
2017-02-21 23:33:39 DEBUG: event_id=>ik1r5oqjprhc2qdlf6edphunlc
2017-02-21 23:33:39 INFO: INSERT INTO EVENT (event_hashkey,calendar_hashkey,event_id,summary,start_dt,end_dt,created_dt,updated_dt,location) VALUES (%(p0)s, %(p1)s, %(p2)s, %(p3)s, %(p4)s, %(p5)s, %(p6)s, %(p7)s, %(p8)s) 
2017-02-21 23:33:39 INFO: {'p7': '2017-01-21T19:31:54.007', 'p1': 'bfe3480c04d79caba89bfd815c45d15448d4b8b37ab5ddd379452e18', 'p0': '276f5473aaf8822d806e7d56bdb5738cc5740f7ad4883153c58999f0', 'p8': 'noLocation', 'p3': 'noTitle', 'p6': '2017-01-21T19:31:53.000', 'p4': '2017-01-20T04:00:00', 'p5': '2017-01-20T05:00:00', 'p2': 'ik1r5oqjprhc2qdlf6edphunlc'}
2017-02-21 23:33:39 INFO: COMMIT
2017-02-21 23:33:39 DEBUG: event_id=>oe5a5dcjh2vgk734fuk7busuh4
2017-02-21 23:33:39 INFO: INSERT INTO EVENT (event_hashkey,calendar_hashkey,event_id,summary,start_dt,end_dt,created_dt,updated_dt,location) VALUES (%(p0)s, %(p1)s, %(p2)s, %(p3)s, %(p4)s, %(p5)s, %(p6)s, %(p7)s, %(p8)s) 
2017-02-21 23:33:39 INFO: {'p3': 'uuuuu', 'p1': 'bfe3480c04d79caba89bfd815c45d15448d4b8b37ab5ddd379452e18', 'p4': '2017-01-19T05:00:00', 'p5': '2017-01-19T06:00:00', 'p7': '2017-01-22T05:16:40.898', 'p6': '2017-01-22T05:16:12.000', 'p0': '71c0a676ae86f2e9fe0b11b949e8e00a431e52ffac33200d420cc978', 'p8': 'noLocation', 'p2': 'oe5a5dcjh2vgk734fuk7busuh4'}
2017-02-21 23:33:39 INFO: COMMIT
2017-02-21 23:33:39 DEBUG: event_id=>9bq3hj5jkina53tp742dv78f4o
2017-02-21 23:33:39 INFO: INSERT INTO EVENT (event_hashkey,calendar_hashkey,event_id,summary,start_dt,end_dt,created_dt,updated_dt,location) VALUES (%(p0)s, %(p1)s, %(p2)s, %(p3)s, %(p4)s, %(p5)s, %(p6)s, %(p7)s, %(p8)s) 
2017-02-21 23:33:39 INFO: {'p3': 'noTitle', 'p1': 'bfe3480c04d79caba89bfd815c45d15448d4b8b37ab5ddd379452e18', 'p4': '2017-01-26T09:00:00', 'p8': 'noLocation', 'p6': '2017-01-29T05:10:29.000', 'p7': '2017-01-29T05:10:29.214', 'p0': 'e27a039839278a9413bb5fc1aa2c3358560cbb67797100d48068be61', 'p5': '2017-01-26T10:00:00', 'p2': '9bq3hj5jkina53tp742dv78f4o'}
2017-02-21 23:33:39 INFO: COMMIT
2017-02-21 23:33:39 DEBUG: event_id=>6h1qvqdutblq7n11f3rbgeard4
2017-02-21 23:33:39 INFO: INSERT INTO EVENT (event_hashkey,calendar_hashkey,event_id,summary,start_dt,end_dt,created_dt,updated_dt,location) VALUES (%(p0)s, %(p1)s, %(p2)s, %(p3)s, %(p4)s, %(p5)s, %(p6)s, %(p7)s, %(p8)s) 
2017-02-21 23:33:39 INFO: {'p1': 'bfe3480c04d79caba89bfd815c45d15448d4b8b37ab5ddd379452e18', 'p7': '2017-01-30T16:45:43.490', 'p4': '2017-02-02T04:00:00', 'p8': 'noLocation', 'p3': 'test', 'p6': '2017-01-30T16:45:43.000', 'p0': '982d8feb276d753f3f00e92c39d34716f4a023031c2411a5d1bb38a4', 'p5': '2017-02-02T05:00:00', 'p2': '6h1qvqdutblq7n11f3rbgeard4'}
2017-02-21 23:33:39 INFO: COMMIT
2017-02-21 23:33:39 DEBUG: event_id=>v42jatf6n8d4qjuljtetn93jns
2017-02-21 23:33:39 INFO: INSERT INTO EVENT (event_hashkey,calendar_hashkey,event_id,summary,start_dt,end_dt,created_dt,updated_dt,location) VALUES (%(p0)s, %(p1)s, %(p2)s, %(p3)s, %(p4)s, %(p5)s, %(p6)s, %(p7)s, %(p8)s) 
2017-02-21 23:33:39 INFO: {'p7': '2017-01-30T19:14:24.087', 'p3': 'dd', 'p0': 'f84769c5e133cbc4ac078dfe32807ae91a8b6c2629ae172df06ac150', 'p8': 'noLocation', 'p6': '2017-01-30T19:14:24.000', 'p4': '2017-02-02T08:00:00', 'p1': 'bfe3480c04d79caba89bfd815c45d15448d4b8b37ab5ddd379452e18', 'p5': '2017-02-02T09:00:00', 'p2': 'v42jatf6n8d4qjuljtetn93jns'}
2017-02-21 23:33:39 INFO: COMMIT
2017-02-21 23:33:39 INFO: checkValidAccesToken
2017-02-21 23:33:39 INFO: SELECT * FROM USERACCOUNT WHERE access_token = %(p0)s 
2017-02-21 23:33:39 INFO: {'p0': 'ya29.GmT5A2Tx2S6f1iWZxBRwhx-53bBZxWPxPeGb1LfbYY5cy-7JKwGVq6QiwBxKXlX1Dbbyy6ABAvyWSKj3S4-_UE2158IvN1OLgJ8Aa79t5Ly7Kqsphnl20hI6RCa8QU_yI0EPLY8q'}
2017-02-21 23:33:39 INFO: COMMIT
2017-02-21 23:33:39 DEBUG: [{'login_platform': 'google', 'user_id': 'cpg0504@gmail.com', 'caldav_homeset': None, 'is_active': 1, 'create_datetime': '2017-02-21 23:15:47', 'access_token': 'ya29.GmT5A2Tx2S6f1iWZxBRwhx-53bBZxWPxPeGb1LfbYY5cy-7JKwGVq6QiwBxKXlX1Dbbyy6ABAvyWSKj3S4-_UE2158IvN1OLgJ8Aa79t5Ly7Kqsphnl20hI6RCa8QU_yI0EPLY8q', 'user_hashkey': '5f023d3fb1a18e4b130d763394fd05e369646c307f70b536e0b10822', 'google_expire_time': '2017-02-22 00:12:29', 'refresh_token': None, 'subject': '100309767722512756707', 'account_hashkey': '121b24aa0f5d4272db80dcd9052742dc4aa14af68373a9a5a62ad82f'}]
2017-02-21 23:33:39 INFO: valid date
2017-02-21 23:33:39 DEBUG: newacces=>None
2017-02-21 23:33:39 INFO: Starting new HTTPS connection (1): www.googleapis.com
2017-02-21 23:33:39 DEBUG: "POST /calendar/v3/calendars/6bku0pgm84k5h5a4bcoahntp78@group.calendar.google.com/events/watch HTTP/1.1" 200 None
2017-02-21 23:33:39 DEBUG: calender id =>m8am4m7vmd27251vlnkai28tv8@group.calendar.google.com
2017-02-21 23:33:39 INFO: checkValidAccesToken
2017-02-21 23:33:39 INFO: SELECT * FROM USERACCOUNT WHERE access_token = %(p0)s 
2017-02-21 23:33:39 INFO: {'p0': 'ya29.GmT5A2Tx2S6f1iWZxBRwhx-53bBZxWPxPeGb1LfbYY5cy-7JKwGVq6QiwBxKXlX1Dbbyy6ABAvyWSKj3S4-_UE2158IvN1OLgJ8Aa79t5Ly7Kqsphnl20hI6RCa8QU_yI0EPLY8q'}
2017-02-21 23:33:39 INFO: COMMIT
2017-02-21 23:33:39 DEBUG: [{'login_platform': 'google', 'user_id': 'cpg0504@gmail.com', 'caldav_homeset': None, 'is_active': 1, 'create_datetime': '2017-02-21 23:15:47', 'access_token': 'ya29.GmT5A2Tx2S6f1iWZxBRwhx-53bBZxWPxPeGb1LfbYY5cy-7JKwGVq6QiwBxKXlX1Dbbyy6ABAvyWSKj3S4-_UE2158IvN1OLgJ8Aa79t5Ly7Kqsphnl20hI6RCa8QU_yI0EPLY8q', 'user_hashkey': '5f023d3fb1a18e4b130d763394fd05e369646c307f70b536e0b10822', 'google_expire_time': '2017-02-22 00:12:29', 'refresh_token': None, 'subject': '100309767722512756707', 'account_hashkey': '121b24aa0f5d4272db80dcd9052742dc4aa14af68373a9a5a62ad82f'}]
2017-02-21 23:33:39 INFO: valid date
2017-02-21 23:33:39 DEBUG: newacces=>None
2017-02-21 23:33:39 INFO: Starting new HTTPS connection (1): www.googleapis.com
2017-02-21 23:33:40 DEBUG: "GET /calendar/v3/calendars/cpg0504%40gmail.com/events?maxResults=10&pageToken=CigKGnY0MmphdGY2bjhkNHFqdWxqdGV0bjkzam5zGAEggIDA67KZw88VGg0IABIAGJiB_vnpntIC HTTP/1.1" 200 4576
2017-02-21 23:33:40 DEBUG: ress=>{'updated': '2017-02-20T13:55:54.447Z', 'timeZone': 'Asia/Seoul', 'items': [{'htmlLink': 'https://www.google.com/calendar/event?eid=bjAzM3FmcGUwcDNyZWw3N2wxa2xpN282NW8gY3BnMDUwNEBt', 'updated': '2017-01-31T10:24:12.614Z', 'organizer': {'email': 'cpg0504@gmail.com', 'displayName': 'Choi yenos', 'self': True}, 'status': 'confirmed', 'kind': 'calendar#event', 'sequence': 0, 'start': {'dateTime': '2017-02-02T10:00:00+09:00'}, 'creator': {'email': 'cpg0504@gmail.com', 'displayName': 'Choi yenos', 'self': True}, 'end': {'dateTime': '2017-02-02T11:00:00+09:00'}, 'iCalUID': 'n033qfpe0p3rel77l1kli7o65o@google.com', 'summary': 'ggg', 'reminders': {'useDefault': True}, 'id': 'n033qfpe0p3rel77l1kli7o65o', 'created': '2017-01-31T10:24:12.000Z', 'etag': '"2971716505228000"'}, {'htmlLink': 'https://www.google.com/calendar/event?eid=cnBsZ2J0aW1nYjdycGdybTc2M3V0MGlwMGMgY3BnMDUwNEBt', 'updated': '2017-01-31T10:25:31.263Z', 'organizer': {'email': 'cpg0504@gmail.com', 'displayName': 'Choi yenos', 'self': True}, 'status': 'confirmed', 'kind': 'calendar#event', 'sequence': 0, 'start': {'dateTime': '2017-02-02T12:00:00+09:00'}, 'creator': {'email': 'cpg0504@gmail.com', 'displayName': 'Choi yenos', 'self': True}, 'end': {'dateTime': '2017-02-02T13:00:00+09:00'}, 'iCalUID': 'rplgbtimgb7rpgrm763ut0ip0c@google.com', 'summary': 'tttt', 'reminders': {'useDefault': True}, 'id': 'rplgbtimgb7rpgrm763ut0ip0c', 'created': '2017-01-31T10:25:31.000Z', 'etag': '"2971716662526000"'}, {'htmlLink': 'https://www.google.com/calendar/event?eid=bjcyaGpwbWJnMGR0bnNxM2gyazVkMmFpbzAgY3BnMDUwNEBt', 'updated': '2017-01-31T10:45:55.255Z', 'organizer': {'email': 'cpg0504@gmail.com', 'displayName': 'Choi yenos', 'self': True}, 'status': 'confirmed', 'kind': 'calendar#event', 'sequence': 0, 'start': {'dateTime': '2017-02-02T06:00:00+09:00'}, 'creator': {'email': 'cpg0504@gmail.com', 'displayName': 'Choi yenos', 'self': True}, 'end': {'dateTime': '2017-02-02T07:00:00+09:00'}, 'iCalUID': 'n72hjpmbg0dtnsq3h2k5d2aio0@google.com', 'summary': 'tegg', 'reminders': {'useDefault': True}, 'id': 'n72hjpmbg0dtnsq3h2k5d2aio0', 'created': '2017-01-31T10:45:55.000Z', 'etag': '"2971719110510000"'}, {'htmlLink': 'https://www.google.com/calendar/event?eid=dGllbHMza2w4dmNoaG1yYXIycm02ZG0zOGcgY3BnMDUwNEBt', 'updated': '2017-02-01T02:33:31.829Z', 'organizer': {'email': 'cpg0504@gmail.com', 'displayName': 'Choi yenos', 'self': True}, 'status': 'confirmed', 'kind': 'calendar#event', 'sequence': 0, 'start': {'dateTime': '2017-02-01T04:00:00+09:00'}, 'creator': {'email': 'cpg0504@gmail.com', 'displayName': 'Choi yenos', 'self': True}, 'end': {'dateTime': '2017-02-01T05:00:00+09:00'}, 'iCalUID': 'tiels3kl8vchhmrar2rm6dm38g@google.com', 'reminders': {'useDefault': True}, 'id': 'tiels3kl8vchhmrar2rm6dm38g', 'created': '2017-02-01T02:33:31.000Z', 'etag': '"2971832823658000"'}, {'htmlLink': 'https://www.google.com/calendar/event?eid=dThwaGQxc2x2ZHJqMWpkczk2NWgyNXVqZDRfMjAxNzAxMzFUMjIzMDAwWiBjcGcwNTA0QG0', 'updated': '2017-02-07T16:08:22.403Z', 'organizer': {'email': 'cpg0504@gmail.com', 'displayName': 'Choi yenos', 'self': True}, 'status': 'confirmed', 'reminders': {'useDefault': False}, 'kind': 'calendar#event', 'sequence': 2, 'start': {'date': '2017-02-01'}, 'creator': {'email': 'cpg0504@gmail.com', 'displayName': 'Choi yenos', 'self': True}, 'end': {'date': '2017-02-02'}, 'iCalUID': 'u8phd1slvdrj1jds965h25ujd4@google.com', 'summary': 'dddefevvvbee', 'recurringEventId': 'u8phd1slvdrj1jds965h25ujd4', 'originalStartTime': {'dateTime': '2017-02-01T07:30:00+09:00'}, 'id': 'u8phd1slvdrj1jds965h25ujd4_20170131T223000Z', 'created': '2017-02-07T16:00:11.000Z', 'etag': '"2973446662760000"'}], 'summary': 'cpg0504@gmail.com', 'kind': 'calendar#events', 'accessRole': 'owner', 'nextPageToken': 'CjkKK3U4cGhkMXNsdmRyajFqZHM5NjVoMjV1amQ0XzIwMTcwMTMxVDIyMzAwMFoYASCAgMDBwqrl0BUaDQgAEgAYmIH--eme0gI=', 'defaultReminders': [{'minutes': 30, 'method': 'popup'}], 'etag': '"p32c83vnpt6fd40g"'}
2017-02-21 23:33:40 DEBUG: event_id=>n033qfpe0p3rel77l1kli7o65o
2017-02-21 23:33:40 INFO: INSERT INTO EVENT (event_hashkey,calendar_hashkey,event_id,summary,start_dt,end_dt,created_dt,updated_dt,location) VALUES (%(p0)s, %(p1)s, %(p2)s, %(p3)s, %(p4)s, %(p5)s, %(p6)s, %(p7)s, %(p8)s) 
2017-02-21 23:33:40 INFO: {'p1': 'bfe3480c04d79caba89bfd815c45d15448d4b8b37ab5ddd379452e18', 'p3': 'ggg', 'p0': '7722d76bcdaa70baa6914f17949a8f6cb3b31b02c86d65c78d33e712', 'p8': 'noLocation', 'p6': '2017-01-31T10:24:12.000', 'p4': '2017-02-02T10:00:00', 'p7': '2017-01-31T10:24:12.614', 'p5': '2017-02-02T11:00:00', 'p2': 'n033qfpe0p3rel77l1kli7o65o'}
2017-02-21 23:33:40 INFO: COMMIT
2017-02-21 23:33:40 DEBUG: event_id=>rplgbtimgb7rpgrm763ut0ip0c
2017-02-21 23:33:40 INFO: INSERT INTO EVENT (event_hashkey,calendar_hashkey,event_id,summary,start_dt,end_dt,created_dt,updated_dt,location) VALUES (%(p0)s, %(p1)s, %(p2)s, %(p3)s, %(p4)s, %(p5)s, %(p6)s, %(p7)s, %(p8)s) 
2017-02-21 23:33:40 INFO: {'p7': '2017-01-31T10:25:31.263', 'p3': 'tttt', 'p0': '4d25429bf6e8a6ffc7ed07d13530f6f5510154c90e7dc3faf059cfb8', 'p1': 'bfe3480c04d79caba89bfd815c45d15448d4b8b37ab5ddd379452e18', 'p8': 'noLocation', 'p6': '2017-01-31T10:25:31.000', 'p4': '2017-02-02T12:00:00', 'p5': '2017-02-02T13:00:00', 'p2': 'rplgbtimgb7rpgrm763ut0ip0c'}
2017-02-21 23:33:40 INFO: COMMIT
2017-02-21 23:33:40 DEBUG: event_id=>n72hjpmbg0dtnsq3h2k5d2aio0
2017-02-21 23:33:40 INFO: INSERT INTO EVENT (event_hashkey,calendar_hashkey,event_id,summary,start_dt,end_dt,created_dt,updated_dt,location) VALUES (%(p0)s, %(p1)s, %(p2)s, %(p3)s, %(p4)s, %(p5)s, %(p6)s, %(p7)s, %(p8)s) 
2017-02-21 23:33:40 INFO: {'p7': '2017-01-31T10:45:55.255', 'p1': 'bfe3480c04d79caba89bfd815c45d15448d4b8b37ab5ddd379452e18', 'p4': '2017-02-02T06:00:00', 'p8': 'noLocation', 'p3': 'tegg', 'p6': '2017-01-31T10:45:55.000', 'p0': '77d1dac6e94e58085a519e03b1684d70307b17c67b44a5f17fa534e6', 'p5': '2017-02-02T07:00:00', 'p2': 'n72hjpmbg0dtnsq3h2k5d2aio0'}
2017-02-21 23:33:40 INFO: COMMIT
2017-02-21 23:33:40 DEBUG: event_id=>tiels3kl8vchhmrar2rm6dm38g
2017-02-21 23:33:40 INFO: INSERT INTO EVENT (event_hashkey,calendar_hashkey,event_id,summary,start_dt,end_dt,created_dt,updated_dt,location) VALUES (%(p0)s, %(p1)s, %(p2)s, %(p3)s, %(p4)s, %(p5)s, %(p6)s, %(p7)s, %(p8)s) 
2017-02-21 23:33:40 INFO: {'p1': 'bfe3480c04d79caba89bfd815c45d15448d4b8b37ab5ddd379452e18', 'p3': 'noTitle', 'p4': '2017-02-01T04:00:00', 'p5': '2017-02-01T05:00:00', 'p7': '2017-02-01T02:33:31.829', 'p6': '2017-02-01T02:33:31.000', 'p0': 'b26f6f4261529d034e52e1c8572151afb02c2e4f5dbeb238cda33eec', 'p8': 'noLocation', 'p2': 'tiels3kl8vchhmrar2rm6dm38g'}
2017-02-21 23:33:40 INFO: COMMIT
2017-02-21 23:33:40 DEBUG: event_id=>u8phd1slvdrj1jds965h25ujd4_20170131T223000Z
2017-02-21 23:33:40 INFO: INSERT INTO EVENT (event_hashkey,calendar_hashkey,event_id,summary,start_dt,end_dt,created_dt,updated_dt,location) VALUES (%(p0)s, %(p1)s, %(p2)s, %(p3)s, %(p4)s, %(p5)s, %(p6)s, %(p7)s, %(p8)s) 
2017-02-21 23:33:40 INFO: {'p7': '2017-02-07T16:08:22.403', 'p1': 'bfe3480c04d79caba89bfd815c45d15448d4b8b37ab5ddd379452e18', 'p0': 'fc1ed49a104270a35178eca15d2083c4238399cf6577df9cdb7d9cd0', 'p8': 'noLocation', 'p3': 'dddefevvvbee', 'p6': '2017-02-07T16:00:11.000', 'p4': '2017-02-01', 'p5': '2017-02-02', 'p2': 'u8phd1slvdrj1jds965h25ujd4_20170131T223000Z'}
2017-02-21 23:33:40 INFO: COMMIT
2017-02-21 23:33:40 INFO: checkValidAccesToken
2017-02-21 23:33:40 INFO: SELECT * FROM USERACCOUNT WHERE access_token = %(p0)s 
2017-02-21 23:33:40 INFO: {'p0': 'ya29.GmT5A2Tx2S6f1iWZxBRwhx-53bBZxWPxPeGb1LfbYY5cy-7JKwGVq6QiwBxKXlX1Dbbyy6ABAvyWSKj3S4-_UE2158IvN1OLgJ8Aa79t5Ly7Kqsphnl20hI6RCa8QU_yI0EPLY8q'}
2017-02-21 23:33:40 INFO: COMMIT
2017-02-21 23:33:40 DEBUG: [{'login_platform': 'google', 'user_id': 'cpg0504@gmail.com', 'caldav_homeset': None, 'is_active': 1, 'create_datetime': '2017-02-21 23:15:47', 'access_token': 'ya29.GmT5A2Tx2S6f1iWZxBRwhx-53bBZxWPxPeGb1LfbYY5cy-7JKwGVq6QiwBxKXlX1Dbbyy6ABAvyWSKj3S4-_UE2158IvN1OLgJ8Aa79t5Ly7Kqsphnl20hI6RCa8QU_yI0EPLY8q', 'user_hashkey': '5f023d3fb1a18e4b130d763394fd05e369646c307f70b536e0b10822', 'google_expire_time': '2017-02-22 00:12:29', 'refresh_token': None, 'subject': '100309767722512756707', 'account_hashkey': '121b24aa0f5d4272db80dcd9052742dc4aa14af68373a9a5a62ad82f'}]
2017-02-21 23:33:40 INFO: valid date
2017-02-21 23:33:40 DEBUG: newacces=>None
2017-02-21 23:33:40 INFO: Starting new HTTPS connection (1): www.googleapis.com
2017-02-21 23:33:40 DEBUG: "GET /calendar/v3/calendars/cpg0504%40gmail.com/events?maxResults=10&pageToken=CjkKK3U4cGhkMXNsdmRyajFqZHM5NjVoMjV1amQ0XzIwMTcwMTMxVDIyMzAwMFoYASCAgMDBwqrl0BUaDQgAEgAYmIH--eme0gI%3D HTTP/1.1" 200 10061
2017-02-21 23:33:40 DEBUG: ress=>{'updated': '2017-02-20T13:55:54.447Z', 'timeZone': 'Asia/Seoul', 'items': [{'htmlLink': 'https://www.google.com/calendar/event?eid=aWhyYTB1MXBoMThuMGhtbm9zZWdmNDR0ZGcgY3BnMDUwNEBt', 'updated': '2017-02-07T16:18:08.277Z', 'organizer': {'email': 'cpg0504@gmail.com', 'displayName': 'Choi yenos', 'self': True}, 'status': 'confirmed', 'reminders': {'overrides': [{'minutes': 1440, 'method': 'popup'}, {'minutes': 600, 'method': 'email'}], 'useDefault': False}, 'kind': 'calendar#event', 'location': '강남역, 대한민국 서울특별시 역삼1동', 'description': 'ㅇㄴ래먼ㅇ래ㅑㅇ너랴ㅐㄴㅇ멀ㄴ애ㅑ러ㅐㅑㄹ어ㅐㅑㅁ러내ㅑㅇㄴ렁ㄴ', 'start': {'dateTime': '2017-02-01T04:30:00+09:00'}, 'creator': {'email': 'cpg0504@gmail.com', 'displayName': 'Choi yenos', 'self': True}, 'end': {'dateTime': '2017-02-01T05:30:00+09:00'}, 'iCalUID': 'ihra0u1ph18n0hmnosegf44tdg@google.com', 'summary': 'testddbb', 'transparency': 'transparent', 'sequence': 1, 'id': 'ihra0u1ph18n0hmnosegf44tdg', 'created': '2017-02-01T02:31:05.000Z', 'attachments': [{'iconLink': 'https://ssl.gstatic.com/docs/doclist/images/icon_10_generic_list.png', 'title': '스크린샷 2017-02-02 오전 2.18.49.png', 'fileUrl': 'https://drive.google.com/file/d/0B8OPfJRyryRIMzY0eC1jX25rd2c/view?usp=drive_web', 'fileId': '0B8OPfJRyryRIMzY0eC1jX25rd2c'}], 'colorId': '10', 'etag': '"2972968216434000"'}, {'htmlLink': 'https://www.google.com/calendar/event?eid=cHUwczU4b2VsZDhmOGdubnFjZG9xNWo3MWNfMjAxNzAyMTBUMDEwMDAwWiBjcGcwNTA0QG0', 'updated': '2017-02-10T06:06:12.789Z', 'organizer': {'email': 'cpg0504@gmail.com', 'displayName': 'Choi yenos', 'self': True}, 'status': 'confirmed', 'kind': 'calendar#event', 'sequence': 9, 'start': {'dateTime': '2017-02-10T10:00:00+09:00', 'timeZone': 'Asia/Seoul'}, 'creator': {'email': 'cpg0504@gmail.com', 'displayName': 'Choi yenos', 'self': True}, 'recurrence': ['RRULE:FREQ=YEARLY;COUNT=5'], 'end': {'dateTime': '2017-02-10T11:00:00+09:00', 'timeZone': 'Asia/Seoul'}, 'iCalUID': 'pu0s58oeld8f8gnnqcdoq5j71c@google.com', 'summary': 'test', 'reminders': {'overrides': [{'minutes': 30, 'method': 'popup'}], 'useDefault': False}, 'id': 'pu0s58oeld8f8gnnqcdoq5j71c', 'created': '2017-02-10T05:51:20.000Z', 'etag': '"2973413545484000"'}, {'htmlLink': 'https://www.google.com/calendar/event?eid=cTFpcDUwbTd1bzZuM3NpZHVlZG1wcjJuaTggY3BnMDUwNEBt', 'updated': '2017-02-10T06:34:10.719Z', 'organizer': {'email': 'cpg0504@gmail.com', 'displayName': 'Choi yenos', 'self': True}, 'status': 'confirmed', 'kind': 'calendar#event', 'sequence': 0, 'start': {'dateTime': '2017-02-10T14:00:00+09:00', 'timeZone': 'Europe/Copenhagen'}, 'creator': {'email': 'cpg0504@gmail.com', 'displayName': 'Choi yenos', 'self': True}, 'end': {'dateTime': '2017-02-10T15:00:00+09:00', 'timeZone': 'Europe/Copenhagen'}, 'iCalUID': 'q1ip50m7uo6n3siduedmpr2ni8@google.com', 'reminders': {'useDefault': True}, 'id': 'q1ip50m7uo6n3siduedmpr2ni8', 'created': '2017-02-10T06:34:10.000Z', 'etag': '"2973416901438000"'}, {'htmlLink': 'https://www.google.com/calendar/event?eid=cTFkaWtldWE4c2txbG9tbjg3bTlrbDV2YTAgY3BnMDUwNEBt', 'updated': '2017-02-10T06:36:36.189Z', 'organizer': {'email': 'cpg0504@gmail.com', 'displayName': 'Choi yenos', 'self': True}, 'status': 'confirmed', 'reminders': {'useDefault': False}, 'kind': 'calendar#event', 'sequence': 0, 'start': {'date': '2017-02-11'}, 'creator': {'email': 'cpg0504@gmail.com', 'displayName': 'Choi yenos', 'self': True}, 'end': {'date': '2017-02-12'}, 'iCalUID': 'q1dikeua8skqlomn87m9kl5va0@google.com', 'summary': 'testtt', 'transparency': 'transparent', 'id': 'q1dikeua8skqlomn87m9kl5va0', 'created': '2017-02-10T06:36:36.000Z', 'etag': '"2973417192378000"'}, {'htmlLink': 'https://www.google.com/calendar/event?eid=NHZlbzM2dDBvbnFvcGY3bGZobWJxdTZoN2NfMjAxNzAyMTBUMDEwMDAwWiBjcGcwNTA0QG0', 'updated': '2017-02-13T01:41:56.434Z', 'organizer': {'email': 'cpg0504@gmail.com', 'displayName': 'Choi yenos', 'self': True}, 'status': 'confirmed', 'kind': 'calendar#event', 'sequence': 3, 'start': {'dateTime': '2017-02-10T10:00:00+09:00', 'timeZone': 'Asia/Seoul'}, 'creator': {'email': 'cpg0504@gmail.com', 'displayName': 'Choi yenos', 'self': True}, 'recurrence': ['EXDATE;TZID=Asia/Seoul:20170217T100000', 'RRULE:FREQ=WEEKLY;BYDAY=FR'], 'end': {'dateTime': '2017-02-10T11:30:00+09:00', 'timeZone': 'Asia/Seoul'}, 'iCalUID': '4veo36t0onqopf7lfhmbqu6h7c@google.com', 'reminders': {'useDefault': True}, 'id': '4veo36t0onqopf7lfhmbqu6h7c', 'created': '2017-02-10T06:32:26.000Z', 'etag': '"2973900232868000"'}, {'htmlLink': 'https://www.google.com/calendar/event?eid=dThwaGQxc2x2ZHJqMWpkczk2NWgyNXVqZDRfMjAxNzAxMzFUMjIzMDAwWiBjcGcwNTA0QG0', 'updated': '2017-02-13T05:16:00.462Z', 'organizer': {'email': 'cpg0504@gmail.com', 'displayName': 'Choi yenos', 'self': True}, 'status': 'confirmed', 'kind': 'calendar#event', 'sequence': 1, 'start': {'dateTime': '2017-02-01T07:30:00+09:00', 'timeZone': 'Asia/Seoul'}, 'creator': {'email': 'cpg0504@gmail.com', 'displayName': 'Choi yenos', 'self': True}, 'recurrence': ['EXDATE;TZID=Asia/Seoul:20170215T073000', 'RRULE:FREQ=WEEKLY;BYDAY=WE'], 'end': {'dateTime': '2017-02-01T08:30:00+09:00', 'timeZone': 'Asia/Seoul'}, 'iCalUID': 'u8phd1slvdrj1jds965h25ujd4@google.com', 'summary': 'dddefe', 'reminders': {'useDefault': True}, 'id': 'u8phd1slvdrj1jds965h25ujd4', 'created': '2017-02-07T16:00:11.000Z', 'etag': '"2973925920924000"'}, {'htmlLink': 'https://www.google.com/calendar/event?eid=MHMxYjlnOWZyZnZucjdjOGo5Y2FpcjFlOGdfMjAxNzAyMDhUMTczMDAwWiBjcGcwNTA0QG0', 'updated': '2017-02-13T05:16:43.280Z', 'organizer': {'email': 'cpg0504@gmail.com', 'displayName': 'Choi yenos', 'self': True}, 'status': 'confirmed', 'kind': 'calendar#event', 'sequence': 0, 'start': {'dateTime': '2017-02-09T02:30:00+09:00', 'timeZone': 'Asia/Seoul'}, 'creator': {'email': 'cpg0504@gmail.com', 'displayName': 'Choi yenos', 'self': True}, 'recurrence': ['RRULE:FREQ=WEEKLY;COUNT=1;BYDAY=TH'], 'end': {'dateTime': '2017-02-09T03:30:00+09:00', 'timeZone': 'Asia/Seoul'}, 'iCalUID': '0s1b9g9frfvnr7c8j9cair1e8g@google.com', 'summary': '세수하기', 'reminders': {'useDefault': True}, 'id': '0s1b9g9frfvnr7c8j9cair1e8g', 'created': '2017-02-07T15:24:51.000Z', 'etag': '"2973926006560000"'}, {'htmlLink': 'https://www.google.com/calendar/event?eid=OXExNG1jMWdqbWUxcGl0M2J1Z3MyMjZmaGsgY3BnMDUwNEBt', 'updated': '2017-02-17T00:54:31.202Z', 'organizer': {'email': 'cpg0504@gmail.com', 'displayName': 'Choi yenos', 'self': True}, 'status': 'confirmed', 'kind': 'calendar#event', 'sequence': 0, 'start': {'dateTime': '2017-02-17T07:30:00+09:00'}, 'creator': {'email': 'cpg0504@gmail.com', 'displayName': 'Choi yenos', 'self': True}, 'end': {'dateTime': '2017-02-17T08:30:00+09:00'}, 'iCalUID': '9q14mc1gjme1pit3bugs226fhk@google.com', 'summary': 'ㅇㅇ', 'reminders': {'useDefault': True}, 'id': '9q14mc1gjme1pit3bugs226fhk', 'created': '2017-02-17T00:54:31.000Z', 'etag': '"2974585742404000"'}, {'htmlLink': 'https://www.google.com/calendar/event?eid=ZDRnYmVuMXE4OTYwZWJzcWEwcDRjNXJnOW8gY3BnMDUwNEBt', 'updated': '2017-02-17T00:55:15.266Z', 'organizer': {'email': 'cpg0504@gmail.com', 'displayName': 'Choi yenos', 'self': True}, 'status': 'confirmed', 'kind': 'calendar#event', 'sequence': 0, 'start': {'dateTime': '2017-02-17T11:00:00+09:00'}, 'creator': {'email': 'cpg0504@gmail.com', 'displayName': 'Choi yenos', 'self': True}, 'end': {'dateTime': '2017-02-17T12:00:00+09:00'}, 'iCalUID': 'd4gben1q8960ebsqa0p4c5rg9o@google.com', 'summary': '새로운일정추갛ㅎㅎ', 'reminders': {'useDefault': True}, 'id': 'd4gben1q8960ebsqa0p4c5rg9o', 'created': '2017-02-17T00:55:15.000Z', 'etag': '"2974585830532000"'}, {'htmlLink': 'https://www.google.com/calendar/event?eid=ZWI4MmlrbTNrbDY5NnR0MTZtYnM5bXNmcWsgY3BnMDUwNEBt', 'updated': '2017-02-17T00:58:33.178Z', 'organizer': {'email': 'cpg0504@gmail.com', 'displayName': 'Choi yenos', 'self': True}, 'status': 'confirmed', 'kind': 'calendar#event', 'sequence': 0, 'start': {'dateTime': '2017-02-17T12:30:00+09:00'}, 'creator': {'email': 'cpg0504@gmail.com', 'displayName': 'Choi yenos', 'self': True}, 'end': {'dateTime': '2017-02-17T13:30:00+09:00'}, 'iCalUID': 'eb82ikm3kl696tt16mbs9msfqk@google.com', 'summary': 'gggg', 'reminders': {'useDefault': True}, 'id': 'eb82ikm3kl696tt16mbs9msfqk', 'created': '2017-02-17T00:58:33.000Z', 'etag': '"2974586226356000"'}], 'summary': 'cpg0504@gmail.com', 'kind': 'calendar#events', 'accessRole': 'owner', 'nextPageToken': 'CigKGmViODJpa20za2w2OTZ0dDE2bWJzOW1zZnFrGAEggICAreOnptIVGg0IABIAGJiB_vnpntIC', 'defaultReminders': [{'minutes': 30, 'method': 'popup'}], 'etag': '"p32c83vnpt6fd40g"'}
2017-02-21 23:33:40 DEBUG: event_id=>ihra0u1ph18n0hmnosegf44tdg
2017-02-21 23:33:40 INFO: INSERT INTO EVENT (event_hashkey,calendar_hashkey,event_id,summary,start_dt,end_dt,created_dt,updated_dt,location) VALUES (%(p0)s, %(p1)s, %(p2)s, %(p3)s, %(p4)s, %(p5)s, %(p6)s, %(p7)s, %(p8)s) 
2017-02-21 23:33:40 INFO: {'p3': 'testddbb', 'p7': '2017-02-07T16:18:08.277', 'p4': '2017-02-01T04:30:00', 'p1': 'bfe3480c04d79caba89bfd815c45d15448d4b8b37ab5ddd379452e18', 'p8': '강남역, 대한민국 서울특별시 역삼1동', 'p6': '2017-02-01T02:31:05.000', 'p0': '055f32d96fa62d3415e38502c394bda9c4970ec3198bd56b1037f858', 'p5': '2017-02-01T05:30:00', 'p2': 'ihra0u1ph18n0hmnosegf44tdg'}
2017-02-21 23:33:40 INFO: COMMIT
2017-02-21 23:33:40 DEBUG: event_id=>pu0s58oeld8f8gnnqcdoq5j71c
2017-02-21 23:33:40 INFO: INSERT INTO EVENT (event_hashkey,calendar_hashkey,event_id,summary,start_dt,end_dt,created_dt,updated_dt,location) VALUES (%(p0)s, %(p1)s, %(p2)s, %(p3)s, %(p4)s, %(p5)s, %(p6)s, %(p7)s, %(p8)s) 
2017-02-21 23:33:40 INFO: {'p3': 'test', 'p7': '2017-02-10T06:06:12.789', 'p0': 'd25be9147a9e61a04fe186ad760c8d3ef8fad5d7e83acb65c324e576', 'p8': 'noLocation', 'p6': '2017-02-10T05:51:20.000', 'p4': '2017-02-10T10:00:00', 'p1': 'bfe3480c04d79caba89bfd815c45d15448d4b8b37ab5ddd379452e18', 'p5': '2017-02-10T11:00:00', 'p2': 'pu0s58oeld8f8gnnqcdoq5j71c'}
2017-02-21 23:33:40 INFO: COMMIT
2017-02-21 23:33:40 DEBUG: event_id=>q1ip50m7uo6n3siduedmpr2ni8
2017-02-21 23:33:40 INFO: INSERT INTO EVENT (event_hashkey,calendar_hashkey,event_id,summary,start_dt,end_dt,created_dt,updated_dt,location) VALUES (%(p0)s, %(p1)s, %(p2)s, %(p3)s, %(p4)s, %(p5)s, %(p6)s, %(p7)s, %(p8)s) 
2017-02-21 23:33:40 INFO: {'p7': '2017-02-10T06:34:10.719', 'p3': 'noTitle', 'p0': '7e1028b4faaf12c2fd0d18d9cd303e5b2d076787fda86b6bc28be322', 'p8': 'noLocation', 'p6': '2017-02-10T06:34:10.000', 'p4': '2017-02-10T14:00:00', 'p1': 'bfe3480c04d79caba89bfd815c45d15448d4b8b37ab5ddd379452e18', 'p5': '2017-02-10T15:00:00', 'p2': 'q1ip50m7uo6n3siduedmpr2ni8'}
2017-02-21 23:33:40 INFO: COMMIT
2017-02-21 23:33:40 DEBUG: event_id=>q1dikeua8skqlomn87m9kl5va0
2017-02-21 23:33:40 INFO: INSERT INTO EVENT (event_hashkey,calendar_hashkey,event_id,summary,start_dt,end_dt,created_dt,updated_dt,location) VALUES (%(p0)s, %(p1)s, %(p2)s, %(p3)s, %(p4)s, %(p5)s, %(p6)s, %(p7)s, %(p8)s) 
2017-02-21 23:33:40 INFO: {'p7': '2017-02-10T06:36:36.189', 'p3': 'testtt', 'p4': '2017-02-11', 'p1': 'bfe3480c04d79caba89bfd815c45d15448d4b8b37ab5ddd379452e18', 'p8': 'noLocation', 'p6': '2017-02-10T06:36:36.000', 'p0': '78272528bef30820626f6d0912aa79b1862abd69dfc30a214296b30a', 'p5': '2017-02-12', 'p2': 'q1dikeua8skqlomn87m9kl5va0'}
2017-02-21 23:33:40 INFO: COMMIT
2017-02-21 23:33:40 DEBUG: event_id=>4veo36t0onqopf7lfhmbqu6h7c
2017-02-21 23:33:40 INFO: INSERT INTO EVENT (event_hashkey,calendar_hashkey,event_id,summary,start_dt,end_dt,created_dt,updated_dt,location) VALUES (%(p0)s, %(p1)s, %(p2)s, %(p3)s, %(p4)s, %(p5)s, %(p6)s, %(p7)s, %(p8)s) 
2017-02-21 23:33:40 INFO: {'p3': 'noTitle', 'p1': 'bfe3480c04d79caba89bfd815c45d15448d4b8b37ab5ddd379452e18', 'p0': 'bff23948fa7755cff46e61be4c0e9a67dc8cb53f930661f1eadcc248', 'p8': 'noLocation', 'p6': '2017-02-10T06:32:26.000', 'p4': '2017-02-10T10:00:00', 'p7': '2017-02-13T01:41:56.434', 'p5': '2017-02-10T11:30:00', 'p2': '4veo36t0onqopf7lfhmbqu6h7c'}
2017-02-21 23:33:40 INFO: COMMIT
2017-02-21 23:33:40 DEBUG: event_id=>u8phd1slvdrj1jds965h25ujd4
2017-02-21 23:33:40 INFO: INSERT INTO EVENT (event_hashkey,calendar_hashkey,event_id,summary,start_dt,end_dt,created_dt,updated_dt,location) VALUES (%(p0)s, %(p1)s, %(p2)s, %(p3)s, %(p4)s, %(p5)s, %(p6)s, %(p7)s, %(p8)s) 
2017-02-21 23:33:40 INFO: {'p7': '2017-02-13T05:16:00.462', 'p1': 'bfe3480c04d79caba89bfd815c45d15448d4b8b37ab5ddd379452e18', 'p0': 'f397fc9b7f612633aca995b5df2231246424f1a480fa478eb52b6f28', 'p8': 'noLocation', 'p3': 'dddefe', 'p6': '2017-02-07T16:00:11.000', 'p4': '2017-02-01T07:30:00', 'p5': '2017-02-01T08:30:00', 'p2': 'u8phd1slvdrj1jds965h25ujd4'}
2017-02-21 23:33:40 INFO: COMMIT
2017-02-21 23:33:40 DEBUG: event_id=>0s1b9g9frfvnr7c8j9cair1e8g
2017-02-21 23:33:40 INFO: INSERT INTO EVENT (event_hashkey,calendar_hashkey,event_id,summary,start_dt,end_dt,created_dt,updated_dt,location) VALUES (%(p0)s, %(p1)s, %(p2)s, %(p3)s, %(p4)s, %(p5)s, %(p6)s, %(p7)s, %(p8)s) 
2017-02-21 23:33:40 INFO: {'p3': '세수하기', 'p1': 'bfe3480c04d79caba89bfd815c45d15448d4b8b37ab5ddd379452e18', 'p4': '2017-02-09T02:30:00', 'p8': 'noLocation', 'p6': '2017-02-07T15:24:51.000', 'p7': '2017-02-13T05:16:43.280', 'p0': '7e3c10096d75af3f277d9481d217311f07d32b4c71cd5a119e86e0d6', 'p5': '2017-02-09T03:30:00', 'p2': '0s1b9g9frfvnr7c8j9cair1e8g'}
2017-02-21 23:33:40 INFO: COMMIT
2017-02-21 23:33:40 DEBUG: event_id=>9q14mc1gjme1pit3bugs226fhk
2017-02-21 23:33:40 INFO: INSERT INTO EVENT (event_hashkey,calendar_hashkey,event_id,summary,start_dt,end_dt,created_dt,updated_dt,location) VALUES (%(p0)s, %(p1)s, %(p2)s, %(p3)s, %(p4)s, %(p5)s, %(p6)s, %(p7)s, %(p8)s) 
2017-02-21 23:33:40 INFO: {'p3': 'ㅇㅇ', 'p7': '2017-02-17T00:54:31.202', 'p4': '2017-02-17T07:30:00', 'p0': '254d2dc98064627abdd2f960edfab618679dd53677e39f1c0d88f08f', 'p8': 'noLocation', 'p6': '2017-02-17T00:54:31.000', 'p1': 'bfe3480c04d79caba89bfd815c45d15448d4b8b37ab5ddd379452e18', 'p5': '2017-02-17T08:30:00', 'p2': '9q14mc1gjme1pit3bugs226fhk'}
2017-02-21 23:33:40 INFO: COMMIT
2017-02-21 23:33:40 DEBUG: event_id=>d4gben1q8960ebsqa0p4c5rg9o
2017-02-21 23:33:40 INFO: INSERT INTO EVENT (event_hashkey,calendar_hashkey,event_id,summary,start_dt,end_dt,created_dt,updated_dt,location) VALUES (%(p0)s, %(p1)s, %(p2)s, %(p3)s, %(p4)s, %(p5)s, %(p6)s, %(p7)s, %(p8)s) 
2017-02-21 23:33:40 INFO: {'p7': '2017-02-17T00:55:15.266', 'p1': 'bfe3480c04d79caba89bfd815c45d15448d4b8b37ab5ddd379452e18', 'p4': '2017-02-17T11:00:00', 'p8': 'noLocation', 'p3': '새로운일정추갛ㅎㅎ', 'p6': '2017-02-17T00:55:15.000', 'p0': 'cbe88fd6d15751c6a5856a585f40915370fe49c3973b422c756954a0', 'p5': '2017-02-17T12:00:00', 'p2': 'd4gben1q8960ebsqa0p4c5rg9o'}
2017-02-21 23:33:40 INFO: COMMIT
2017-02-21 23:33:40 DEBUG: event_id=>eb82ikm3kl696tt16mbs9msfqk
2017-02-21 23:33:40 INFO: INSERT INTO EVENT (event_hashkey,calendar_hashkey,event_id,summary,start_dt,end_dt,created_dt,updated_dt,location) VALUES (%(p0)s, %(p1)s, %(p2)s, %(p3)s, %(p4)s, %(p5)s, %(p6)s, %(p7)s, %(p8)s) 
2017-02-21 23:33:40 INFO: {'p7': '2017-02-17T00:58:33.178', 'p1': 'bfe3480c04d79caba89bfd815c45d15448d4b8b37ab5ddd379452e18', 'p4': '2017-02-17T12:30:00', 'p8': 'noLocation', 'p3': 'gggg', 'p6': '2017-02-17T00:58:33.000', 'p0': 'b09214b45d5e611a8cdae825a5fc511f09cb391a67b5a609da46f09d', 'p5': '2017-02-17T13:30:00', 'p2': 'eb82ikm3kl696tt16mbs9msfqk'}
2017-02-21 23:33:40 INFO: COMMIT
2017-02-21 23:33:40 INFO: checkValidAccesToken
2017-02-21 23:33:40 INFO: SELECT * FROM USERACCOUNT WHERE access_token = %(p0)s 
2017-02-21 23:33:40 INFO: {'p0': 'ya29.GmT5A2Tx2S6f1iWZxBRwhx-53bBZxWPxPeGb1LfbYY5cy-7JKwGVq6QiwBxKXlX1Dbbyy6ABAvyWSKj3S4-_UE2158IvN1OLgJ8Aa79t5Ly7Kqsphnl20hI6RCa8QU_yI0EPLY8q'}
2017-02-21 23:33:40 INFO: COMMIT
2017-02-21 23:33:40 DEBUG: [{'login_platform': 'google', 'user_id': 'cpg0504@gmail.com', 'caldav_homeset': None, 'is_active': 1, 'create_datetime': '2017-02-21 23:15:47', 'access_token': 'ya29.GmT5A2Tx2S6f1iWZxBRwhx-53bBZxWPxPeGb1LfbYY5cy-7JKwGVq6QiwBxKXlX1Dbbyy6ABAvyWSKj3S4-_UE2158IvN1OLgJ8Aa79t5Ly7Kqsphnl20hI6RCa8QU_yI0EPLY8q', 'user_hashkey': '5f023d3fb1a18e4b130d763394fd05e369646c307f70b536e0b10822', 'google_expire_time': '2017-02-22 00:12:29', 'refresh_token': None, 'subject': '100309767722512756707', 'account_hashkey': '121b24aa0f5d4272db80dcd9052742dc4aa14af68373a9a5a62ad82f'}]
2017-02-21 23:33:40 INFO: valid date
2017-02-21 23:33:40 DEBUG: newacces=>None
2017-02-21 23:33:40 INFO: Starting new HTTPS connection (1): www.googleapis.com
2017-02-21 23:33:41 DEBUG: "GET /calendar/v3/calendars/cpg0504%40gmail.com/events?maxResults=10&pageToken=CigKGmViODJpa20za2w2OTZ0dDE2bWJzOW1zZnFrGAEggICAreOnptIVGg0IABIAGJiB_vnpntIC HTTP/1.1" 200 7690
2017-02-21 23:33:41 DEBUG: ress=>{'updated': '2017-02-20T13:55:54.447Z', 'timeZone': 'Asia/Seoul', 'items': [{'htmlLink': 'https://www.google.com/calendar/event?eid=MzV1Z2k0MmRnYnU4b2g5OWJvMm90M2lvOG8gY3BnMDUwNEBt', 'updated': '2017-02-17T00:58:51.209Z', 'organizer': {'email': 'cpg0504@gmail.com', 'displayName': 'Choi yenos', 'self': True}, 'status': 'confirmed', 'kind': 'calendar#event', 'sequence': 0, 'start': {'dateTime': '2017-02-17T14:00:00+09:00'}, 'creator': {'email': 'cpg0504@gmail.com', 'displayName': 'Choi yenos', 'self': True}, 'end': {'dateTime': '2017-02-17T15:00:00+09:00'}, 'iCalUID': '35ugi42dgbu8oh99bo2ot3io8o@google.com', 'summary': 'test001', 'reminders': {'useDefault': True}, 'id': '35ugi42dgbu8oh99bo2ot3io8o', 'created': '2017-02-17T00:58:51.000Z', 'etag': '"2974586262418000"'}, {'htmlLink': 'https://www.google.com/calendar/event?eid=MXRzN2RvYTU5Y2FidmR0ZmQwYzZkdWNkdGcgY3BnMDUwNEBt', 'updated': '2017-02-17T01:00:17.759Z', 'organizer': {'email': 'cpg0504@gmail.com', 'displayName': 'Choi yenos', 'self': True}, 'status': 'confirmed', 'kind': 'calendar#event', 'sequence': 0, 'start': {'dateTime': '2017-02-17T16:00:00+09:00'}, 'creator': {'email': 'cpg0504@gmail.com', 'displayName': 'Choi yenos', 'self': True}, 'end': {'dateTime': '2017-02-17T17:00:00+09:00'}, 'iCalUID': '1ts7doa59cabvdtfd0c6ducdtg@google.com', 'summary': 'nice', 'reminders': {'useDefault': True}, 'id': '1ts7doa59cabvdtfd0c6ducdtg', 'created': '2017-02-17T01:00:17.000Z', 'etag': '"2974586435518000"'}, {'htmlLink': 'https://www.google.com/calendar/event?eid=czFkY3E5YzZoZG0zODRldmJiMjd1ZzhxaDggY3BnMDUwNEBt', 'updated': '2017-02-17T01:00:35.825Z', 'organizer': {'email': 'cpg0504@gmail.com', 'displayName': 'Choi yenos', 'self': True}, 'status': 'confirmed', 'kind': 'calendar#event', 'sequence': 0, 'start': {'dateTime': '2017-02-17T17:30:00+09:00'}, 'creator': {'email': 'cpg0504@gmail.com', 'displayName': 'Choi yenos', 'self': True}, 'end': {'dateTime': '2017-02-17T18:30:00+09:00'}, 'iCalUID': 's1dcq9c6hdm384evbb27ug8qh8@google.com', 'summary': 'ggg', 'reminders': {'useDefault': True}, 'id': 's1dcq9c6hdm384evbb27ug8qh8', 'created': '2017-02-17T01:00:35.000Z', 'etag': '"2974586471650000"'}, {'htmlLink': 'https://www.google.com/calendar/event?eid=NmY0Z250ZTM5ZmFoNHZ1cDdrb2g3amI4N3MgY3BnMDUwNEBt', 'updated': '2017-02-17T01:01:50.936Z', 'organizer': {'email': 'cpg0504@gmail.com', 'displayName': 'Choi yenos', 'self': True}, 'status': 'confirmed', 'kind': 'calendar#event', 'sequence': 0, 'start': {'dateTime': '2017-02-17T18:30:00+09:00'}, 'creator': {'email': 'cpg0504@gmail.com', 'displayName': 'Choi yenos', 'self': True}, 'end': {'dateTime': '2017-02-17T19:30:00+09:00'}, 'iCalUID': '6f4gnte39fah4vup7koh7jb87s@google.com', 'summary': 'testtt', 'reminders': {'useDefault': True}, 'id': '6f4gnte39fah4vup7koh7jb87s', 'created': '2017-02-17T01:01:50.000Z', 'etag': '"2974586621872000"'}, {'htmlLink': 'https://www.google.com/calendar/event?eid=aHRjbWcyZ3Y2ODZwNjNxcWc1cXViNXZ1azQgY3BnMDUwNEBt', 'updated': '2017-02-17T01:03:08.892Z', 'organizer': {'email': 'cpg0504@gmail.com', 'displayName': 'Choi yenos', 'self': True}, 'status': 'confirmed', 'kind': 'calendar#event', 'sequence': 0, 'start': {'dateTime': '2017-02-17T09:00:00+09:00'}, 'creator': {'email': 'cpg0504@gmail.com', 'displayName': 'Choi yenos', 'self': True}, 'end': {'dateTime': '2017-02-17T10:00:00+09:00'}, 'iCalUID': 'htcmg2gv686p63qqg5qub5vuk4@google.com', 'summary': 'adding01', 'reminders': {'useDefault': True}, 'id': 'htcmg2gv686p63qqg5qub5vuk4', 'created': '2017-02-17T01:03:08.000Z', 'etag': '"2974586777784000"'}, {'htmlLink': 'https://www.google.com/calendar/event?eid=azVnOG5jZ3ExOTBocnJscmt1MXBpMmowbW8gY3BnMDUwNEBt', 'updated': '2017-02-17T02:24:48.768Z', 'organizer': {'email': 'cpg0504@gmail.com', 'displayName': 'Choi yenos', 'self': True}, 'status': 'confirmed', 'reminders': {'useDefault': False}, 'kind': 'calendar#event', 'sequence': 0, 'start': {'date': '2017-02-18'}, 'creator': {'email': 'cpg0504@gmail.com', 'displayName': 'Choi yenos', 'self': True}, 'end': {'date': '2017-02-19'}, 'iCalUID': 'k5g8ncgq190hrrlrku1pi2j0mo@google.com', 'summary': 'tegg', 'transparency': 'transparent', 'id': 'k5g8ncgq190hrrlrku1pi2j0mo', 'created': '2017-02-17T02:24:48.000Z', 'etag': '"2974596577536000"'}, {'htmlLink': 'https://www.google.com/calendar/event?eid=bDF2cmU3bTVubjJkNzE5dms1bmtwdXBhdDQgY3BnMDUwNEBt', 'updated': '2017-02-17T02:25:21.637Z', 'organizer': {'email': 'cpg0504@gmail.com', 'displayName': 'Choi yenos', 'self': True}, 'status': 'confirmed', 'reminders': {'useDefault': False}, 'kind': 'calendar#event', 'sequence': 0, 'start': {'date': '2017-02-18'}, 'creator': {'email': 'cpg0504@gmail.com', 'displayName': 'Choi yenos', 'self': True}, 'end': {'date': '2017-02-19'}, 'iCalUID': 'l1vre7m5nn2d719vk5nkpupat4@google.com', 'summary': 'bbb', 'transparency': 'transparent', 'id': 'l1vre7m5nn2d719vk5nkpupat4', 'created': '2017-02-17T02:25:21.000Z', 'etag': '"2974596643274000"'}, {'htmlLink': 'https://www.google.com/calendar/event?eid=cHJucTNhMzg5YmlzazlubjNhbmZzNmU3NmMgY3BnMDUwNEBt', 'updated': '2017-02-17T08:56:37.921Z', 'organizer': {'email': 'cpg0504@gmail.com', 'displayName': 'Choi yenos', 'self': True}, 'status': 'confirmed', 'kind': 'calendar#event', 'sequence': 0, 'start': {'dateTime': '2017-02-17T19:30:00+09:00'}, 'creator': {'email': 'cpg0504@gmail.com', 'displayName': 'Choi yenos', 'self': True}, 'end': {'dateTime': '2017-02-17T20:30:00+09:00'}, 'iCalUID': 'prnq3a389bisk9nn3anfs6e76c@google.com', 'summary': 'ggg', 'reminders': {'useDefault': True}, 'id': 'prnq3a389bisk9nn3anfs6e76c', 'created': '2017-02-17T08:56:37.000Z', 'etag': '"2974643595842000"'}, {'htmlLink': 'https://www.google.com/calendar/event?eid=cmViaGYyMnM3YjllNXZub2p1M3RoMzY2bjAgY3BnMDUwNEBt', 'updated': '2017-02-17T09:03:13.204Z', 'organizer': {'email': 'cpg0504@gmail.com', 'displayName': 'Choi yenos', 'self': True}, 'status': 'confirmed', 'kind': 'calendar#event', 'sequence': 0, 'start': {'dateTime': '2017-02-18T07:30:00+09:00'}, 'creator': {'email': 'cpg0504@gmail.com', 'displayName': 'Choi yenos', 'self': True}, 'end': {'dateTime': '2017-02-18T08:30:00+09:00'}, 'iCalUID': 'rebhf22s7b9e5vnoju3th366n0@google.com', 'summary': '테스트01', 'reminders': {'useDefault': True}, 'id': 'rebhf22s7b9e5vnoju3th366n0', 'created': '2017-02-17T09:03:13.000Z', 'etag': '"2974644386408000"'}], 'summary': 'cpg0504@gmail.com', 'kind': 'calendar#events', 'accessRole': 'owner', 'nextPageToken': 'CigKGnJlYmhmMjJzN2I5ZTV2bm9qdTN0aDM2Nm4wGAEggICAmp2frdIVGg0IABIAGJiB_vnpntIC', 'defaultReminders': [{'minutes': 30, 'method': 'popup'}], 'etag': '"p32c83vnpt6fd40g"'}
2017-02-21 23:33:41 DEBUG: event_id=>35ugi42dgbu8oh99bo2ot3io8o
2017-02-21 23:33:41 INFO: INSERT INTO EVENT (event_hashkey,calendar_hashkey,event_id,summary,start_dt,end_dt,created_dt,updated_dt,location) VALUES (%(p0)s, %(p1)s, %(p2)s, %(p3)s, %(p4)s, %(p5)s, %(p6)s, %(p7)s, %(p8)s) 
2017-02-21 23:33:41 INFO: {'p7': '2017-02-17T00:58:51.209', 'p1': 'bfe3480c04d79caba89bfd815c45d15448d4b8b37ab5ddd379452e18', 'p0': 'c7535a867a21136d7108cd62be939ee1eaa129b5d9efd54fde62f2a5', 'p8': 'noLocation', 'p3': 'test001', 'p6': '2017-02-17T00:58:51.000', 'p4': '2017-02-17T14:00:00', 'p5': '2017-02-17T15:00:00', 'p2': '35ugi42dgbu8oh99bo2ot3io8o'}
2017-02-21 23:33:41 INFO: COMMIT
2017-02-21 23:33:41 DEBUG: event_id=>1ts7doa59cabvdtfd0c6ducdtg
2017-02-21 23:33:41 INFO: INSERT INTO EVENT (event_hashkey,calendar_hashkey,event_id,summary,start_dt,end_dt,created_dt,updated_dt,location) VALUES (%(p0)s, %(p1)s, %(p2)s, %(p3)s, %(p4)s, %(p5)s, %(p6)s, %(p7)s, %(p8)s) 
2017-02-21 23:33:41 INFO: {'p3': 'nice', 'p1': 'bfe3480c04d79caba89bfd815c45d15448d4b8b37ab5ddd379452e18', 'p4': '2017-02-17T16:00:00', 'p5': '2017-02-17T17:00:00', 'p7': '2017-02-17T01:00:17.759', 'p6': '2017-02-17T01:00:17.000', 'p0': 'aa862ae194a8fd3a3e868fae8925b9b169b4ab91bde1b692427030d2', 'p8': 'noLocation', 'p2': '1ts7doa59cabvdtfd0c6ducdtg'}
2017-02-21 23:33:41 INFO: COMMIT
2017-02-21 23:33:41 DEBUG: event_id=>s1dcq9c6hdm384evbb27ug8qh8
2017-02-21 23:33:41 INFO: INSERT INTO EVENT (event_hashkey,calendar_hashkey,event_id,summary,start_dt,end_dt,created_dt,updated_dt,location) VALUES (%(p0)s, %(p1)s, %(p2)s, %(p3)s, %(p4)s, %(p5)s, %(p6)s, %(p7)s, %(p8)s) 
2017-02-21 23:33:41 INFO: {'p7': '2017-02-17T01:00:35.825', 'p3': 'ggg', 'p0': '425c239b98558b3b51a794da32935fc5b6aedb6384e581cd503aa6ba', 'p8': 'noLocation', 'p6': '2017-02-17T01:00:35.000', 'p4': '2017-02-17T17:30:00', 'p1': 'bfe3480c04d79caba89bfd815c45d15448d4b8b37ab5ddd379452e18', 'p5': '2017-02-17T18:30:00', 'p2': 's1dcq9c6hdm384evbb27ug8qh8'}
2017-02-21 23:33:41 INFO: COMMIT
2017-02-21 23:33:41 DEBUG: event_id=>6f4gnte39fah4vup7koh7jb87s
2017-02-21 23:33:41 INFO: INSERT INTO EVENT (event_hashkey,calendar_hashkey,event_id,summary,start_dt,end_dt,created_dt,updated_dt,location) VALUES (%(p0)s, %(p1)s, %(p2)s, %(p3)s, %(p4)s, %(p5)s, %(p6)s, %(p7)s, %(p8)s) 
2017-02-21 23:33:41 INFO: {'p1': 'bfe3480c04d79caba89bfd815c45d15448d4b8b37ab5ddd379452e18', 'p7': '2017-02-17T01:01:50.936', 'p4': '2017-02-17T18:30:00', 'p8': 'noLocation', 'p3': 'testtt', 'p6': '2017-02-17T01:01:50.000', 'p0': 'fbc9f1e2d15a72512181968d493660efe9261c463b58c86e11d663ac', 'p5': '2017-02-17T19:30:00', 'p2': '6f4gnte39fah4vup7koh7jb87s'}
2017-02-21 23:33:41 INFO: COMMIT
2017-02-21 23:33:41 DEBUG: event_id=>htcmg2gv686p63qqg5qub5vuk4
2017-02-21 23:33:41 INFO: INSERT INTO EVENT (event_hashkey,calendar_hashkey,event_id,summary,start_dt,end_dt,created_dt,updated_dt,location) VALUES (%(p0)s, %(p1)s, %(p2)s, %(p3)s, %(p4)s, %(p5)s, %(p6)s, %(p7)s, %(p8)s) 
2017-02-21 23:33:41 INFO: {'p7': '2017-02-17T01:03:08.892', 'p1': 'bfe3480c04d79caba89bfd815c45d15448d4b8b37ab5ddd379452e18', 'p4': '2017-02-17T09:00:00', 'p8': 'noLocation', 'p3': 'adding01', 'p6': '2017-02-17T01:03:08.000', 'p0': '86311629d0319f8334ac2c022f4b3ea8ff4731e6e8f61d731c2650a6', 'p5': '2017-02-17T10:00:00', 'p2': 'htcmg2gv686p63qqg5qub5vuk4'}
2017-02-21 23:33:41 INFO: COMMIT
2017-02-21 23:33:41 DEBUG: event_id=>k5g8ncgq190hrrlrku1pi2j0mo
2017-02-21 23:33:41 INFO: INSERT INTO EVENT (event_hashkey,calendar_hashkey,event_id,summary,start_dt,end_dt,created_dt,updated_dt,location) VALUES (%(p0)s, %(p1)s, %(p2)s, %(p3)s, %(p4)s, %(p5)s, %(p6)s, %(p7)s, %(p8)s) 
2017-02-21 23:33:41 INFO: {'p1': 'bfe3480c04d79caba89bfd815c45d15448d4b8b37ab5ddd379452e18', 'p7': '2017-02-17T02:24:48.768', 'p4': '2017-02-18', 'p8': 'noLocation', 'p3': 'tegg', 'p6': '2017-02-17T02:24:48.000', 'p0': '43a66fe06353af8af7453a2270a430cca5bd6260b21289a8ce16e68a', 'p5': '2017-02-19', 'p2': 'k5g8ncgq190hrrlrku1pi2j0mo'}
2017-02-21 23:33:41 INFO: COMMIT
2017-02-21 23:33:41 DEBUG: event_id=>l1vre7m5nn2d719vk5nkpupat4
2017-02-21 23:33:41 INFO: INSERT INTO EVENT (event_hashkey,calendar_hashkey,event_id,summary,start_dt,end_dt,created_dt,updated_dt,location) VALUES (%(p0)s, %(p1)s, %(p2)s, %(p3)s, %(p4)s, %(p5)s, %(p6)s, %(p7)s, %(p8)s) 
2017-02-21 23:33:41 INFO: {'p3': 'bbb', 'p7': '2017-02-17T02:25:21.637', 'p4': '2017-02-18', 'p1': 'bfe3480c04d79caba89bfd815c45d15448d4b8b37ab5ddd379452e18', 'p8': 'noLocation', 'p6': '2017-02-17T02:25:21.000', 'p0': '6bb0660da4ab467dc79b7de9ec3684e4bfa1d897664d783161ac483c', 'p5': '2017-02-19', 'p2': 'l1vre7m5nn2d719vk5nkpupat4'}
2017-02-21 23:33:41 INFO: COMMIT
2017-02-21 23:33:41 DEBUG: event_id=>prnq3a389bisk9nn3anfs6e76c
2017-02-21 23:33:41 INFO: INSERT INTO EVENT (event_hashkey,calendar_hashkey,event_id,summary,start_dt,end_dt,created_dt,updated_dt,location) VALUES (%(p0)s, %(p1)s, %(p2)s, %(p3)s, %(p4)s, %(p5)s, %(p6)s, %(p7)s, %(p8)s) 
2017-02-21 23:33:41 INFO: {'p3': 'ggg', 'p7': '2017-02-17T08:56:37.921', 'p4': '2017-02-17T19:30:00', 'p1': 'bfe3480c04d79caba89bfd815c45d15448d4b8b37ab5ddd379452e18', 'p8': 'noLocation', 'p6': '2017-02-17T08:56:37.000', 'p0': '038e4b36e963a0a90ed5294ba075772ff48d02e8c47839ae9438f65e', 'p5': '2017-02-17T20:30:00', 'p2': 'prnq3a389bisk9nn3anfs6e76c'}
2017-02-21 23:33:41 INFO: COMMIT
2017-02-21 23:33:41 DEBUG: event_id=>rebhf22s7b9e5vnoju3th366n0
2017-02-21 23:33:41 INFO: INSERT INTO EVENT (event_hashkey,calendar_hashkey,event_id,summary,start_dt,end_dt,created_dt,updated_dt,location) VALUES (%(p0)s, %(p1)s, %(p2)s, %(p3)s, %(p4)s, %(p5)s, %(p6)s, %(p7)s, %(p8)s) 
2017-02-21 23:33:41 INFO: {'p3': '테스트01', 'p1': 'bfe3480c04d79caba89bfd815c45d15448d4b8b37ab5ddd379452e18', 'p4': '2017-02-18T07:30:00', 'p7': '2017-02-17T09:03:13.204', 'p6': '2017-02-17T09:03:13.000', 'p8': 'noLocation', 'p0': '102e6a090c7ae2e0e25f4fa01f4882f47c5f5c323af04217c4c6a09a', 'p5': '2017-02-18T08:30:00', 'p2': 'rebhf22s7b9e5vnoju3th366n0'}
2017-02-21 23:33:41 INFO: COMMIT
2017-02-21 23:33:41 INFO: checkValidAccesToken
2017-02-21 23:33:41 INFO: SELECT * FROM USERACCOUNT WHERE access_token = %(p0)s 
2017-02-21 23:33:41 INFO: {'p0': 'ya29.GmT5A2Tx2S6f1iWZxBRwhx-53bBZxWPxPeGb1LfbYY5cy-7JKwGVq6QiwBxKXlX1Dbbyy6ABAvyWSKj3S4-_UE2158IvN1OLgJ8Aa79t5Ly7Kqsphnl20hI6RCa8QU_yI0EPLY8q'}
2017-02-21 23:33:41 INFO: COMMIT
2017-02-21 23:33:41 DEBUG: [{'login_platform': 'google', 'user_id': 'cpg0504@gmail.com', 'caldav_homeset': None, 'is_active': 1, 'create_datetime': '2017-02-21 23:15:47', 'access_token': 'ya29.GmT5A2Tx2S6f1iWZxBRwhx-53bBZxWPxPeGb1LfbYY5cy-7JKwGVq6QiwBxKXlX1Dbbyy6ABAvyWSKj3S4-_UE2158IvN1OLgJ8Aa79t5Ly7Kqsphnl20hI6RCa8QU_yI0EPLY8q', 'user_hashkey': '5f023d3fb1a18e4b130d763394fd05e369646c307f70b536e0b10822', 'google_expire_time': '2017-02-22 00:12:29', 'refresh_token': None, 'subject': '100309767722512756707', 'account_hashkey': '121b24aa0f5d4272db80dcd9052742dc4aa14af68373a9a5a62ad82f'}]
2017-02-21 23:33:41 INFO: valid date
2017-02-21 23:33:41 DEBUG: newacces=>None
2017-02-21 23:33:41 INFO: Starting new HTTPS connection (1): www.googleapis.com
2017-02-21 23:33:41 INFO: watch
2017-02-21 23:33:41 INFO: X-Goog-Resource-State: sync
User-Agent: APIs-Google; (+https://developers.google.com/webmasters/APIs-Google.html)
Connection: Keep-alive
Content-Type: 
X-Goog-Channel-Expiration: Tue, 28 Feb 2017 14:33:35 GMT
Content-Length: 0
Accept-Encoding: gzip,deflate,br
Host: ssoma.xyz:55566
X-Goog-Message-Number: 1
X-Goog-Channel-Id: 23a1221e27c0c8f1657025682facac34b39ac37eae18c5149ce208c3
Accept: */*
X-Goog-Resource-Id: ZzM7FdYxboLGRZbXRm-zz-fQSsI
X-Goog-Resource-Uri: https://www.googleapis.com/calendar/v3/calendars/6bku0pgm84k5h5a4bcoahntp78@group.calendar.google.com/events?maxResults=250&alt=json


2017-02-21 23:33:41 INFO: SELECT access_token,CALENDAR.account_hashkey from CALENDAR INNER JOIN USERACCOUNT on CALENDAR.account_hashkey = USERACCOUNT.account_hashkey WHERE CALENDAR.google_channel_id = %(p0)s
2017-02-21 23:33:41 INFO: {'p0': '23a1221e27c0c8f1657025682facac34b39ac37eae18c5149ce208c3'}
2017-02-21 23:33:41 INFO: COMMIT
2017-02-21 23:33:41 INFO: SELECT * FROM CALENDAR WHERE google_channel_id = %(p0)s
2017-02-21 23:33:41 INFO: {'p0': '23a1221e27c0c8f1657025682facac34b39ac37eae18c5149ce208c3'}
2017-02-21 23:33:41 INFO: COMMIT
2017-02-21 23:33:41 DEBUG: calender id =>[{'caldav_calendar_url': None, 'caldav_ctag': None, 'calendar_name': '유니톤', 'google_synctoken': None, 'calendar_hashkey': '0a56cd9e3d78e1cc095c2db10203c546e76e48aabd6752e867abe954', 'calendar_id': '6bku0pgm84k5h5a4bcoahntp78@group.calendar.google.com', 'google_channel_id': '23a1221e27c0c8f1657025682facac34b39ac37eae18c5149ce208c3', 'google_push_complete': 0, 'account_hashkey': '121b24aa0f5d4272db80dcd9052742dc4aa14af68373a9a5a62ad82f'}]
2017-02-21 23:33:41 INFO: UPDATE CALENDAR SET google_push_complete = 1 WHERE google_channel_id = %(p0)s
2017-02-21 23:33:41 INFO: {'p0': '23a1221e27c0c8f1657025682facac34b39ac37eae18c5149ce208c3'}
2017-02-21 23:33:41 INFO: COMMIT
2017-02-21 23:33:41 INFO: checkValidAccesToken
2017-02-21 23:33:41 INFO: SELECT * FROM USERACCOUNT WHERE access_token = %(p0)s 
2017-02-21 23:33:41 INFO: {'p0': 'ya29.GmT5A2Tx2S6f1iWZxBRwhx-53bBZxWPxPeGb1LfbYY5cy-7JKwGVq6QiwBxKXlX1Dbbyy6ABAvyWSKj3S4-_UE2158IvN1OLgJ8Aa79t5Ly7Kqsphnl20hI6RCa8QU_yI0EPLY8q'}
2017-02-21 23:33:41 INFO: COMMIT
2017-02-21 23:33:41 DEBUG: [{'login_platform': 'google', 'user_id': 'cpg0504@gmail.com', 'caldav_homeset': None, 'is_active': 1, 'create_datetime': '2017-02-21 23:15:47', 'access_token': 'ya29.GmT5A2Tx2S6f1iWZxBRwhx-53bBZxWPxPeGb1LfbYY5cy-7JKwGVq6QiwBxKXlX1Dbbyy6ABAvyWSKj3S4-_UE2158IvN1OLgJ8Aa79t5Ly7Kqsphnl20hI6RCa8QU_yI0EPLY8q', 'user_hashkey': '5f023d3fb1a18e4b130d763394fd05e369646c307f70b536e0b10822', 'google_expire_time': '2017-02-22 00:12:29', 'refresh_token': None, 'subject': '100309767722512756707', 'account_hashkey': '121b24aa0f5d4272db80dcd9052742dc4aa14af68373a9a5a62ad82f'}]
2017-02-21 23:33:41 INFO: valid date
2017-02-21 23:33:41 DEBUG: newacces=>None
2017-02-21 23:33:41 INFO: Starting new HTTPS connection (1): www.googleapis.com
2017-02-21 23:33:41 DEBUG: "GET /calendar/v3/calendars/6bku0pgm84k5h5a4bcoahntp78%40group.calendar.google.com/events?maxResults=10 HTTP/1.1" 200 5690
2017-02-21 23:33:41 DEBUG: ress=>{'updated': '2017-02-09T20:14:37.295Z', 'timeZone': 'Asia/Seoul', 'items': [{'htmlLink': 'https://www.google.com/calendar/event?eid=ZXZnaTgzdGM1ODE4a3NxN2o2OWNnMGY1cmcgNmJrdTBwZ204NGs1aDVhNGJjb2FobnRwNzhAZw', 'updated': '2016-01-19T12:19:04.488Z', 'organizer': {'email': '6bku0pgm84k5h5a4bcoahntp78@group.calendar.google.com', 'displayName': '유니톤', 'self': True}, 'status': 'confirmed', 'kind': 'calendar#event', 'sequence': 0, 'start': {'date': '2016-01-18'}, 'creator': {'email': 'lpic0406@gmail.com', 'displayName': 'sunmin lee'}, 'end': {'date': '2016-01-22'}, 'iCalUID': 'evgi83tc5818ksq7j69cg0f5rg@google.com', 'summary': '[디자인] 로고', 'reminders': {'useDefault': True}, 'id': 'evgi83tc5818ksq7j69cg0f5rg', 'created': '2016-01-19T12:14:54.000Z', 'colorId': '7', 'etag': '"2906411888976000"'}, {'htmlLink': 'https://www.google.com/calendar/event?eid=cXZjaW9tdXNlbzk0NXU5ZjBjcmtxbmh0cTQgNmJrdTBwZ204NGs1aDVhNGJjb2FobnRwNzhAZw', 'updated': '2016-01-20T23:50:49.036Z', 'organizer': {'email': '6bku0pgm84k5h5a4bcoahntp78@group.calendar.google.com', 'displayName': '유니톤', 'self': True}, 'status': 'confirmed', 'reminders': {'useDefault': True}, 'kind': 'calendar#event', 'sequence': 0, 'start': {'date': '2016-01-21'}, 'creator': {'email': 'lpic0406@gmail.com', 'displayName': 'sunmin lee'}, 'end': {'date': '2016-01-25'}, 'iCalUID': 'qvciomuseo945u9f0crkqnhtq4@google.com', 'summary': '[디자인] 포스터/웹페이지', 'transparency': 'transparent', 'id': 'qvciomuseo945u9f0crkqnhtq4', 'created': '2016-01-19T12:16:52.000Z', 'colorId': '7', 'etag': '"2906667698072000"'}, {'htmlLink': 'https://www.google.com/calendar/event?eid=bHI1aGw2OHE0aG9hYmpiMGNuaThmNWc3dDQgNmJrdTBwZ204NGs1aDVhNGJjb2FobnRwNzhAZw', 'updated': '2016-01-23T19:10:26.953Z', 'organizer': {'email': '6bku0pgm84k5h5a4bcoahntp78@group.calendar.google.com', 'displayName': '유니톤', 'self': True}, 'status': 'confirmed', 'reminders': {'useDefault': True}, 'kind': 'calendar#event', 'sequence': 0, 'start': {'date': '2016-01-24'}, 'creator': {'email': 'cpg0504@gmail.com', 'displayName': 'Choi yenos'}, 'end': {'date': '2016-01-25'}, 'iCalUID': 'lr5hl68q4hoabjb0cni8f5g7t4@google.com', 'summary': '[전체]지원서마무리', 'transparency': 'transparent', 'id': 'lr5hl68q4hoabjb0cni8f5g7t4', 'created': '2016-01-19T11:25:11.000Z', 'colorId': '4', 'etag': '"2907152453906000"'}, {'htmlLink': 'https://www.google.com/calendar/event?eid=cWhvZW01Zm05aDQzM2JrdG5wN3VwYWlmYjggNmJrdTBwZ204NGs1aDVhNGJjb2FobnRwNzhAZw', 'updated': '2016-01-24T17:24:42.792Z', 'organizer': {'email': '6bku0pgm84k5h5a4bcoahntp78@group.calendar.google.com', 'displayName': '유니톤', 'self': True}, 'status': 'confirmed', 'reminders': {'useDefault': True}, 'kind': 'calendar#event', 'sequence': 2, 'start': {'date': '2016-01-25'}, 'creator': {'email': 'cpg0504@gmail.com', 'displayName': 'Choi yenos'}, 'end': {'date': '2016-01-28'}, 'iCalUID': 'qhoem5fm9h433bktnp7upaifb8@google.com', 'summary': '[전체]동아리확인', 'transparency': 'transparent', 'id': 'qhoem5fm9h433bktnp7upaifb8', 'created': '2016-01-19T11:25:44.000Z', 'etag': '"2907312565584000"'}, {'htmlLink': 'https://www.google.com/calendar/event?eid=ZDA4M2FyNGY4b3JjZjJyOGE3NXY3aTIzMW8gNmJrdTBwZ204NGs1aDVhNGJjb2FobnRwNzhAZw', 'updated': '2016-01-25T17:22:22.754Z', 'organizer': {'email': '6bku0pgm84k5h5a4bcoahntp78@group.calendar.google.com', 'displayName': '유니톤', 'self': True}, 'status': 'confirmed', 'reminders': {'useDefault': True}, 'kind': 'calendar#event', 'sequence': 0, 'start': {'date': '2016-01-26'}, 'creator': {'email': 'cpg0504@gmail.com', 'displayName': 'Choi yenos'}, 'end': {'date': '2016-02-01'}, 'iCalUID': 'd083ar4f8orcf2r8a75v7i231o@google.com', 'summary': '[전체]참가접수', 'transparency': 'transparent', 'id': 'd083ar4f8orcf2r8a75v7i231o', 'created': '2016-01-19T11:27:14.000Z', 'colorId': '4', 'etag': '"2907485085508000"'}, {'htmlLink': 'https://www.google.com/calendar/event?eid=aG9hc25lcDg2anRya2YxbGY0Zmt1OXFxN2sgNmJrdTBwZ204NGs1aDVhNGJjb2FobnRwNzhAZw', 'updated': '2017-01-23T06:15:25.134Z', 'organizer': {'email': '6bku0pgm84k5h5a4bcoahntp78@group.calendar.google.com', 'displayName': '유니톤', 'self': True}, 'status': 'confirmed', 'kind': 'calendar#event', 'sequence': 0, 'start': {'dateTime': '2017-01-27T09:00:00+09:00'}, 'creator': {'email': 'cpg0504@gmail.com', 'displayName': 'Choi yenos'}, 'end': {'dateTime': '2017-01-27T10:00:00+09:00'}, 'iCalUID': 'hoasnep86jtrkf1lf4fku9qq7k@google.com', 'summary': 'a', 'reminders': {'useDefault': True}, 'id': 'hoasnep86jtrkf1lf4fku9qq7k', 'created': '2017-01-23T06:15:25.000Z', 'etag': '"2970304250268000"'}], 'nextSyncToken': 'CJiLhovqg9ICEJiLhovqg9ICGAU=', 'summary': '유니톤', 'kind': 'calendar#events', 'accessRole': 'owner', 'description': '유니톤행사를 위한 일정관리 캘린더입니다.\n각 파트별로 일정 기입해주시면 됩니다.\n근사한 파티를 벌여보자 구욧', 'defaultReminders': [], 'etag': '"p32c8n1kbta1t40g"'}
2017-02-21 23:33:41 DEBUG: event_id=>evgi83tc5818ksq7j69cg0f5rg
2017-02-21 23:33:41 INFO: INSERT INTO EVENT (event_hashkey,calendar_hashkey,event_id,summary,start_dt,end_dt,created_dt,updated_dt,location) VALUES (%(p0)s, %(p1)s, %(p2)s, %(p3)s, %(p4)s, %(p5)s, %(p6)s, %(p7)s, %(p8)s) 
2017-02-21 23:33:41 INFO: {'p7': '2016-01-19T12:19:04.488', 'p1': '0a56cd9e3d78e1cc095c2db10203c546e76e48aabd6752e867abe954', 'p0': 'e7038d74d66f743de9c2ad65aebf87b61f43e3db3540ed65cce9b98c', 'p8': 'noLocation', 'p3': '[디자인] 로고', 'p6': '2016-01-19T12:14:54.000', 'p4': '2016-01-18', 'p5': '2016-01-22', 'p2': 'evgi83tc5818ksq7j69cg0f5rg'}
2017-02-21 23:33:41 INFO: COMMIT
2017-02-21 23:33:41 DEBUG: event_id=>qvciomuseo945u9f0crkqnhtq4
2017-02-21 23:33:41 INFO: INSERT INTO EVENT (event_hashkey,calendar_hashkey,event_id,summary,start_dt,end_dt,created_dt,updated_dt,location) VALUES (%(p0)s, %(p1)s, %(p2)s, %(p3)s, %(p4)s, %(p5)s, %(p6)s, %(p7)s, %(p8)s) 
2017-02-21 23:33:41 INFO: {'p7': '2016-01-20T23:50:49.036', 'p3': '[디자인] 포스터/웹페이지', 'p0': 'bbb17f53fa1a10db6f691fda845b74354af7e0412bb581b85bc3d4f2', 'p8': 'noLocation', 'p6': '2016-01-19T12:16:52.000', 'p4': '2016-01-21', 'p1': '0a56cd9e3d78e1cc095c2db10203c546e76e48aabd6752e867abe954', 'p5': '2016-01-25', 'p2': 'qvciomuseo945u9f0crkqnhtq4'}
2017-02-21 23:33:41 INFO: COMMIT
2017-02-21 23:33:41 DEBUG: event_id=>lr5hl68q4hoabjb0cni8f5g7t4
2017-02-21 23:33:41 INFO: INSERT INTO EVENT (event_hashkey,calendar_hashkey,event_id,summary,start_dt,end_dt,created_dt,updated_dt,location) VALUES (%(p0)s, %(p1)s, %(p2)s, %(p3)s, %(p4)s, %(p5)s, %(p6)s, %(p7)s, %(p8)s) 
2017-02-21 23:33:41 INFO: {'p7': '2016-01-23T19:10:26.953', 'p3': '[전체]지원서마무리', 'p0': '93991703f331555aa63390634a02235c10949fa034f2010f54acb171', 'p1': '0a56cd9e3d78e1cc095c2db10203c546e76e48aabd6752e867abe954', 'p8': 'noLocation', 'p6': '2016-01-19T11:25:11.000', 'p4': '2016-01-24', 'p5': '2016-01-25', 'p2': 'lr5hl68q4hoabjb0cni8f5g7t4'}
2017-02-21 23:33:41 INFO: COMMIT
2017-02-21 23:33:42 DEBUG: event_id=>qhoem5fm9h433bktnp7upaifb8
2017-02-21 23:33:42 INFO: INSERT INTO EVENT (event_hashkey,calendar_hashkey,event_id,summary,start_dt,end_dt,created_dt,updated_dt,location) VALUES (%(p0)s, %(p1)s, %(p2)s, %(p3)s, %(p4)s, %(p5)s, %(p6)s, %(p7)s, %(p8)s) 
2017-02-21 23:33:42 INFO: {'p7': '2016-01-24T17:24:42.792', 'p3': '[전체]동아리확인', 'p4': '2016-01-25', 'p1': '0a56cd9e3d78e1cc095c2db10203c546e76e48aabd6752e867abe954', 'p8': 'noLocation', 'p6': '2016-01-19T11:25:44.000', 'p0': 'bb468323c2f35ca7063d990bb8f117dc7aad42f4eafb3e0c4ef9ba5c', 'p5': '2016-01-28', 'p2': 'qhoem5fm9h433bktnp7upaifb8'}
2017-02-21 23:33:42 INFO: COMMIT
2017-02-21 23:33:42 DEBUG: event_id=>d083ar4f8orcf2r8a75v7i231o
2017-02-21 23:33:42 INFO: INSERT INTO EVENT (event_hashkey,calendar_hashkey,event_id,summary,start_dt,end_dt,created_dt,updated_dt,location) VALUES (%(p0)s, %(p1)s, %(p2)s, %(p3)s, %(p4)s, %(p5)s, %(p6)s, %(p7)s, %(p8)s) 
2017-02-21 23:33:42 INFO: {'p7': '2016-01-25T17:22:22.754', 'p3': '[전체]참가접수', 'p4': '2016-01-26', 'p1': '0a56cd9e3d78e1cc095c2db10203c546e76e48aabd6752e867abe954', 'p8': 'noLocation', 'p6': '2016-01-19T11:27:14.000', 'p0': '2489372524619b9a3cc3084728c76d8639bbd63ab3b2d610b2154f84', 'p5': '2016-02-01', 'p2': 'd083ar4f8orcf2r8a75v7i231o'}
2017-02-21 23:33:42 INFO: COMMIT
2017-02-21 23:33:42 DEBUG: event_id=>hoasnep86jtrkf1lf4fku9qq7k
2017-02-21 23:33:42 INFO: INSERT INTO EVENT (event_hashkey,calendar_hashkey,event_id,summary,start_dt,end_dt,created_dt,updated_dt,location) VALUES (%(p0)s, %(p1)s, %(p2)s, %(p3)s, %(p4)s, %(p5)s, %(p6)s, %(p7)s, %(p8)s) 
2017-02-21 23:33:42 INFO: {'p1': '0a56cd9e3d78e1cc095c2db10203c546e76e48aabd6752e867abe954', 'p7': '2017-01-23T06:15:25.134', 'p0': 'bce66b9069f27730a162e53644f84e1bec98002e48e5ad4f6d612234', 'p8': 'noLocation', 'p3': 'a', 'p6': '2017-01-23T06:15:25.000', 'p4': '2017-01-27T09:00:00', 'p5': '2017-01-27T10:00:00', 'p2': 'hoasnep86jtrkf1lf4fku9qq7k'}
2017-02-21 23:33:42 INFO: COMMIT
2017-02-21 23:33:42 DEBUG: sync==>CJiLhovqg9ICEJiLhovqg9ICGAU=
2017-02-21 23:33:42 INFO: INSERT INTO SYNC (calendar_hashkey,sync_token,ctime) VALUES (%(p0)s, %(p1)s, now()) 
2017-02-21 23:33:42 INFO: {'p1': 'CJiLhovqg9ICEJiLhovqg9ICGAU=', 'p0': '0a56cd9e3d78e1cc095c2db10203c546e76e48aabd6752e867abe954'}
2017-02-21 23:33:42 INFO: COMMIT
2017-02-21 23:33:42 INFO: UPDATE CALENDAR SET google_push_complete = 2 WHERE google_channel_id = %(p0)s
2017-02-21 23:33:42 INFO: {'p0': '23a1221e27c0c8f1657025682facac34b39ac37eae18c5149ce208c3'}
2017-02-21 23:33:42 INFO: COMMIT
2017-02-21 23:33:42 INFO: SELECT * from CALENDAR where account_hashkey = %(p0)s AND google_push_complete > 0
2017-02-21 23:33:42 INFO: {'p0': '121b24aa0f5d4272db80dcd9052742dc4aa14af68373a9a5a62ad82f'}
2017-02-21 23:33:42 INFO: COMMIT
2017-02-21 23:33:42 DEBUG: calendarSync =>2
2017-02-21 23:33:42 DEBUG: calendarSync =>[{'caldav_calendar_url': None, 'caldav_ctag': None, 'calendar_name': '유니톤', 'google_synctoken': None, 'calendar_hashkey': '0a56cd9e3d78e1cc095c2db10203c546e76e48aabd6752e867abe954', 'calendar_id': '6bku0pgm84k5h5a4bcoahntp78@group.calendar.google.com', 'google_channel_id': '23a1221e27c0c8f1657025682facac34b39ac37eae18c5149ce208c3', 'google_push_complete': 2, 'account_hashkey': '121b24aa0f5d4272db80dcd9052742dc4aa14af68373a9a5a62ad82f'}, {'caldav_calendar_url': None, 'caldav_ctag': None, 'calendar_name': 'cpg0504@gmail.com', 'google_synctoken': None, 'calendar_hashkey': 'bfe3480c04d79caba89bfd815c45d15448d4b8b37ab5ddd379452e18', 'calendar_id': 'cpg0504@gmail.com', 'google_channel_id': '8f35472148545fa4ab42ff13f4f04bf506f0489d46656d19bb1e7724', 'google_push_complete': 1, 'account_hashkey': '121b24aa0f5d4272db80dcd9052742dc4aa14af68373a9a5a62ad82f'}]
2017-02-21 23:33:42 INFO: sync fail
2017-02-21 23:33:42 INFO: 66.249.85.156 - - [21/Feb/2017 23:33:42] "POST /v1.0/sync/watchReciver HTTP/1.1" 200 -
2017-02-21 23:33:42 DEBUG: "GET /calendar/v3/calendars/cpg0504%40gmail.com/events?maxResults=10&pageToken=CigKGnJlYmhmMjJzN2I5ZTV2bm9qdTN0aDM2Nm4wGAEggICAmp2frdIVGg0IABIAGJiB_vnpntIC HTTP/1.1" 200 4711
2017-02-21 23:33:42 DEBUG: ress=>{'updated': '2017-02-20T13:55:54.447Z', 'timeZone': 'Asia/Seoul', 'items': [{'htmlLink': 'https://www.google.com/calendar/event?eid=aXQxbGhrMG0wYXE1dmlvcThlMm83aTU3dnMgY3BnMDUwNEBt', 'updated': '2017-02-17T09:10:05.878Z', 'organizer': {'email': 'cpg0504@gmail.com', 'displayName': 'Choi yenos', 'self': True}, 'status': 'confirmed', 'kind': 'calendar#event', 'sequence': 0, 'start': {'dateTime': '2017-02-18T09:30:00+09:00'}, 'creator': {'email': 'cpg0504@gmail.com', 'displayName': 'Choi yenos', 'self': True}, 'end': {'dateTime': '2017-02-18T10:30:00+09:00'}, 'iCalUID': 'it1lhk0m0aq5vioq8e2o7i57vs@google.com', 'summary': 'gggggtest', 'reminders': {'useDefault': True}, 'id': 'it1lhk0m0aq5vioq8e2o7i57vs', 'created': '2017-02-17T09:10:05.000Z', 'etag': '"2974645211756000"'}, {'htmlLink': 'https://www.google.com/calendar/event?eid=MWEzcThnNjQ5MGowaWU1ZHAybW9yMXYyNnMgY3BnMDUwNEBt', 'updated': '2017-02-17T09:15:12.187Z', 'organizer': {'email': 'cpg0504@gmail.com', 'displayName': 'Choi yenos', 'self': True}, 'status': 'confirmed', 'kind': 'calendar#event', 'sequence': 0, 'start': {'dateTime': '2017-02-18T11:30:00+09:00'}, 'creator': {'email': 'cpg0504@gmail.com', 'displayName': 'Choi yenos', 'self': True}, 'end': {'dateTime': '2017-02-18T12:30:00+09:00'}, 'iCalUID': '1a3q8g6490j0ie5dp2mor1v26s@google.com', 'summary': 'gggfe', 'reminders': {'useDefault': True}, 'id': '1a3q8g6490j0ie5dp2mor1v26s', 'created': '2017-02-17T09:15:00.000Z', 'etag': '"2974645824374000"'}, {'htmlLink': 'https://www.google.com/calendar/event?eid=NmFmYjJwazBubWhldjhlcnAwdTFkZXJma2sgY3BnMDUwNEBt', 'updated': '2017-02-17T09:16:52.962Z', 'organizer': {'email': 'cpg0504@gmail.com', 'displayName': 'Choi yenos', 'self': True}, 'status': 'confirmed', 'kind': 'calendar#event', 'sequence': 0, 'start': {'dateTime': '2017-02-18T13:00:00+09:00'}, 'creator': {'email': 'cpg0504@gmail.com', 'displayName': 'Choi yenos', 'self': True}, 'end': {'dateTime': '2017-02-18T14:00:00+09:00'}, 'iCalUID': '6afb2pk0nmhev8erp0u1derfkk@google.com', 'summary': 'dd', 'reminders': {'useDefault': True}, 'id': '6afb2pk0nmhev8erp0u1derfkk', 'created': '2017-02-17T09:16:52.000Z', 'etag': '"2974646025924000"'}, {'htmlLink': 'https://www.google.com/calendar/event?eid=NHZlbzM2dDBvbnFvcGY3bGZobWJxdTZoN2NfMjAxNzAzMDNUMDEwMDAwWiBjcGcwNTA0QG0', 'updated': '2017-02-20T13:55:54.267Z', 'organizer': {'email': 'cpg0504@gmail.com', 'displayName': 'Choi yenos', 'self': True}, 'status': 'confirmed', 'reminders': {'useDefault': True}, 'kind': 'calendar#event', 'sequence': 3, 'start': {'dateTime': '2017-03-03T10:00:00+09:00'}, 'creator': {'email': 'cpg0504@gmail.com', 'displayName': 'Choi yenos', 'self': True}, 'end': {'dateTime': '2017-03-03T11:30:00+09:00'}, 'iCalUID': '4veo36t0onqopf7lfhmbqu6h7c@google.com', 'summary': '윤성이형네', 'recurringEventId': '4veo36t0onqopf7lfhmbqu6h7c', 'originalStartTime': {'dateTime': '2017-03-03T10:00:00+09:00'}, 'id': '4veo36t0onqopf7lfhmbqu6h7c_20170303T010000Z', 'created': '2017-02-10T06:32:26.000Z', 'etag': '"2975197908534000"'}, {'htmlLink': 'https://www.google.com/calendar/event?eid=dThwaGQxc2x2ZHJqMWpkczk2NWgyNXVqZDRfMjAxNzAxMzFUMjIzMDAwWiBjcGcwNTA0QG0', 'updated': '2017-02-07T16:08:22.403Z', 'organizer': {'email': 'cpg0504@gmail.com', 'displayName': 'Choi yenos', 'self': True}, 'status': 'confirmed', 'reminders': {'useDefault': False}, 'kind': 'calendar#event', 'sequence': 2, 'start': {'date': '2017-02-01'}, 'creator': {'email': 'cpg0504@gmail.com', 'displayName': 'Choi yenos', 'self': True}, 'end': {'date': '2017-02-02'}, 'iCalUID': 'u8phd1slvdrj1jds965h25ujd4@google.com', 'summary': 'dddefevvvbee', 'recurringEventId': 'u8phd1slvdrj1jds965h25ujd4', 'originalStartTime': {'dateTime': '2017-02-01T07:30:00+09:00'}, 'id': 'u8phd1slvdrj1jds965h25ujd4_20170131T223000Z', 'created': '2017-02-07T16:00:11.000Z', 'etag': '"2973446662760000"'}], 'nextSyncToken': 'CJiB_vnpntICEJiB_vnpntICGAU=', 'summary': 'cpg0504@gmail.com', 'kind': 'calendar#events', 'accessRole': 'owner', 'defaultReminders': [{'minutes': 30, 'method': 'popup'}], 'etag': '"p32c83vnpt6fd40g"'}
2017-02-21 23:33:42 DEBUG: event_id=>it1lhk0m0aq5vioq8e2o7i57vs
2017-02-21 23:33:42 INFO: INSERT INTO EVENT (event_hashkey,calendar_hashkey,event_id,summary,start_dt,end_dt,created_dt,updated_dt,location) VALUES (%(p0)s, %(p1)s, %(p2)s, %(p3)s, %(p4)s, %(p5)s, %(p6)s, %(p7)s, %(p8)s) 
2017-02-21 23:33:42 INFO: {'p1': 'bfe3480c04d79caba89bfd815c45d15448d4b8b37ab5ddd379452e18', 'p3': 'gggggtest', 'p4': '2017-02-18T09:30:00', 'p7': '2017-02-17T09:10:05.878', 'p6': '2017-02-17T09:10:05.000', 'p8': 'noLocation', 'p0': '96d499e255c17cc6cb09f390821f1e2549361ff232af4e1107eae593', 'p5': '2017-02-18T10:30:00', 'p2': 'it1lhk0m0aq5vioq8e2o7i57vs'}
2017-02-21 23:33:42 INFO: COMMIT
2017-02-21 23:33:42 DEBUG: event_id=>1a3q8g6490j0ie5dp2mor1v26s
2017-02-21 23:33:42 INFO: INSERT INTO EVENT (event_hashkey,calendar_hashkey,event_id,summary,start_dt,end_dt,created_dt,updated_dt,location) VALUES (%(p0)s, %(p1)s, %(p2)s, %(p3)s, %(p4)s, %(p5)s, %(p6)s, %(p7)s, %(p8)s) 
2017-02-21 23:33:42 INFO: {'p1': 'bfe3480c04d79caba89bfd815c45d15448d4b8b37ab5ddd379452e18', 'p7': '2017-02-17T09:15:12.187', 'p0': '193142cc95c27debb5aa66eefa676e8bae889d38de791e43265f5d3f', 'p8': 'noLocation', 'p3': 'gggfe', 'p6': '2017-02-17T09:15:00.000', 'p4': '2017-02-18T11:30:00', 'p5': '2017-02-18T12:30:00', 'p2': '1a3q8g6490j0ie5dp2mor1v26s'}
2017-02-21 23:33:42 INFO: COMMIT
2017-02-21 23:33:42 DEBUG: event_id=>6afb2pk0nmhev8erp0u1derfkk
2017-02-21 23:33:42 INFO: INSERT INTO EVENT (event_hashkey,calendar_hashkey,event_id,summary,start_dt,end_dt,created_dt,updated_dt,location) VALUES (%(p0)s, %(p1)s, %(p2)s, %(p3)s, %(p4)s, %(p5)s, %(p6)s, %(p7)s, %(p8)s) 
2017-02-21 23:33:42 INFO: {'p3': 'dd', 'p1': 'bfe3480c04d79caba89bfd815c45d15448d4b8b37ab5ddd379452e18', 'p4': '2017-02-18T13:00:00', 'p7': '2017-02-17T09:16:52.962', 'p6': '2017-02-17T09:16:52.000', 'p8': 'noLocation', 'p0': '7c87181d270e525480e698e575e0a79651b604c4d593703ac8faec7d', 'p5': '2017-02-18T14:00:00', 'p2': '6afb2pk0nmhev8erp0u1derfkk'}
2017-02-21 23:33:42 INFO: COMMIT
2017-02-21 23:33:42 DEBUG: event_id=>4veo36t0onqopf7lfhmbqu6h7c_20170303T010000Z
2017-02-21 23:33:42 INFO: INSERT INTO EVENT (event_hashkey,calendar_hashkey,event_id,summary,start_dt,end_dt,created_dt,updated_dt,location) VALUES (%(p0)s, %(p1)s, %(p2)s, %(p3)s, %(p4)s, %(p5)s, %(p6)s, %(p7)s, %(p8)s) 
2017-02-21 23:33:42 INFO: {'p3': '윤성이형네', 'p7': '2017-02-20T13:55:54.267', 'p0': '15974aaa382c0e1ab94a0c2e62c41ba44b4e56273ab447cdc235dcac', 'p8': 'noLocation', 'p6': '2017-02-10T06:32:26.000', 'p4': '2017-03-03T10:00:00', 'p1': 'bfe3480c04d79caba89bfd815c45d15448d4b8b37ab5ddd379452e18', 'p5': '2017-03-03T11:30:00', 'p2': '4veo36t0onqopf7lfhmbqu6h7c_20170303T010000Z'}
2017-02-21 23:33:42 INFO: COMMIT
2017-02-21 23:33:42 DEBUG: event_id=>u8phd1slvdrj1jds965h25ujd4_20170131T223000Z
2017-02-21 23:33:42 INFO: INSERT INTO EVENT (event_hashkey,calendar_hashkey,event_id,summary,start_dt,end_dt,created_dt,updated_dt,location) VALUES (%(p0)s, %(p1)s, %(p2)s, %(p3)s, %(p4)s, %(p5)s, %(p6)s, %(p7)s, %(p8)s) 
2017-02-21 23:33:42 INFO: {'p3': 'dddefevvvbee', 'p1': 'bfe3480c04d79caba89bfd815c45d15448d4b8b37ab5ddd379452e18', 'p4': '2017-02-01', 'p7': '2017-02-07T16:08:22.403', 'p6': '2017-02-07T16:00:11.000', 'p8': 'noLocation', 'p0': '6d898789f84f100118e590de6582858651383238cf76d033af67340d', 'p5': '2017-02-02', 'p2': 'u8phd1slvdrj1jds965h25ujd4_20170131T223000Z'}
2017-02-21 23:33:42 INFO: COMMIT
2017-02-21 23:33:42 DEBUG: sync==>CJiB_vnpntICEJiB_vnpntICGAU=
2017-02-21 23:33:42 INFO: INSERT INTO SYNC (calendar_hashkey,sync_token,ctime) VALUES (%(p0)s, %(p1)s, now()) 
2017-02-21 23:33:42 INFO: {'p1': 'CJiB_vnpntICEJiB_vnpntICGAU=', 'p0': 'bfe3480c04d79caba89bfd815c45d15448d4b8b37ab5ddd379452e18'}
2017-02-21 23:33:42 INFO: COMMIT
2017-02-21 23:33:42 INFO: UPDATE CALENDAR SET google_push_complete = 2 WHERE google_channel_id = %(p0)s
2017-02-21 23:33:42 INFO: {'p0': '8f35472148545fa4ab42ff13f4f04bf506f0489d46656d19bb1e7724'}
2017-02-21 23:33:42 INFO: COMMIT
2017-02-21 23:33:42 INFO: SELECT * from CALENDAR where account_hashkey = %(p0)s AND google_push_complete > 0
2017-02-21 23:33:42 INFO: {'p0': '121b24aa0f5d4272db80dcd9052742dc4aa14af68373a9a5a62ad82f'}
2017-02-21 23:33:42 INFO: COMMIT
2017-02-21 23:33:42 DEBUG: calendarSync =>2
2017-02-21 23:33:42 DEBUG: calendarSync =>[{'caldav_calendar_url': None, 'caldav_ctag': None, 'calendar_name': '유니톤', 'google_synctoken': None, 'calendar_hashkey': '0a56cd9e3d78e1cc095c2db10203c546e76e48aabd6752e867abe954', 'calendar_id': '6bku0pgm84k5h5a4bcoahntp78@group.calendar.google.com', 'google_channel_id': '23a1221e27c0c8f1657025682facac34b39ac37eae18c5149ce208c3', 'google_push_complete': 2, 'account_hashkey': '121b24aa0f5d4272db80dcd9052742dc4aa14af68373a9a5a62ad82f'}, {'caldav_calendar_url': None, 'caldav_ctag': None, 'calendar_name': 'cpg0504@gmail.com', 'google_synctoken': None, 'calendar_hashkey': 'bfe3480c04d79caba89bfd815c45d15448d4b8b37ab5ddd379452e18', 'calendar_id': 'cpg0504@gmail.com', 'google_channel_id': '8f35472148545fa4ab42ff13f4f04bf506f0489d46656d19bb1e7724', 'google_push_complete': 2, 'account_hashkey': '121b24aa0f5d4272db80dcd9052742dc4aa14af68373a9a5a62ad82f'}]
2017-02-21 23:33:42 INFO: sync success
2017-02-21 23:33:42 INFO: INSERT INTO SYNC_END (account_hashkey) VALUES (%(p0)s) 
2017-02-21 23:33:42 INFO: {'p0': '121b24aa0f5d4272db80dcd9052742dc4aa14af68373a9a5a62ad82f'}
2017-02-21 23:33:42 INFO: COMMIT
2017-02-21 23:33:42 INFO: SELECT push_token FROM USERDEVICE WHERE account_hashkey = %(p0)s 
2017-02-21 23:33:42 INFO: {'p0': '121b24aa0f5d4272db80dcd9052742dc4aa14af68373a9a5a62ad82f'}
2017-02-21 23:33:42 INFO: COMMIT
2017-02-21 23:33:42 DEBUG: pushtoken =>tokkken
2017-02-21 23:33:42 DEBUG: [push Single]
2017-02-21 23:33:42 INFO: Starting new HTTPS connection (1): fcm.googleapis.com
2017-02-21 23:33:42 DEBUG: "POST /fcm/send HTTP/1.1" 200 None
2017-02-21 23:33:42 INFO: 66.249.84.222 - - [21/Feb/2017 23:33:42] "POST /v1.0/sync/watchReciver HTTP/1.1" 200 -
2017-02-21 23:33:44 DEBUG: "POST /calendar/v3/calendars/m8am4m7vmd27251vlnkai28tv8@group.calendar.google.com/events/watch HTTP/1.1" 200 None
2017-02-21 23:33:44 DEBUG: calender id =>#contacts@group.v.calendar.google.com
2017-02-21 23:33:44 INFO: checkValidAccesToken
2017-02-21 23:33:44 INFO: SELECT * FROM USERACCOUNT WHERE access_token = %(p0)s 
2017-02-21 23:33:44 INFO: {'p0': 'ya29.GmT5A2Tx2S6f1iWZxBRwhx-53bBZxWPxPeGb1LfbYY5cy-7JKwGVq6QiwBxKXlX1Dbbyy6ABAvyWSKj3S4-_UE2158IvN1OLgJ8Aa79t5Ly7Kqsphnl20hI6RCa8QU_yI0EPLY8q'}
2017-02-21 23:33:44 INFO: COMMIT
2017-02-21 23:33:44 DEBUG: [{'login_platform': 'google', 'user_id': 'cpg0504@gmail.com', 'caldav_homeset': None, 'is_active': 1, 'create_datetime': '2017-02-21 23:15:47', 'access_token': 'ya29.GmT5A2Tx2S6f1iWZxBRwhx-53bBZxWPxPeGb1LfbYY5cy-7JKwGVq6QiwBxKXlX1Dbbyy6ABAvyWSKj3S4-_UE2158IvN1OLgJ8Aa79t5Ly7Kqsphnl20hI6RCa8QU_yI0EPLY8q', 'user_hashkey': '5f023d3fb1a18e4b130d763394fd05e369646c307f70b536e0b10822', 'google_expire_time': '2017-02-22 00:12:29', 'refresh_token': None, 'subject': '100309767722512756707', 'account_hashkey': '121b24aa0f5d4272db80dcd9052742dc4aa14af68373a9a5a62ad82f'}]
2017-02-21 23:33:44 INFO: valid date
2017-02-21 23:33:44 DEBUG: newacces=>None
2017-02-21 23:33:44 INFO: Starting new HTTPS connection (1): www.googleapis.com
2017-02-21 23:33:44 DEBUG: "POST /calendar/v3/calendars/ HTTP/1.1" 400 None
2017-02-21 23:33:44 DEBUG: calender id =>ko.south_korea#holiday@group.v.calendar.google.com
2017-02-21 23:33:44 INFO: checkValidAccesToken
2017-02-21 23:33:44 INFO: SELECT * FROM USERACCOUNT WHERE access_token = %(p0)s 
2017-02-21 23:33:44 INFO: {'p0': 'ya29.GmT5A2Tx2S6f1iWZxBRwhx-53bBZxWPxPeGb1LfbYY5cy-7JKwGVq6QiwBxKXlX1Dbbyy6ABAvyWSKj3S4-_UE2158IvN1OLgJ8Aa79t5Ly7Kqsphnl20hI6RCa8QU_yI0EPLY8q'}
2017-02-21 23:33:44 INFO: COMMIT
2017-02-21 23:33:44 DEBUG: [{'login_platform': 'google', 'user_id': 'cpg0504@gmail.com', 'caldav_homeset': None, 'is_active': 1, 'create_datetime': '2017-02-21 23:15:47', 'access_token': 'ya29.GmT5A2Tx2S6f1iWZxBRwhx-53bBZxWPxPeGb1LfbYY5cy-7JKwGVq6QiwBxKXlX1Dbbyy6ABAvyWSKj3S4-_UE2158IvN1OLgJ8Aa79t5Ly7Kqsphnl20hI6RCa8QU_yI0EPLY8q', 'user_hashkey': '5f023d3fb1a18e4b130d763394fd05e369646c307f70b536e0b10822', 'google_expire_time': '2017-02-22 00:12:29', 'refresh_token': None, 'subject': '100309767722512756707', 'account_hashkey': '121b24aa0f5d4272db80dcd9052742dc4aa14af68373a9a5a62ad82f'}]
2017-02-21 23:33:44 INFO: valid date
2017-02-21 23:33:44 DEBUG: newacces=>None
2017-02-21 23:33:44 INFO: Starting new HTTPS connection (1): www.googleapis.com
2017-02-21 23:33:46 DEBUG: "POST /calendar/v3/calendars/ko.south_korea HTTP/1.1" 404 None
2017-02-21 23:33:46 INFO: 61.43.139.4 - - [21/Feb/2017 23:33:46] "POST /v1.0/sync HTTP/1.1" 200 -
2017-02-21 23:33:46 INFO: watch
2017-02-21 23:33:46 INFO: X-Goog-Resource-State: sync
User-Agent: APIs-Google; (+https://developers.google.com/webmasters/APIs-Google.html)
Connection: Keep-alive
Content-Type: 
X-Goog-Channel-Expiration: Tue, 28 Feb 2017 14:33:39 GMT
Content-Length: 0
Accept-Encoding: gzip,deflate,br
Host: ssoma.xyz:55566
X-Goog-Message-Number: 1
X-Goog-Channel-Id: 6a5e8603e67799586a22e08529837fd82a2c83880271d4c8de55d613
Accept: */*
X-Goog-Resource-Id: 5yZorsH36T2RLOYpixKfLTi1HkA
X-Goog-Resource-Uri: https://www.googleapis.com/calendar/v3/calendars/m8am4m7vmd27251vlnkai28tv8@group.calendar.google.com/events?maxResults=250&alt=json


2017-02-21 23:33:46 INFO: SELECT access_token,CALENDAR.account_hashkey from CALENDAR INNER JOIN USERACCOUNT on CALENDAR.account_hashkey = USERACCOUNT.account_hashkey WHERE CALENDAR.google_channel_id = %(p0)s
2017-02-21 23:33:46 INFO: {'p0': '6a5e8603e67799586a22e08529837fd82a2c83880271d4c8de55d613'}
2017-02-21 23:33:46 INFO: COMMIT
2017-02-21 23:33:46 INFO: SELECT * FROM CALENDAR WHERE google_channel_id = %(p0)s
2017-02-21 23:33:46 INFO: {'p0': '6a5e8603e67799586a22e08529837fd82a2c83880271d4c8de55d613'}
2017-02-21 23:33:46 INFO: COMMIT
2017-02-21 23:33:46 DEBUG: calender id =>[{'caldav_calendar_url': None, 'caldav_ctag': None, 'calendar_name': 'test', 'google_synctoken': None, 'calendar_hashkey': 'a92a0acc37e20786fdf3ec07cb00f4cf90ab759f773c13d4f576cb1f', 'calendar_id': 'm8am4m7vmd27251vlnkai28tv8@group.calendar.google.com', 'google_channel_id': '6a5e8603e67799586a22e08529837fd82a2c83880271d4c8de55d613', 'google_push_complete': 0, 'account_hashkey': '121b24aa0f5d4272db80dcd9052742dc4aa14af68373a9a5a62ad82f'}]
2017-02-21 23:33:46 INFO: UPDATE CALENDAR SET google_push_complete = 1 WHERE google_channel_id = %(p0)s
2017-02-21 23:33:46 INFO: {'p0': '6a5e8603e67799586a22e08529837fd82a2c83880271d4c8de55d613'}
2017-02-21 23:33:46 INFO: COMMIT
2017-02-21 23:33:46 INFO: checkValidAccesToken
2017-02-21 23:33:46 INFO: SELECT * FROM USERACCOUNT WHERE access_token = %(p0)s 
2017-02-21 23:33:46 INFO: {'p0': 'ya29.GmT5A2Tx2S6f1iWZxBRwhx-53bBZxWPxPeGb1LfbYY5cy-7JKwGVq6QiwBxKXlX1Dbbyy6ABAvyWSKj3S4-_UE2158IvN1OLgJ8Aa79t5Ly7Kqsphnl20hI6RCa8QU_yI0EPLY8q'}
2017-02-21 23:33:46 INFO: COMMIT
2017-02-21 23:33:46 DEBUG: [{'login_platform': 'google', 'user_id': 'cpg0504@gmail.com', 'caldav_homeset': None, 'is_active': 1, 'create_datetime': '2017-02-21 23:15:47', 'access_token': 'ya29.GmT5A2Tx2S6f1iWZxBRwhx-53bBZxWPxPeGb1LfbYY5cy-7JKwGVq6QiwBxKXlX1Dbbyy6ABAvyWSKj3S4-_UE2158IvN1OLgJ8Aa79t5Ly7Kqsphnl20hI6RCa8QU_yI0EPLY8q', 'user_hashkey': '5f023d3fb1a18e4b130d763394fd05e369646c307f70b536e0b10822', 'google_expire_time': '2017-02-22 00:12:29', 'refresh_token': None, 'subject': '100309767722512756707', 'account_hashkey': '121b24aa0f5d4272db80dcd9052742dc4aa14af68373a9a5a62ad82f'}]
2017-02-21 23:33:46 INFO: valid date
2017-02-21 23:33:46 DEBUG: newacces=>None
2017-02-21 23:33:46 INFO: Starting new HTTPS connection (1): www.googleapis.com
2017-02-21 23:33:46 DEBUG: "GET /calendar/v3/calendars/m8am4m7vmd27251vlnkai28tv8%40group.calendar.google.com/events?maxResults=10 HTTP/1.1" 200 7971
2017-02-21 23:33:46 DEBUG: ress=>{'updated': '2017-02-05T20:10:04.397Z', 'timeZone': 'Asia/Seoul', 'items': [{'htmlLink': 'https://www.google.com/calendar/event?eid=aTU2MW5rODZhcHE3Y3RlamdqN25zZTl0dmsgbThhbTRtN3ZtZDI3MjUxdmxua2FpMjh0djhAZw', 'updated': '2017-01-23T06:18:03.060Z', 'organizer': {'email': 'm8am4m7vmd27251vlnkai28tv8@group.calendar.google.com', 'displayName': 'test', 'self': True}, 'status': 'confirmed', 'kind': 'calendar#event', 'sequence': 0, 'start': {'dateTime': '2017-01-25T09:30:00+09:00'}, 'creator': {'email': 'cpg0504@gmail.com', 'displayName': 'Choi yenos'}, 'end': {'dateTime': '2017-01-25T10:30:00+09:00'}, 'iCalUID': 'i561nk86apq7ctejgj7nse9tvk@google.com', 'summary': 'vvv', 'reminders': {'useDefault': True}, 'id': 'i561nk86apq7ctejgj7nse9tvk', 'created': '2017-01-23T06:18:03.000Z', 'etag': '"2970304566120000"'}, {'htmlLink': 'https://www.google.com/calendar/event?eid=ZGs4c3Nya29uajdoYXBncmF0aGw4M2xicGcgbThhbTRtN3ZtZDI3MjUxdmxua2FpMjh0djhAZw', 'updated': '2017-01-30T17:43:37.761Z', 'organizer': {'email': 'm8am4m7vmd27251vlnkai28tv8@group.calendar.google.com', 'displayName': 'test', 'self': True}, 'status': 'confirmed', 'kind': 'calendar#event', 'sequence': 0, 'start': {'dateTime': '2017-02-03T04:00:00+09:00'}, 'creator': {'email': 'cpg0504@gmail.com', 'displayName': 'Choi yenos'}, 'end': {'dateTime': '2017-02-03T05:00:00+09:00'}, 'iCalUID': 'dk8ssrkonj7hapgrathl83lbpg@google.com', 'summary': '테에스트', 'reminders': {'useDefault': True}, 'id': 'dk8ssrkonj7hapgrathl83lbpg', 'created': '2017-01-30T17:43:37.000Z', 'etag': '"2971596435522000"'}, {'htmlLink': 'https://www.google.com/calendar/event?eid=c2o0bDgzaTRwYzZlODNzNmthNjdrdmw4NGsgbThhbTRtN3ZtZDI3MjUxdmxua2FpMjh0djhAZw', 'updated': '2017-01-30T19:14:35.200Z', 'organizer': {'email': 'm8am4m7vmd27251vlnkai28tv8@group.calendar.google.com', 'displayName': 'test', 'self': True}, 'status': 'confirmed', 'kind': 'calendar#event', 'sequence': 0, 'start': {'dateTime': '2017-02-03T06:30:00+09:00'}, 'creator': {'email': 'cpg0504@gmail.com', 'displayName': 'Choi yenos'}, 'end': {'dateTime': '2017-02-03T07:30:00+09:00'}, 'iCalUID': 'sj4l83i4pc6e83s6ka67kvl84k@google.com', 'summary': 'gg', 'reminders': {'useDefault': True}, 'id': 'sj4l83i4pc6e83s6ka67kvl84k', 'created': '2017-01-30T19:14:35.000Z', 'etag': '"2971607350400000"'}, {'htmlLink': 'https://www.google.com/calendar/event?eid=OWE4Zm1wbGtoN21uZm5lczEyb2l0MHNucjQgbThhbTRtN3ZtZDI3MjUxdmxua2FpMjh0djhAZw', 'updated': '2017-01-31T03:06:37.761Z', 'organizer': {'email': 'm8am4m7vmd27251vlnkai28tv8@group.calendar.google.com', 'displayName': 'test', 'self': True}, 'status': 'confirmed', 'kind': 'calendar#event', 'sequence': 0, 'start': {'dateTime': '2017-02-03T08:00:00+09:00'}, 'creator': {'email': 'cpg0504@gmail.com', 'displayName': 'Choi yenos'}, 'end': {'dateTime': '2017-02-03T09:00:00+09:00'}, 'iCalUID': '9a8fmplkh7mnfnes12oit0snr4@google.com', 'summary': 'testt', 'reminders': {'useDefault': True}, 'id': '9a8fmplkh7mnfnes12oit0snr4', 'created': '2017-01-31T03:06:37.000Z', 'etag': '"2971663995522000"'}, {'htmlLink': 'https://www.google.com/calendar/event?eid=aWtubmlhZGc4b2xuMDM1aTc5amxqOW1ucmsgbThhbTRtN3ZtZDI3MjUxdmxua2FpMjh0djhAZw', 'updated': '2017-01-31T03:08:53.730Z', 'organizer': {'email': 'm8am4m7vmd27251vlnkai28tv8@group.calendar.google.com', 'displayName': 'test', 'self': True}, 'status': 'confirmed', 'kind': 'calendar#event', 'sequence': 0, 'start': {'dateTime': '2017-02-03T09:30:00+09:00'}, 'creator': {'email': 'cpg0504@gmail.com', 'displayName': 'Choi yenos'}, 'end': {'dateTime': '2017-02-03T10:30:00+09:00'}, 'iCalUID': 'iknniadg8oln035i79jlj9mnrk@google.com', 'summary': 'go', 'reminders': {'useDefault': True}, 'id': 'iknniadg8oln035i79jlj9mnrk', 'created': '2017-01-31T03:08:53.000Z', 'etag': '"2971664267460000"'}, {'htmlLink': 'https://www.google.com/calendar/event?eid=MmtvMjlvYzg5cDBxamhqMzgzdmNiYXAzZTAgbThhbTRtN3ZtZDI3MjUxdmxua2FpMjh0djhAZw', 'updated': '2017-01-31T03:09:50.088Z', 'organizer': {'email': 'm8am4m7vmd27251vlnkai28tv8@group.calendar.google.com', 'displayName': 'test', 'self': True}, 'status': 'confirmed', 'kind': 'calendar#event', 'sequence': 0, 'start': {'dateTime': '2017-02-03T11:00:00+09:00'}, 'creator': {'email': 'cpg0504@gmail.com', 'displayName': 'Choi yenos'}, 'end': {'dateTime': '2017-02-03T12:00:00+09:00'}, 'iCalUID': '2ko29oc89p0qjhj383vcbap3e0@google.com', 'summary': 'd', 'reminders': {'useDefault': True}, 'id': '2ko29oc89p0qjhj383vcbap3e0', 'created': '2017-01-31T03:09:50.000Z', 'etag': '"2971664380176000"'}, {'htmlLink': 'https://www.google.com/calendar/event?eid=bnA3aW9vczlhMzI1dG91a2IwNTVlNTQ2Y2MgbThhbTRtN3ZtZDI3MjUxdmxua2FpMjh0djhAZw', 'updated': '2017-01-31T03:11:47.457Z', 'organizer': {'email': 'm8am4m7vmd27251vlnkai28tv8@group.calendar.google.com', 'displayName': 'test', 'self': True}, 'status': 'confirmed', 'kind': 'calendar#event', 'sequence': 0, 'start': {'dateTime': '2017-02-03T12:30:00+09:00'}, 'creator': {'email': 'cpg0504@gmail.com', 'displayName': 'Choi yenos'}, 'end': {'dateTime': '2017-02-03T13:30:00+09:00'}, 'iCalUID': 'np7ioos9a325toukb055e546cc@google.com', 'summary': 'g', 'reminders': {'useDefault': True}, 'id': 'np7ioos9a325toukb055e546cc', 'created': '2017-01-31T03:11:47.000Z', 'etag': '"2971664614914000"'}, {'htmlLink': 'https://www.google.com/calendar/event?eid=czd1NWozajEzN2l2b2ttOGsyN3Btb2RkbjAgbThhbTRtN3ZtZDI3MjUxdmxua2FpMjh0djhAZw', 'updated': '2017-01-31T09:04:27.847Z', 'organizer': {'email': 'm8am4m7vmd27251vlnkai28tv8@group.calendar.google.com', 'displayName': 'test', 'self': True}, 'status': 'confirmed', 'kind': 'calendar#event', 'sequence': 0, 'start': {'dateTime': '2017-02-03T03:00:00+09:00'}, 'creator': {'email': 'cpg0504@gmail.com', 'displayName': 'Choi yenos'}, 'end': {'dateTime': '2017-02-03T04:00:00+09:00'}, 'iCalUID': 's7u5j3j137ivokm8k27pmoddn0@google.com', 'summary': 't01', 'reminders': {'useDefault': True}, 'id': 's7u5j3j137ivokm8k27pmoddn0', 'created': '2017-01-31T09:04:27.000Z', 'etag': '"2971706935694000"'}, {'htmlLink': 'https://www.google.com/calendar/event?eid=ZWo0ZG10NjJlaW1kOG5pcGg3bjlyaDVqNzAgbThhbTRtN3ZtZDI3MjUxdmxua2FpMjh0djhAZw', 'updated': '2017-01-31T09:07:17.354Z', 'organizer': {'email': 'm8am4m7vmd27251vlnkai28tv8@group.calendar.google.com', 'displayName': 'test', 'self': True}, 'status': 'confirmed', 'kind': 'calendar#event', 'sequence': 0, 'start': {'dateTime': '2017-02-03T01:30:00+09:00'}, 'creator': {'email': 'cpg0504@gmail.com', 'displayName': 'Choi yenos'}, 'end': {'dateTime': '2017-02-03T02:30:00+09:00'}, 'iCalUID': 'ej4dmt62eimd8niph7n9rh5j70@google.com', 'summary': 'te02', 'reminders': {'useDefault': True}, 'id': 'ej4dmt62eimd8niph7n9rh5j70', 'created': '2017-01-31T09:07:17.000Z', 'etag': '"2971707274708000"'}], 'summary': 'test', 'kind': 'calendar#events', 'nextPageToken': 'CigKGmVqNGRtdDYyZWltZDhuaXBoN245cmg1ajcwGAEggICA9bqOz88VGg0IABIAGMjb_83h-dEC', 'accessRole': 'owner', 'description': '', 'defaultReminders': [], 'etag': '"p334dnvuds7st20g"'}
2017-02-21 23:33:46 DEBUG: event_id=>i561nk86apq7ctejgj7nse9tvk
2017-02-21 23:33:46 INFO: INSERT INTO EVENT (event_hashkey,calendar_hashkey,event_id,summary,start_dt,end_dt,created_dt,updated_dt,location) VALUES (%(p0)s, %(p1)s, %(p2)s, %(p3)s, %(p4)s, %(p5)s, %(p6)s, %(p7)s, %(p8)s) 
2017-02-21 23:33:46 INFO: {'p1': 'a92a0acc37e20786fdf3ec07cb00f4cf90ab759f773c13d4f576cb1f', 'p7': '2017-01-23T06:18:03.060', 'p4': '2017-01-25T09:30:00', 'p8': 'noLocation', 'p3': 'vvv', 'p6': '2017-01-23T06:18:03.000', 'p0': '5eb40c266b5bb8dfb33180ba86c092d853ddccbea26d706cd5f8fd88', 'p5': '2017-01-25T10:30:00', 'p2': 'i561nk86apq7ctejgj7nse9tvk'}
2017-02-21 23:33:46 INFO: COMMIT
2017-02-21 23:33:46 DEBUG: event_id=>dk8ssrkonj7hapgrathl83lbpg
2017-02-21 23:33:46 INFO: INSERT INTO EVENT (event_hashkey,calendar_hashkey,event_id,summary,start_dt,end_dt,created_dt,updated_dt,location) VALUES (%(p0)s, %(p1)s, %(p2)s, %(p3)s, %(p4)s, %(p5)s, %(p6)s, %(p7)s, %(p8)s) 
2017-02-21 23:33:46 INFO: {'p3': '테에스트', 'p7': '2017-01-30T17:43:37.761', 'p0': '6c412e32bb0ec69eb7a06f9695c7991ee066acabfa8942bd01d70b6a', 'p8': 'noLocation', 'p6': '2017-01-30T17:43:37.000', 'p4': '2017-02-03T04:00:00', 'p1': 'a92a0acc37e20786fdf3ec07cb00f4cf90ab759f773c13d4f576cb1f', 'p5': '2017-02-03T05:00:00', 'p2': 'dk8ssrkonj7hapgrathl83lbpg'}
2017-02-21 23:33:46 INFO: COMMIT
2017-02-21 23:33:46 DEBUG: event_id=>sj4l83i4pc6e83s6ka67kvl84k
2017-02-21 23:33:46 INFO: INSERT INTO EVENT (event_hashkey,calendar_hashkey,event_id,summary,start_dt,end_dt,created_dt,updated_dt,location) VALUES (%(p0)s, %(p1)s, %(p2)s, %(p3)s, %(p4)s, %(p5)s, %(p6)s, %(p7)s, %(p8)s) 
2017-02-21 23:33:46 INFO: {'p1': 'a92a0acc37e20786fdf3ec07cb00f4cf90ab759f773c13d4f576cb1f', 'p7': '2017-01-30T19:14:35.200', 'p0': '2817c49d9f3e711da3dce65b34fcdd141a5af5dd86093bdebe14c19d', 'p8': 'noLocation', 'p3': 'gg', 'p6': '2017-01-30T19:14:35.000', 'p4': '2017-02-03T06:30:00', 'p5': '2017-02-03T07:30:00', 'p2': 'sj4l83i4pc6e83s6ka67kvl84k'}
2017-02-21 23:33:46 INFO: COMMIT
2017-02-21 23:33:46 DEBUG: event_id=>9a8fmplkh7mnfnes12oit0snr4
2017-02-21 23:33:46 INFO: INSERT INTO EVENT (event_hashkey,calendar_hashkey,event_id,summary,start_dt,end_dt,created_dt,updated_dt,location) VALUES (%(p0)s, %(p1)s, %(p2)s, %(p3)s, %(p4)s, %(p5)s, %(p6)s, %(p7)s, %(p8)s) 
2017-02-21 23:33:46 INFO: {'p7': '2017-01-31T03:06:37.761', 'p3': 'testt', 'p4': '2017-02-03T08:00:00', 'p0': '22c92e51efa23c96d22ae3a75d55b3e656c98e6e595228f2e701f1e2', 'p8': 'noLocation', 'p6': '2017-01-31T03:06:37.000', 'p1': 'a92a0acc37e20786fdf3ec07cb00f4cf90ab759f773c13d4f576cb1f', 'p5': '2017-02-03T09:00:00', 'p2': '9a8fmplkh7mnfnes12oit0snr4'}
2017-02-21 23:33:46 INFO: COMMIT
2017-02-21 23:33:46 DEBUG: event_id=>iknniadg8oln035i79jlj9mnrk
2017-02-21 23:33:46 INFO: INSERT INTO EVENT (event_hashkey,calendar_hashkey,event_id,summary,start_dt,end_dt,created_dt,updated_dt,location) VALUES (%(p0)s, %(p1)s, %(p2)s, %(p3)s, %(p4)s, %(p5)s, %(p6)s, %(p7)s, %(p8)s) 
2017-02-21 23:33:46 INFO: {'p3': 'go', 'p7': '2017-01-31T03:08:53.730', 'p4': '2017-02-03T09:30:00', 'p0': '2dafcb77a21539eb5937c3559aeb494832fb02873678c85abeb1acd0', 'p8': 'noLocation', 'p6': '2017-01-31T03:08:53.000', 'p1': 'a92a0acc37e20786fdf3ec07cb00f4cf90ab759f773c13d4f576cb1f', 'p5': '2017-02-03T10:30:00', 'p2': 'iknniadg8oln035i79jlj9mnrk'}
2017-02-21 23:33:46 INFO: COMMIT
2017-02-21 23:33:46 DEBUG: event_id=>2ko29oc89p0qjhj383vcbap3e0
2017-02-21 23:33:46 INFO: INSERT INTO EVENT (event_hashkey,calendar_hashkey,event_id,summary,start_dt,end_dt,created_dt,updated_dt,location) VALUES (%(p0)s, %(p1)s, %(p2)s, %(p3)s, %(p4)s, %(p5)s, %(p6)s, %(p7)s, %(p8)s) 
2017-02-21 23:33:46 INFO: {'p3': 'd', 'p1': 'a92a0acc37e20786fdf3ec07cb00f4cf90ab759f773c13d4f576cb1f', 'p0': 'd31369475e513b3b285d89f610921b5e14175c65598a387de61bc4cf', 'p7': '2017-01-31T03:09:50.088', 'p6': '2017-01-31T03:09:50.000', 'p8': 'noLocation', 'p4': '2017-02-03T11:00:00', 'p5': '2017-02-03T12:00:00', 'p2': '2ko29oc89p0qjhj383vcbap3e0'}
2017-02-21 23:33:46 INFO: COMMIT
2017-02-21 23:33:46 DEBUG: event_id=>np7ioos9a325toukb055e546cc
2017-02-21 23:33:46 INFO: INSERT INTO EVENT (event_hashkey,calendar_hashkey,event_id,summary,start_dt,end_dt,created_dt,updated_dt,location) VALUES (%(p0)s, %(p1)s, %(p2)s, %(p3)s, %(p4)s, %(p5)s, %(p6)s, %(p7)s, %(p8)s) 
2017-02-21 23:33:46 INFO: {'p3': 'g', 'p7': '2017-01-31T03:11:47.457', 'p0': '5ef63d1576d272dd20521edcc1caedc68289d053785ca74e02fe68c4', 'p8': 'noLocation', 'p6': '2017-01-31T03:11:47.000', 'p4': '2017-02-03T12:30:00', 'p1': 'a92a0acc37e20786fdf3ec07cb00f4cf90ab759f773c13d4f576cb1f', 'p5': '2017-02-03T13:30:00', 'p2': 'np7ioos9a325toukb055e546cc'}
2017-02-21 23:33:46 INFO: COMMIT
2017-02-21 23:33:46 DEBUG: event_id=>s7u5j3j137ivokm8k27pmoddn0
2017-02-21 23:33:46 INFO: INSERT INTO EVENT (event_hashkey,calendar_hashkey,event_id,summary,start_dt,end_dt,created_dt,updated_dt,location) VALUES (%(p0)s, %(p1)s, %(p2)s, %(p3)s, %(p4)s, %(p5)s, %(p6)s, %(p7)s, %(p8)s) 
2017-02-21 23:33:46 INFO: {'p1': 'a92a0acc37e20786fdf3ec07cb00f4cf90ab759f773c13d4f576cb1f', 'p3': 't01', 'p4': '2017-02-03T03:00:00', 'p8': 'noLocation', 'p6': '2017-01-31T09:04:27.000', 'p7': '2017-01-31T09:04:27.847', 'p0': '4b66b5f0bad1a4a99d5f891364885ca20dabaea113081d8166a3655c', 'p5': '2017-02-03T04:00:00', 'p2': 's7u5j3j137ivokm8k27pmoddn0'}
2017-02-21 23:33:46 INFO: COMMIT
2017-02-21 23:33:46 DEBUG: event_id=>ej4dmt62eimd8niph7n9rh5j70
2017-02-21 23:33:46 INFO: INSERT INTO EVENT (event_hashkey,calendar_hashkey,event_id,summary,start_dt,end_dt,created_dt,updated_dt,location) VALUES (%(p0)s, %(p1)s, %(p2)s, %(p3)s, %(p4)s, %(p5)s, %(p6)s, %(p7)s, %(p8)s) 
2017-02-21 23:33:46 INFO: {'p1': 'a92a0acc37e20786fdf3ec07cb00f4cf90ab759f773c13d4f576cb1f', 'p3': 'te02', 'p0': '8c4a3db0f22b22399e44f48664db390b4ae26e3d5b69e5264de7eb96', 'p8': 'noLocation', 'p6': '2017-01-31T09:07:17.000', 'p7': '2017-01-31T09:07:17.354', 'p4': '2017-02-03T01:30:00', 'p5': '2017-02-03T02:30:00', 'p2': 'ej4dmt62eimd8niph7n9rh5j70'}
2017-02-21 23:33:46 INFO: COMMIT
2017-02-21 23:33:46 INFO: checkValidAccesToken
2017-02-21 23:33:46 INFO: SELECT * FROM USERACCOUNT WHERE access_token = %(p0)s 
2017-02-21 23:33:46 INFO: {'p0': 'ya29.GmT5A2Tx2S6f1iWZxBRwhx-53bBZxWPxPeGb1LfbYY5cy-7JKwGVq6QiwBxKXlX1Dbbyy6ABAvyWSKj3S4-_UE2158IvN1OLgJ8Aa79t5Ly7Kqsphnl20hI6RCa8QU_yI0EPLY8q'}
2017-02-21 23:33:46 INFO: COMMIT
2017-02-21 23:33:46 DEBUG: [{'login_platform': 'google', 'user_id': 'cpg0504@gmail.com', 'caldav_homeset': None, 'is_active': 1, 'create_datetime': '2017-02-21 23:15:47', 'access_token': 'ya29.GmT5A2Tx2S6f1iWZxBRwhx-53bBZxWPxPeGb1LfbYY5cy-7JKwGVq6QiwBxKXlX1Dbbyy6ABAvyWSKj3S4-_UE2158IvN1OLgJ8Aa79t5Ly7Kqsphnl20hI6RCa8QU_yI0EPLY8q', 'user_hashkey': '5f023d3fb1a18e4b130d763394fd05e369646c307f70b536e0b10822', 'google_expire_time': '2017-02-22 00:12:29', 'refresh_token': None, 'subject': '100309767722512756707', 'account_hashkey': '121b24aa0f5d4272db80dcd9052742dc4aa14af68373a9a5a62ad82f'}]
2017-02-21 23:33:46 INFO: valid date
2017-02-21 23:33:46 DEBUG: newacces=>None
2017-02-21 23:33:46 INFO: Starting new HTTPS connection (1): www.googleapis.com
2017-02-21 23:33:47 DEBUG: "GET /calendar/v3/calendars/m8am4m7vmd27251vlnkai28tv8%40group.calendar.google.com/events?maxResults=10&pageToken=CigKGmVqNGRtdDYyZWltZDhuaXBoN245cmg1ajcwGAEggICA9bqOz88VGg0IABIAGMjb_83h-dEC HTTP/1.1" 200 4545
2017-02-21 23:33:47 DEBUG: ress=>{'updated': '2017-02-05T20:10:04.397Z', 'timeZone': 'Asia/Seoul', 'items': [{'htmlLink': 'https://www.google.com/calendar/event?eid=OW5sOG4wbDhtNm5mdHJzYWNtOXJ2c2NvMWsgbThhbTRtN3ZtZDI3MjUxdmxua2FpMjh0djhAZw', 'updated': '2017-01-31T09:08:48.682Z', 'organizer': {'email': 'm8am4m7vmd27251vlnkai28tv8@group.calendar.google.com', 'displayName': 'test', 'self': True}, 'status': 'confirmed', 'kind': 'calendar#event', 'sequence': 0, 'start': {'dateTime': '2017-02-03T05:00:00+09:00'}, 'creator': {'email': 'cpg0504@gmail.com', 'displayName': 'Choi yenos'}, 'end': {'dateTime': '2017-02-03T06:00:00+09:00'}, 'iCalUID': '9nl8n0l8m6nftrsacm9rvsco1k@google.com', 'summary': 'te03', 'reminders': {'useDefault': True}, 'id': '9nl8n0l8m6nftrsacm9rvsco1k', 'created': '2017-01-31T09:08:48.000Z', 'etag': '"2971707457364000"'}, {'htmlLink': 'https://www.google.com/calendar/event?eid=OW01azhpYmh1c212ODZwcjJvc21wYjlsdnMgbThhbTRtN3ZtZDI3MjUxdmxua2FpMjh0djhAZw', 'updated': '2017-01-31T09:10:09.571Z', 'organizer': {'email': 'm8am4m7vmd27251vlnkai28tv8@group.calendar.google.com', 'displayName': 'test', 'self': True}, 'status': 'confirmed', 'kind': 'calendar#event', 'sequence': 0, 'start': {'dateTime': '2017-02-03T14:00:00+09:00'}, 'creator': {'email': 'cpg0504@gmail.com', 'displayName': 'Choi yenos'}, 'end': {'dateTime': '2017-02-03T15:00:00+09:00'}, 'iCalUID': '9m5k8ibhusmv86pr2osmpb9lvs@google.com', 'summary': 'te4', 'reminders': {'useDefault': True}, 'id': '9m5k8ibhusmv86pr2osmpb9lvs', 'created': '2017-01-31T09:10:09.000Z', 'etag': '"2971707619142000"'}, {'htmlLink': 'https://www.google.com/calendar/event?eid=MmYzcmQ1bmgzamdpMnRuMnZ2aGpianVhdTQgbThhbTRtN3ZtZDI3MjUxdmxua2FpMjh0djhAZw', 'updated': '2017-01-31T09:10:51.387Z', 'organizer': {'email': 'm8am4m7vmd27251vlnkai28tv8@group.calendar.google.com', 'displayName': 'test', 'self': True}, 'status': 'confirmed', 'kind': 'calendar#event', 'sequence': 0, 'start': {'dateTime': '2017-02-03T15:30:00+09:00'}, 'creator': {'email': 'cpg0504@gmail.com', 'displayName': 'Choi yenos'}, 'end': {'dateTime': '2017-02-03T16:30:00+09:00'}, 'iCalUID': '2f3rd5nh3jgi2tn2vvhjbjuau4@google.com', 'summary': 'te', 'reminders': {'useDefault': True}, 'id': '2f3rd5nh3jgi2tn2vvhjbjuau4', 'created': '2017-01-31T09:10:51.000Z', 'etag': '"2971707702774000"'}, {'htmlLink': 'https://www.google.com/calendar/event?eid=YzU4c29uaTl1aXJwajV2YmViYTc5OHFva2sgbThhbTRtN3ZtZDI3MjUxdmxua2FpMjh0djhAZw', 'updated': '2017-01-31T09:12:48.022Z', 'organizer': {'email': 'm8am4m7vmd27251vlnkai28tv8@group.calendar.google.com', 'displayName': 'test', 'self': True}, 'status': 'confirmed', 'kind': 'calendar#event', 'sequence': 0, 'start': {'dateTime': '2017-02-03T17:00:00+09:00'}, 'creator': {'email': 'cpg0504@gmail.com', 'displayName': 'Choi yenos'}, 'end': {'dateTime': '2017-02-03T18:00:00+09:00'}, 'iCalUID': 'c58soni9uirpj5vbeba798qokk@google.com', 'summary': 'te6->te8->99', 'reminders': {'useDefault': True}, 'id': 'c58soni9uirpj5vbeba798qokk', 'created': '2017-01-31T09:11:53.000Z', 'etag': '"2971707936044000"'}, {'htmlLink': 'https://www.google.com/calendar/event?eid=NDRtOWk1MWRxamc4bHQ0N2cwMnZ1YXY5cmMgbThhbTRtN3ZtZDI3MjUxdmxua2FpMjh0djhAZw', 'updated': '2017-01-31T09:20:50.987Z', 'organizer': {'email': 'm8am4m7vmd27251vlnkai28tv8@group.calendar.google.com', 'displayName': 'test', 'self': True}, 'status': 'confirmed', 'kind': 'calendar#event', 'sequence': 0, 'start': {'dateTime': '2017-02-03T18:30:00+09:00'}, 'creator': {'email': 'cpg0504@gmail.com', 'displayName': 'Choi yenos'}, 'end': {'dateTime': '2017-02-03T19:30:00+09:00'}, 'iCalUID': '44m9i51dqjg8lt47g02vuav9rc@google.com', 'summary': 'te10', 'reminders': {'useDefault': True}, 'id': '44m9i51dqjg8lt47g02vuav9rc', 'created': '2017-01-31T09:20:50.000Z', 'etag': '"2971708901974000"'}], 'nextSyncToken': 'CMjb_83h-dECEMjb_83h-dECGAU=', 'summary': 'test', 'kind': 'calendar#events', 'accessRole': 'owner', 'description': '', 'defaultReminders': [], 'etag': '"p334dnvuds7st20g"'}
2017-02-21 23:33:47 DEBUG: event_id=>9nl8n0l8m6nftrsacm9rvsco1k
2017-02-21 23:33:47 INFO: INSERT INTO EVENT (event_hashkey,calendar_hashkey,event_id,summary,start_dt,end_dt,created_dt,updated_dt,location) VALUES (%(p0)s, %(p1)s, %(p2)s, %(p3)s, %(p4)s, %(p5)s, %(p6)s, %(p7)s, %(p8)s) 
2017-02-21 23:33:47 INFO: {'p7': '2017-01-31T09:08:48.682', 'p1': 'a92a0acc37e20786fdf3ec07cb00f4cf90ab759f773c13d4f576cb1f', 'p0': '30d11a9cbbcc92c3f559a4b61cccbced7e6f306460f4f69614d01469', 'p8': 'noLocation', 'p3': 'te03', 'p6': '2017-01-31T09:08:48.000', 'p4': '2017-02-03T05:00:00', 'p5': '2017-02-03T06:00:00', 'p2': '9nl8n0l8m6nftrsacm9rvsco1k'}
2017-02-21 23:33:47 INFO: COMMIT
2017-02-21 23:33:47 DEBUG: event_id=>9m5k8ibhusmv86pr2osmpb9lvs
2017-02-21 23:33:47 INFO: INSERT INTO EVENT (event_hashkey,calendar_hashkey,event_id,summary,start_dt,end_dt,created_dt,updated_dt,location) VALUES (%(p0)s, %(p1)s, %(p2)s, %(p3)s, %(p4)s, %(p5)s, %(p6)s, %(p7)s, %(p8)s) 
2017-02-21 23:33:47 INFO: {'p7': '2017-01-31T09:10:09.571', 'p3': 'te4', 'p0': '8752bdae521c55c6a97995a45ef3776a9e387639abc2159901f7167f', 'p8': 'noLocation', 'p6': '2017-01-31T09:10:09.000', 'p4': '2017-02-03T14:00:00', 'p1': 'a92a0acc37e20786fdf3ec07cb00f4cf90ab759f773c13d4f576cb1f', 'p5': '2017-02-03T15:00:00', 'p2': '9m5k8ibhusmv86pr2osmpb9lvs'}
2017-02-21 23:33:47 INFO: COMMIT
2017-02-21 23:33:47 DEBUG: event_id=>2f3rd5nh3jgi2tn2vvhjbjuau4
2017-02-21 23:33:47 INFO: INSERT INTO EVENT (event_hashkey,calendar_hashkey,event_id,summary,start_dt,end_dt,created_dt,updated_dt,location) VALUES (%(p0)s, %(p1)s, %(p2)s, %(p3)s, %(p4)s, %(p5)s, %(p6)s, %(p7)s, %(p8)s) 
2017-02-21 23:33:47 INFO: {'p1': 'a92a0acc37e20786fdf3ec07cb00f4cf90ab759f773c13d4f576cb1f', 'p7': '2017-01-31T09:10:51.387', 'p0': 'ead0a0e5ea4155bba86fecbe633caaa219487f7c8d8d206d0fabdc8b', 'p8': 'noLocation', 'p3': 'te', 'p6': '2017-01-31T09:10:51.000', 'p4': '2017-02-03T15:30:00', 'p5': '2017-02-03T16:30:00', 'p2': '2f3rd5nh3jgi2tn2vvhjbjuau4'}
2017-02-21 23:33:47 INFO: COMMIT
2017-02-21 23:33:47 DEBUG: event_id=>c58soni9uirpj5vbeba798qokk
2017-02-21 23:33:47 INFO: INSERT INTO EVENT (event_hashkey,calendar_hashkey,event_id,summary,start_dt,end_dt,created_dt,updated_dt,location) VALUES (%(p0)s, %(p1)s, %(p2)s, %(p3)s, %(p4)s, %(p5)s, %(p6)s, %(p7)s, %(p8)s) 
2017-02-21 23:33:47 INFO: {'p7': '2017-01-31T09:12:48.022', 'p1': 'a92a0acc37e20786fdf3ec07cb00f4cf90ab759f773c13d4f576cb1f', 'p4': '2017-02-03T17:00:00', 'p8': 'noLocation', 'p3': 'te6->te8->99', 'p6': '2017-01-31T09:11:53.000', 'p0': 'd77fc9cc5050c1283e5215d17cdaeecdafbab1eb587391ffd2899d25', 'p5': '2017-02-03T18:00:00', 'p2': 'c58soni9uirpj5vbeba798qokk'}
2017-02-21 23:33:47 INFO: COMMIT
2017-02-21 23:33:47 DEBUG: event_id=>44m9i51dqjg8lt47g02vuav9rc
2017-02-21 23:33:47 INFO: INSERT INTO EVENT (event_hashkey,calendar_hashkey,event_id,summary,start_dt,end_dt,created_dt,updated_dt,location) VALUES (%(p0)s, %(p1)s, %(p2)s, %(p3)s, %(p4)s, %(p5)s, %(p6)s, %(p7)s, %(p8)s) 
2017-02-21 23:33:47 INFO: {'p3': 'te10', 'p1': 'a92a0acc37e20786fdf3ec07cb00f4cf90ab759f773c13d4f576cb1f', 'p4': '2017-02-03T18:30:00', 'p7': '2017-01-31T09:20:50.987', 'p6': '2017-01-31T09:20:50.000', 'p8': 'noLocation', 'p0': 'cb818dfd923224c616be3b509b22893b7938c8270f03870a97ce8f5c', 'p5': '2017-02-03T19:30:00', 'p2': '44m9i51dqjg8lt47g02vuav9rc'}
2017-02-21 23:33:47 INFO: COMMIT
2017-02-21 23:33:47 DEBUG: sync==>CMjb_83h-dECEMjb_83h-dECGAU=
2017-02-21 23:33:47 INFO: INSERT INTO SYNC (calendar_hashkey,sync_token,ctime) VALUES (%(p0)s, %(p1)s, now()) 
2017-02-21 23:33:47 INFO: {'p1': 'CMjb_83h-dECEMjb_83h-dECGAU=', 'p0': 'a92a0acc37e20786fdf3ec07cb00f4cf90ab759f773c13d4f576cb1f'}
2017-02-21 23:33:47 INFO: COMMIT
2017-02-21 23:33:47 INFO: UPDATE CALENDAR SET google_push_complete = 2 WHERE google_channel_id = %(p0)s
2017-02-21 23:33:47 INFO: {'p0': '6a5e8603e67799586a22e08529837fd82a2c83880271d4c8de55d613'}
2017-02-21 23:33:47 INFO: COMMIT
2017-02-21 23:33:47 INFO: SELECT * from CALENDAR where account_hashkey = %(p0)s AND google_push_complete > 0
2017-02-21 23:33:47 INFO: {'p0': '121b24aa0f5d4272db80dcd9052742dc4aa14af68373a9a5a62ad82f'}
2017-02-21 23:33:47 INFO: COMMIT
2017-02-21 23:33:47 DEBUG: calendarSync =>2
2017-02-21 23:33:47 DEBUG: calendarSync =>[{'caldav_calendar_url': None, 'caldav_ctag': None, 'calendar_name': '유니톤', 'google_synctoken': None, 'calendar_hashkey': '0a56cd9e3d78e1cc095c2db10203c546e76e48aabd6752e867abe954', 'calendar_id': '6bku0pgm84k5h5a4bcoahntp78@group.calendar.google.com', 'google_channel_id': '23a1221e27c0c8f1657025682facac34b39ac37eae18c5149ce208c3', 'google_push_complete': 2, 'account_hashkey': '121b24aa0f5d4272db80dcd9052742dc4aa14af68373a9a5a62ad82f'}, {'caldav_calendar_url': None, 'caldav_ctag': None, 'calendar_name': 'test', 'google_synctoken': None, 'calendar_hashkey': 'a92a0acc37e20786fdf3ec07cb00f4cf90ab759f773c13d4f576cb1f', 'calendar_id': 'm8am4m7vmd27251vlnkai28tv8@group.calendar.google.com', 'google_channel_id': '6a5e8603e67799586a22e08529837fd82a2c83880271d4c8de55d613', 'google_push_complete': 2, 'account_hashkey': '121b24aa0f5d4272db80dcd9052742dc4aa14af68373a9a5a62ad82f'}, {'caldav_calendar_url': None, 'caldav_ctag': None, 'calendar_name': 'cpg0504@gmail.com', 'google_synctoken': None, 'calendar_hashkey': 'bfe3480c04d79caba89bfd815c45d15448d4b8b37ab5ddd379452e18', 'calendar_id': 'cpg0504@gmail.com', 'google_channel_id': '8f35472148545fa4ab42ff13f4f04bf506f0489d46656d19bb1e7724', 'google_push_complete': 2, 'account_hashkey': '121b24aa0f5d4272db80dcd9052742dc4aa14af68373a9a5a62ad82f'}]
2017-02-21 23:33:47 INFO: sync success
2017-02-21 23:33:47 INFO: INSERT INTO SYNC_END (account_hashkey) VALUES (%(p0)s) 
2017-02-21 23:33:47 INFO: {'p0': '121b24aa0f5d4272db80dcd9052742dc4aa14af68373a9a5a62ad82f'}
2017-02-21 23:33:47 INFO: ROLLBACK
2017-02-21 23:33:47 INFO: 66.249.88.2 - - [21/Feb/2017 23:33:47] "POST /v1.0/sync/watchReciver HTTP/1.1" 200 -
2017-02-21 23:34:13 INFO: watch
2017-02-21 23:34:13 INFO: X-Goog-Resource-State: sync
User-Agent: APIs-Google; (+https://developers.google.com/webmasters/APIs-Google.html)
Connection: Keep-alive
Content-Type: 
X-Goog-Channel-Expiration: Tue, 28 Feb 2017 14:31:35 GMT
Content-Length: 0
Accept-Encoding: gzip,deflate,br
Host: ssoma.xyz:55566
X-Goog-Message-Number: 1
X-Goog-Channel-Id: 90390f963694bf9aca65f36b411578d160dc2a2a0c1082f3f7a79c8f
Accept: */*
X-Goog-Resource-Id: ZzM7FdYxboLGRZbXRm-zz-fQSsI
X-Goog-Resource-Uri: https://www.googleapis.com/calendar/v3/calendars/6bku0pgm84k5h5a4bcoahntp78@group.calendar.google.com/events?maxResults=250&alt=json


2017-02-21 23:34:13 INFO: SELECT access_token,CALENDAR.account_hashkey from CALENDAR INNER JOIN USERACCOUNT on CALENDAR.account_hashkey = USERACCOUNT.account_hashkey WHERE CALENDAR.google_channel_id = %(p0)s
2017-02-21 23:34:13 INFO: {'p0': '90390f963694bf9aca65f36b411578d160dc2a2a0c1082f3f7a79c8f'}
2017-02-21 23:34:13 INFO: COMMIT
2017-02-21 23:34:13 INFO: SELECT * FROM CALENDAR WHERE google_channel_id = %(p0)s
2017-02-21 23:34:13 INFO: {'p0': '90390f963694bf9aca65f36b411578d160dc2a2a0c1082f3f7a79c8f'}
2017-02-21 23:34:13 INFO: COMMIT
2017-02-21 23:34:13 DEBUG: calender id =>[]
2017-02-21 23:34:13 DEBUG: no Event
2017-02-21 23:34:13 INFO: UPDATE CALENDAR SET google_push_complete = 2 WHERE google_channel_id = %(p0)s
2017-02-21 23:34:13 INFO: {'p0': '90390f963694bf9aca65f36b411578d160dc2a2a0c1082f3f7a79c8f'}
2017-02-21 23:34:13 INFO: COMMIT
2017-02-21 23:34:13 INFO: 66.249.84.222 - - [21/Feb/2017 23:34:13] "POST /v1.0/sync/watchReciver HTTP/1.1" 200 -
2017-02-21 23:36:16 INFO: watch
2017-02-21 23:36:16 INFO: X-Goog-Resource-State: sync
User-Agent: APIs-Google; (+https://developers.google.com/webmasters/APIs-Google.html)
Connection: Keep-alive
Content-Type: 
X-Goog-Channel-Expiration: Tue, 28 Feb 2017 13:19:11 GMT
Content-Length: 0
Accept-Encoding: gzip,deflate,br
Host: ssoma.xyz:55566
X-Goog-Message-Number: 1
X-Goog-Channel-Id: 617d9bda03053877ee684272853f7024f354f4db8e696fa9b49bdf14
Accept: */*
X-Goog-Resource-Id: 5yZorsH36T2RLOYpixKfLTi1HkA
X-Goog-Resource-Uri: https://www.googleapis.com/calendar/v3/calendars/m8am4m7vmd27251vlnkai28tv8@group.calendar.google.com/events?maxResults=250&alt=json


2017-02-21 23:36:16 INFO: SELECT access_token,CALENDAR.account_hashkey from CALENDAR INNER JOIN USERACCOUNT on CALENDAR.account_hashkey = USERACCOUNT.account_hashkey WHERE CALENDAR.google_channel_id = %(p0)s
2017-02-21 23:36:16 INFO: {'p0': '617d9bda03053877ee684272853f7024f354f4db8e696fa9b49bdf14'}
2017-02-21 23:36:16 INFO: COMMIT
2017-02-21 23:36:16 INFO: SELECT * FROM CALENDAR WHERE google_channel_id = %(p0)s
2017-02-21 23:36:16 INFO: {'p0': '617d9bda03053877ee684272853f7024f354f4db8e696fa9b49bdf14'}
2017-02-21 23:36:16 INFO: COMMIT
2017-02-21 23:36:16 DEBUG: calender id =>[]
2017-02-21 23:36:16 DEBUG: no Event
2017-02-21 23:36:16 INFO: UPDATE CALENDAR SET google_push_complete = 2 WHERE google_channel_id = %(p0)s
2017-02-21 23:36:16 INFO: {'p0': '617d9bda03053877ee684272853f7024f354f4db8e696fa9b49bdf14'}
2017-02-21 23:36:16 INFO: COMMIT
2017-02-21 23:36:16 INFO: 66.249.85.156 - - [21/Feb/2017 23:36:16] "POST /v1.0/sync/watchReciver HTTP/1.1" 200 -
2017-02-21 23:39:48 INFO: watch
2017-02-21 23:39:48 INFO: X-Goog-Resource-State: sync
User-Agent: APIs-Google; (+https://developers.google.com/webmasters/APIs-Google.html)
Connection: Keep-alive
Content-Type: 
X-Goog-Channel-Expiration: Tue, 28 Feb 2017 13:19:02 GMT
Content-Length: 0
Accept-Encoding: gzip,deflate,br
Host: ssoma.xyz:55566
X-Goog-Message-Number: 1
X-Goog-Channel-Id: 8cf7d87f33a0ecba1f85bb63018b4dea7151c12e13f2cf90a1bf8729
Accept: */*
X-Goog-Resource-Id: ys7KYKezacLOGhMhcOqVHeR2W28
X-Goog-Resource-Uri: https://www.googleapis.com/calendar/v3/calendars/cpg0504@gmail.com/events?maxResults=250&alt=json


2017-02-21 23:39:48 INFO: SELECT access_token,CALENDAR.account_hashkey from CALENDAR INNER JOIN USERACCOUNT on CALENDAR.account_hashkey = USERACCOUNT.account_hashkey WHERE CALENDAR.google_channel_id = %(p0)s
2017-02-21 23:39:48 INFO: {'p0': '8cf7d87f33a0ecba1f85bb63018b4dea7151c12e13f2cf90a1bf8729'}
2017-02-21 23:39:48 INFO: COMMIT
2017-02-21 23:39:48 INFO: SELECT * FROM CALENDAR WHERE google_channel_id = %(p0)s
2017-02-21 23:39:48 INFO: {'p0': '8cf7d87f33a0ecba1f85bb63018b4dea7151c12e13f2cf90a1bf8729'}
2017-02-21 23:39:48 INFO: COMMIT
2017-02-21 23:39:48 DEBUG: calender id =>[]
2017-02-21 23:39:48 DEBUG: no Event
2017-02-21 23:39:48 INFO: UPDATE CALENDAR SET google_push_complete = 2 WHERE google_channel_id = %(p0)s
2017-02-21 23:39:48 INFO: {'p0': '8cf7d87f33a0ecba1f85bb63018b4dea7151c12e13f2cf90a1bf8729'}
2017-02-21 23:39:48 INFO: COMMIT
2017-02-21 23:39:48 INFO: 66.249.84.222 - - [21/Feb/2017 23:39:48] "POST /v1.0/sync/watchReciver HTTP/1.1" 200 -
2017-02-21 23:42:14 INFO: watch
2017-02-21 23:42:14 INFO: X-Goog-Resource-State: sync
User-Agent: APIs-Google; (+https://developers.google.com/webmasters/APIs-Google.html)
Connection: Keep-alive
Content-Type: 
X-Goog-Channel-Expiration: Tue, 28 Feb 2017 13:19:06 GMT
Content-Length: 0
Accept-Encoding: gzip,deflate,br
Host: ssoma.xyz:55566
X-Goog-Message-Number: 1
X-Goog-Channel-Id: 509be32c56138e37f89f8db378a7785816ea12a07b9e79510fb7e3c7
Accept: */*
X-Goog-Resource-Id: ZzM7FdYxboLGRZbXRm-zz-fQSsI
X-Goog-Resource-Uri: https://www.googleapis.com/calendar/v3/calendars/6bku0pgm84k5h5a4bcoahntp78@group.calendar.google.com/events?maxResults=250&alt=json


2017-02-21 23:42:14 INFO: Connection <pymysql.connections.Connection object at 0x7f55b036e470> exceeded timeout; recycling
2017-02-21 23:42:14 INFO: SELECT access_token,CALENDAR.account_hashkey from CALENDAR INNER JOIN USERACCOUNT on CALENDAR.account_hashkey = USERACCOUNT.account_hashkey WHERE CALENDAR.google_channel_id = %(p0)s
2017-02-21 23:42:14 INFO: {'p0': '509be32c56138e37f89f8db378a7785816ea12a07b9e79510fb7e3c7'}
2017-02-21 23:42:14 INFO: COMMIT
2017-02-21 23:42:14 INFO: SELECT * FROM CALENDAR WHERE google_channel_id = %(p0)s
2017-02-21 23:42:14 INFO: {'p0': '509be32c56138e37f89f8db378a7785816ea12a07b9e79510fb7e3c7'}
2017-02-21 23:42:14 INFO: COMMIT
2017-02-21 23:42:14 DEBUG: calender id =>[]
2017-02-21 23:42:14 DEBUG: no Event
2017-02-21 23:42:14 INFO: UPDATE CALENDAR SET google_push_complete = 2 WHERE google_channel_id = %(p0)s
2017-02-21 23:42:14 INFO: {'p0': '509be32c56138e37f89f8db378a7785816ea12a07b9e79510fb7e3c7'}
2017-02-21 23:42:14 INFO: COMMIT
2017-02-21 23:42:14 INFO: 66.102.6.12 - - [21/Feb/2017 23:42:14] "POST /v1.0/sync/watchReciver HTTP/1.1" 200 -
